

  2.1.2.1: When fulfilled, a promise: must not transition to any other state.
    ✓ already-fulfilled
    ✓ immediately-fulfilled
    ✓ eventually-fulfilled
    ✓ trying to fulfill then immediately reject
    ✓ trying to fulfill then reject, delayed
    ✓ trying to fulfill immediately then reject delayed

  2.1.3.1: When rejected, a promise: must not transition to any other state.
    ✓ already-rejected
    ✓ immediately-rejected
    ✓ eventually-rejected
    ✓ trying to reject then immediately fulfill
    ✓ trying to reject then fulfill, delayed
    ✓ trying to reject immediately then fulfill delayed

  2.2.1: Both `onFulfilled` and `onRejected` are optional arguments.
    2.2.1.1: If `onFulfilled` is not a function, it must be ignored.
      applied to a directly-rejected promise
        ✓ `onFulfilled` is `undefined`
        ✓ `onFulfilled` is `null`
        ✓ `onFulfilled` is `false`
        ✓ `onFulfilled` is `5`
        ✓ `onFulfilled` is an object
      applied to a promise rejected and then chained off of
        ✓ `onFulfilled` is `undefined`
        ✓ `onFulfilled` is `null`
        ✓ `onFulfilled` is `false`
        ✓ `onFulfilled` is `5`
        ✓ `onFulfilled` is an object
    2.2.1.2: If `onRejected` is not a function, it must be ignored.
      applied to a directly-fulfilled promise
        ✓ `onRejected` is `undefined`
        ✓ `onRejected` is `null`
        ✓ `onRejected` is `false`
        ✓ `onRejected` is `5`
        ✓ `onRejected` is an object
      applied to a promise fulfilled and then chained off of
        1) `onFulfilled` is `undefined`
        2) `onFulfilled` is `null`
        3) `onFulfilled` is `false`
        4) `onFulfilled` is `5`
        5) `onFulfilled` is an object

  2.2.2: If `onFulfilled` is a function,
    2.2.2.1: it must be called after `promise` is fulfilled, with `promise`’s fulfillment value as its first argument.
      ✓ already-fulfilled
      ✓ immediately-fulfilled
      ✓ eventually-fulfilled
    2.2.2.2: it must not be called before `promise` is fulfilled
      6) fulfilled after a delay
      ✓ never fulfilled
    2.2.2.3: it must not be called more than once.
      ✓ already-fulfilled
      ✓ trying to fulfill a pending promise more than once, immediately
      ✓ trying to fulfill a pending promise more than once, delayed
      ✓ trying to fulfill a pending promise more than once, immediately then delayed
      ✓ when multiple `then` calls are made, spaced apart in time
      ✓ when `then` is interleaved with fulfillment

  2.2.3: If `onRejected` is a function,
    2.2.3.1: it must be called after `promise` is rejected, with `promise`’s rejection reason as its first argument.
      ✓ already-rejected
      ✓ immediately-rejected
      ✓ eventually-rejected
    2.2.3.2: it must not be called before `promise` is rejected
      7) rejected after a delay
      ✓ never rejected
    2.2.3.3: it must not be called more than once.
      ✓ already-rejected
      ✓ trying to reject a pending promise more than once, immediately
      ✓ trying to reject a pending promise more than once, delayed
      ✓ trying to reject a pending promise more than once, immediately then delayed
      ✓ when multiple `then` calls are made, spaced apart in time
      ✓ when `then` is interleaved with rejection

  2.2.4: `onFulfilled` or `onRejected` must not be called until the execution context stack contains only platform code.
    `then` returns before the promise becomes fulfilled or rejected
      8) already-fulfilled
      ✓ immediately-fulfilled
      ✓ eventually-fulfilled
      9) already-rejected
      ✓ immediately-rejected
      ✓ eventually-rejected
    Clean-stack execution ordering tests (fulfillment case)
      10) when `onFulfilled` is added immediately before the promise is fulfilled
      11) when `onFulfilled` is added immediately after the promise is fulfilled
      12) when one `onFulfilled` is added inside another `onFulfilled`
      13) when `onFulfilled` is added inside an `onRejected`
      14) when the promise is fulfilled asynchronously
    Clean-stack execution ordering tests (rejection case)
      15) when `onRejected` is added immediately before the promise is rejected
      16) when `onRejected` is added immediately after the promise is rejected
      17) when `onRejected` is added inside an `onFulfilled`
      18) when one `onRejected` is added inside another `onRejected`
      19) when the promise is rejected asynchronously

  2.2.5 `onFulfilled` and `onRejected` must be called as functions (i.e. with no `this` value).
    strict mode
      ✓ fulfilled
      ✓ rejected
    sloppy mode
      ✓ fulfilled
      ✓ rejected

  2.2.6: `then` may be called multiple times on the same promise.
    2.2.6.1: If/when `promise` is fulfilled, all respective `onFulfilled` callbacks must execute in the order of their originating calls to `then`.
      multiple boring fulfillment handlers
        ✓ already-fulfilled
        ✓ immediately-fulfilled
        ✓ eventually-fulfilled
      multiple fulfillment handlers, one of which throws
        ✓ already-fulfilled
        ✓ immediately-fulfilled
        ✓ eventually-fulfilled
      results in multiple branching chains with their own fulfillment values
        20) already-fulfilled
        21) immediately-fulfilled
        22) eventually-fulfilled
      `onFulfilled` handlers are called in the original order
        ✓ already-fulfilled
        ✓ immediately-fulfilled
        ✓ eventually-fulfilled
        even when one handler is added inside another handler
          23) already-fulfilled
          ✓ immediately-fulfilled
          ✓ eventually-fulfilled
    2.2.6.2: If/when `promise` is rejected, all respective `onRejected` callbacks must execute in the order of their originating calls to `then`.
      multiple boring rejection handlers
        ✓ already-rejected
        ✓ immediately-rejected
        ✓ eventually-rejected
      multiple rejection handlers, one of which throws
        ✓ already-rejected
        ✓ immediately-rejected
        ✓ eventually-rejected
      results in multiple branching chains with their own fulfillment values
        24) already-rejected
        25) immediately-rejected
        26) eventually-rejected
      `onRejected` handlers are called in the original order
        ✓ already-rejected
        ✓ immediately-rejected
        ✓ eventually-rejected
        even when one handler is added inside another handler
          27) already-rejected
          ✓ immediately-rejected
          ✓ eventually-rejected

  2.2.7: `then` must return a promise: `promise2 = promise1.then(onFulfilled, onRejected)`
    ✓ is a promise
    2.2.7.1: If either `onFulfilled` or `onRejected` returns a value `x`, run the Promise Resolution Procedure `[[Resolve]](promise2, x)`
      ✓ see separate 3.3 tests
    2.2.7.2: If either `onFulfilled` or `onRejected` throws an exception `e`, `promise2` must be rejected with `e` as the reason.
      The reason is `undefined`
        ✓ already-fulfilled
        ✓ immediately-fulfilled
        ✓ eventually-fulfilled
        ✓ already-rejected
        ✓ immediately-rejected
        ✓ eventually-rejected
      The reason is `null`
        ✓ already-fulfilled
        ✓ immediately-fulfilled
        ✓ eventually-fulfilled
        ✓ already-rejected
        ✓ immediately-rejected
        ✓ eventually-rejected
      The reason is `false`
        ✓ already-fulfilled
        ✓ immediately-fulfilled
        ✓ eventually-fulfilled
        ✓ already-rejected
        ✓ immediately-rejected
        ✓ eventually-rejected
      The reason is `0`
        ✓ already-fulfilled
        ✓ immediately-fulfilled
        ✓ eventually-fulfilled
        ✓ already-rejected
        ✓ immediately-rejected
        ✓ eventually-rejected
      The reason is an error
        ✓ already-fulfilled
        ✓ immediately-fulfilled
        ✓ eventually-fulfilled
        ✓ already-rejected
        ✓ immediately-rejected
        ✓ eventually-rejected
      The reason is an error without a stack
        ✓ already-fulfilled
        ✓ immediately-fulfilled
        ✓ eventually-fulfilled
        ✓ already-rejected
        ✓ immediately-rejected
        ✓ eventually-rejected
      The reason is a date
        ✓ already-fulfilled
        ✓ immediately-fulfilled
        ✓ eventually-fulfilled
        ✓ already-rejected
        ✓ immediately-rejected
        ✓ eventually-rejected
      The reason is an object
        ✓ already-fulfilled
        ✓ immediately-fulfilled
        ✓ eventually-fulfilled
        ✓ already-rejected
        ✓ immediately-rejected
        ✓ eventually-rejected
      The reason is an always-pending thenable
        ✓ already-fulfilled
        ✓ immediately-fulfilled
        ✓ eventually-fulfilled
        ✓ already-rejected
        ✓ immediately-rejected
        ✓ eventually-rejected
      The reason is a fulfilled promise
        ✓ already-fulfilled
        ✓ immediately-fulfilled
        ✓ eventually-fulfilled
        ✓ already-rejected
        ✓ immediately-rejected
        ✓ eventually-rejected
      The reason is a rejected promise
        ✓ already-fulfilled
        ✓ immediately-fulfilled
        ✓ eventually-fulfilled
        ✓ already-rejected
        ✓ immediately-rejected
        ✓ eventually-rejected
    2.2.7.3: If `onFulfilled` is not a function and `promise1` is fulfilled, `promise2` must be fulfilled with the same value.
      `onFulfilled` is `undefined`
        28) already-fulfilled
        29) immediately-fulfilled
        30) eventually-fulfilled
      `onFulfilled` is `null`
        31) already-fulfilled
        32) immediately-fulfilled
        33) eventually-fulfilled
      `onFulfilled` is `false`
        34) already-fulfilled
        35) immediately-fulfilled
        36) eventually-fulfilled
      `onFulfilled` is `5`
        37) already-fulfilled
        38) immediately-fulfilled
        39) eventually-fulfilled
      `onFulfilled` is an object
        40) already-fulfilled
        41) immediately-fulfilled
        42) eventually-fulfilled
      `onFulfilled` is an array containing a function
        43) already-fulfilled
        44) immediately-fulfilled
        45) eventually-fulfilled
    2.2.7.4: If `onRejected` is not a function and `promise1` is rejected, `promise2` must be rejected with the same reason.
      `onRejected` is `undefined`
        46) already-rejected
        47) immediately-rejected
        48) eventually-rejected
      `onRejected` is `null`
        49) already-rejected
        50) immediately-rejected
        51) eventually-rejected
      `onRejected` is `false`
        52) already-rejected
        53) immediately-rejected
        54) eventually-rejected
      `onRejected` is `5`
        55) already-rejected
        56) immediately-rejected
        57) eventually-rejected
      `onRejected` is an object
        58) already-rejected
        59) immediately-rejected
        60) eventually-rejected
      `onRejected` is an array containing a function
        61) already-rejected
        62) immediately-rejected
        63) eventually-rejected

  2.3.1: If `promise` and `x` refer to the same object, reject `promise` with a `TypeError' as the reason.
    64) via return from a fulfilled promise
    65) via return from a rejected promise

  2.3.2: If `x` is a promise, adopt its state
    2.3.2.1: If `x` is pending, `promise` must remain pending until `x` is fulfilled or rejected.
      ✓ via return from a fulfilled promise
      ✓ via return from a rejected promise
    2.3.2.2: If/when `x` is fulfilled, fulfill `promise` with the same value.
      `x` is already-fulfilled
        ✓ via return from a fulfilled promise
        ✓ via return from a rejected promise
      `x` is eventually-fulfilled
        ✓ via return from a fulfilled promise
        ✓ via return from a rejected promise
    2.3.2.3: If/when `x` is rejected, reject `promise` with the same reason.
      `x` is already-rejected
        ✓ via return from a fulfilled promise
        ✓ via return from a rejected promise
      `x` is eventually-rejected
        ✓ via return from a fulfilled promise
        ✓ via return from a rejected promise

  2.3.3: Otherwise, if `x` is an object or function,
    2.3.3.1: Let `then` be `x.then`
      `x` is an object with null prototype
        66) via return from a fulfilled promise
        67) via return from a rejected promise
      `x` is an object with normal Object.prototype
        68) via return from a fulfilled promise
        69) via return from a rejected promise
      `x` is a function
        70) via return from a fulfilled promise
        71) via return from a rejected promise
    2.3.3.2: If retrieving the property `x.then` results in a thrown exception `e`, reject `promise` with `e` as the reason.
      `e` is `undefined`
        72) via return from a fulfilled promise
        73) via return from a rejected promise
      `e` is `null`
        74) via return from a fulfilled promise
        75) via return from a rejected promise
      `e` is `false`
        76) via return from a fulfilled promise
        77) via return from a rejected promise
      `e` is `0`
        78) via return from a fulfilled promise
        79) via return from a rejected promise
      `e` is an error
        80) via return from a fulfilled promise
        81) via return from a rejected promise
      `e` is an error without a stack
        82) via return from a fulfilled promise
        83) via return from a rejected promise
      `e` is a date
        84) via return from a fulfilled promise
        85) via return from a rejected promise
      `e` is an object
        86) via return from a fulfilled promise
        87) via return from a rejected promise
      `e` is an always-pending thenable
        88) via return from a fulfilled promise
        89) via return from a rejected promise
      `e` is a fulfilled promise
        90) via return from a fulfilled promise
        91) via return from a rejected promise
      `e` is a rejected promise
        92) via return from a fulfilled promise
        93) via return from a rejected promise
    2.3.3.3: If `then` is a function, call it with `x` as `this`, first argument `resolvePromise`, and second argument `rejectPromise`
      Calls with `x` as `this` and two function arguments
        ✓ via return from a fulfilled promise
        ✓ via return from a rejected promise
      Uses the original value of `then`
        ✓ via return from a fulfilled promise
        ✓ via return from a rejected promise
      2.3.3.3.1: If/when `resolvePromise` is called with value `y`, run `[[Resolve]](promise, y)`
        `y` is not a thenable
          `y` is `undefined`
            `then` calls `resolvePromise` synchronously
              ✓ via return from a fulfilled promise
              ✓ via return from a rejected promise
            `then` calls `resolvePromise` asynchronously
              ✓ via return from a fulfilled promise
              ✓ via return from a rejected promise
          `y` is `null`
            `then` calls `resolvePromise` synchronously
              94) via return from a fulfilled promise
              95) via return from a rejected promise
            `then` calls `resolvePromise` asynchronously
              96) via return from a fulfilled promise
              97) via return from a rejected promise
          `y` is `false`
            `then` calls `resolvePromise` synchronously
              98) via return from a fulfilled promise
              99) via return from a rejected promise
            `then` calls `resolvePromise` asynchronously
              100) via return from a fulfilled promise
              101) via return from a rejected promise
          `y` is `5`
            `then` calls `resolvePromise` synchronously
              102) via return from a fulfilled promise
              103) via return from a rejected promise
            `then` calls `resolvePromise` asynchronously
              104) via return from a fulfilled promise
              105) via return from a rejected promise
          `y` is an object
            `then` calls `resolvePromise` synchronously
              106) via return from a fulfilled promise
              107) via return from a rejected promise
            `then` calls `resolvePromise` asynchronously
              108) via return from a fulfilled promise
              109) via return from a rejected promise
          `y` is an array
            `then` calls `resolvePromise` synchronously
              110) via return from a fulfilled promise
              111) via return from a rejected promise
            `then` calls `resolvePromise` asynchronously
              112) via return from a fulfilled promise
              113) via return from a rejected promise
        `y` is a thenable
          `y` is a synchronously-fulfilled custom thenable
            `then` calls `resolvePromise` synchronously
              114) via return from a fulfilled promise
              115) via return from a rejected promise
            `then` calls `resolvePromise` asynchronously
              116) via return from a fulfilled promise
              117) via return from a rejected promise
          `y` is an asynchronously-fulfilled custom thenable
            `then` calls `resolvePromise` synchronously
              118) via return from a fulfilled promise
              119) via return from a rejected promise
            `then` calls `resolvePromise` asynchronously
              120) via return from a fulfilled promise
              121) via return from a rejected promise
          `y` is a synchronously-fulfilled one-time thenable
            `then` calls `resolvePromise` synchronously
              122) via return from a fulfilled promise
              123) via return from a rejected promise
            `then` calls `resolvePromise` asynchronously
              124) via return from a fulfilled promise
              125) via return from a rejected promise
          `y` is a thenable that tries to fulfill twice
            `then` calls `resolvePromise` synchronously
              126) via return from a fulfilled promise
              127) via return from a rejected promise
            `then` calls `resolvePromise` asynchronously
              128) via return from a fulfilled promise
              129) via return from a rejected promise
          `y` is a thenable that fulfills but then throws
            `then` calls `resolvePromise` synchronously
              130) via return from a fulfilled promise
              131) via return from a rejected promise
            `then` calls `resolvePromise` asynchronously
              132) via return from a fulfilled promise
              133) via return from a rejected promise
          `y` is an already-fulfilled promise
            `then` calls `resolvePromise` synchronously
              134) via return from a fulfilled promise
              135) via return from a rejected promise
            `then` calls `resolvePromise` asynchronously
              136) via return from a fulfilled promise
              137) via return from a rejected promise
          `y` is an eventually-fulfilled promise
            `then` calls `resolvePromise` synchronously
              138) via return from a fulfilled promise
              139) via return from a rejected promise
            `then` calls `resolvePromise` asynchronously
              140) via return from a fulfilled promise
              141) via return from a rejected promise
          `y` is a synchronously-rejected custom thenable
            `then` calls `resolvePromise` synchronously
              142) via return from a fulfilled promise
              143) via return from a rejected promise
            `then` calls `resolvePromise` asynchronously
              144) via return from a fulfilled promise
              145) via return from a rejected promise
          `y` is an asynchronously-rejected custom thenable
            `then` calls `resolvePromise` synchronously
              146) via return from a fulfilled promise
              147) via return from a rejected promise
            `then` calls `resolvePromise` asynchronously
              148) via return from a fulfilled promise
              149) via return from a rejected promise
          `y` is a synchronously-rejected one-time thenable
            `then` calls `resolvePromise` synchronously
              150) via return from a fulfilled promise
              151) via return from a rejected promise
            `then` calls `resolvePromise` asynchronously
              152) via return from a fulfilled promise
              153) via return from a rejected promise
          `y` is a thenable that immediately throws in `then`
            `then` calls `resolvePromise` synchronously
              154) via return from a fulfilled promise
              155) via return from a rejected promise
            `then` calls `resolvePromise` asynchronously
              156) via return from a fulfilled promise
              157) via return from a rejected promise
          `y` is an object with a throwing `then` accessor
            `then` calls `resolvePromise` synchronously
              158) via return from a fulfilled promise
              159) via return from a rejected promise
            `then` calls `resolvePromise` asynchronously
              160) via return from a fulfilled promise
              161) via return from a rejected promise
          `y` is an already-rejected promise
            `then` calls `resolvePromise` synchronously
              162) via return from a fulfilled promise
              163) via return from a rejected promise
            `then` calls `resolvePromise` asynchronously
              164) via return from a fulfilled promise
              165) via return from a rejected promise
          `y` is an eventually-rejected promise
            `then` calls `resolvePromise` synchronously
              166) via return from a fulfilled promise
              167) via return from a rejected promise
            `then` calls `resolvePromise` asynchronously
              168) via return from a fulfilled promise
              169) via return from a rejected promise
        `y` is a thenable for a thenable
          `y` is a synchronously-fulfilled custom thenable for a synchronously-fulfilled custom thenable
            `then` calls `resolvePromise` synchronously
              170) via return from a fulfilled promise
              171) via return from a rejected promise
            `then` calls `resolvePromise` asynchronously
              172) via return from a fulfilled promise
              173) via return from a rejected promise
          `y` is a synchronously-fulfilled custom thenable for an asynchronously-fulfilled custom thenable
            `then` calls `resolvePromise` synchronously
              174) via return from a fulfilled promise
              175) via return from a rejected promise
            `then` calls `resolvePromise` asynchronously
              176) via return from a fulfilled promise
              177) via return from a rejected promise
          `y` is a synchronously-fulfilled custom thenable for a synchronously-fulfilled one-time thenable
            `then` calls `resolvePromise` synchronously
              178) via return from a fulfilled promise
              179) via return from a rejected promise
            `then` calls `resolvePromise` asynchronously
              180) via return from a fulfilled promise
              181) via return from a rejected promise
          `y` is a synchronously-fulfilled custom thenable for a thenable that tries to fulfill twice
            `then` calls `resolvePromise` synchronously
              182) via return from a fulfilled promise
              183) via return from a rejected promise
            `then` calls `resolvePromise` asynchronously
              184) via return from a fulfilled promise
              185) via return from a rejected promise
          `y` is a synchronously-fulfilled custom thenable for a thenable that fulfills but then throws
            `then` calls `resolvePromise` synchronously
              186) via return from a fulfilled promise
              187) via return from a rejected promise
            `then` calls `resolvePromise` asynchronously
              188) via return from a fulfilled promise
              189) via return from a rejected promise
          `y` is a synchronously-fulfilled custom thenable for an already-fulfilled promise
            `then` calls `resolvePromise` synchronously
              190) via return from a fulfilled promise
              191) via return from a rejected promise
            `then` calls `resolvePromise` asynchronously
              192) via return from a fulfilled promise
              193) via return from a rejected promise
          `y` is a synchronously-fulfilled custom thenable for an eventually-fulfilled promise
            `then` calls `resolvePromise` synchronously
              194) via return from a fulfilled promise
              195) via return from a rejected promise
            `then` calls `resolvePromise` asynchronously
              196) via return from a fulfilled promise
              197) via return from a rejected promise
          `y` is a synchronously-fulfilled custom thenable for a synchronously-rejected custom thenable
            `then` calls `resolvePromise` synchronously
              198) via return from a fulfilled promise
              199) via return from a rejected promise
            `then` calls `resolvePromise` asynchronously
              200) via return from a fulfilled promise
              201) via return from a rejected promise
          `y` is a synchronously-fulfilled custom thenable for an asynchronously-rejected custom thenable
            `then` calls `resolvePromise` synchronously
              202) via return from a fulfilled promise
              203) via return from a rejected promise
            `then` calls `resolvePromise` asynchronously
              204) via return from a fulfilled promise
              205) via return from a rejected promise
          `y` is a synchronously-fulfilled custom thenable for a synchronously-rejected one-time thenable
            `then` calls `resolvePromise` synchronously
              206) via return from a fulfilled promise
              207) via return from a rejected promise
            `then` calls `resolvePromise` asynchronously
              208) via return from a fulfilled promise
              209) via return from a rejected promise
          `y` is a synchronously-fulfilled custom thenable for a thenable that immediately throws in `then`
            `then` calls `resolvePromise` synchronously
              210) via return from a fulfilled promise
              211) via return from a rejected promise
            `then` calls `resolvePromise` asynchronously
              212) via return from a fulfilled promise
              213) via return from a rejected promise
          `y` is a synchronously-fulfilled custom thenable for an object with a throwing `then` accessor
            `then` calls `resolvePromise` synchronously
              214) via return from a fulfilled promise
              215) via return from a rejected promise
            `then` calls `resolvePromise` asynchronously
              216) via return from a fulfilled promise
              217) via return from a rejected promise
          `y` is a synchronously-fulfilled custom thenable for an already-rejected promise
            `then` calls `resolvePromise` synchronously
              218) via return from a fulfilled promise
              219) via return from a rejected promise
            `then` calls `resolvePromise` asynchronously
              220) via return from a fulfilled promise
              221) via return from a rejected promise
          `y` is a synchronously-fulfilled custom thenable for an eventually-rejected promise
            `then` calls `resolvePromise` synchronously
              222) via return from a fulfilled promise
              223) via return from a rejected promise
            `then` calls `resolvePromise` asynchronously
              224) via return from a fulfilled promise
              225) via return from a rejected promise
          `y` is an asynchronously-fulfilled custom thenable for a synchronously-fulfilled custom thenable
            `then` calls `resolvePromise` synchronously
              226) via return from a fulfilled promise
              227) via return from a rejected promise
            `then` calls `resolvePromise` asynchronously
              228) via return from a fulfilled promise
              229) via return from a rejected promise
          `y` is an asynchronously-fulfilled custom thenable for an asynchronously-fulfilled custom thenable
            `then` calls `resolvePromise` synchronously
              230) via return from a fulfilled promise
              231) via return from a rejected promise
            `then` calls `resolvePromise` asynchronously
              232) via return from a fulfilled promise
              233) via return from a rejected promise
          `y` is an asynchronously-fulfilled custom thenable for a synchronously-fulfilled one-time thenable
            `then` calls `resolvePromise` synchronously
              234) via return from a fulfilled promise
              235) via return from a rejected promise
            `then` calls `resolvePromise` asynchronously
              236) via return from a fulfilled promise
              237) via return from a rejected promise
          `y` is an asynchronously-fulfilled custom thenable for a thenable that tries to fulfill twice
            `then` calls `resolvePromise` synchronously
              238) via return from a fulfilled promise
              239) via return from a rejected promise
            `then` calls `resolvePromise` asynchronously
              240) via return from a fulfilled promise
              241) via return from a rejected promise
          `y` is an asynchronously-fulfilled custom thenable for a thenable that fulfills but then throws
            `then` calls `resolvePromise` synchronously
              242) via return from a fulfilled promise
              243) via return from a rejected promise
            `then` calls `resolvePromise` asynchronously
              244) via return from a fulfilled promise
              245) via return from a rejected promise
          `y` is an asynchronously-fulfilled custom thenable for an already-fulfilled promise
            `then` calls `resolvePromise` synchronously
              246) via return from a fulfilled promise
              247) via return from a rejected promise
            `then` calls `resolvePromise` asynchronously
              248) via return from a fulfilled promise
              249) via return from a rejected promise
          `y` is an asynchronously-fulfilled custom thenable for an eventually-fulfilled promise
            `then` calls `resolvePromise` synchronously
              250) via return from a fulfilled promise
              251) via return from a rejected promise
            `then` calls `resolvePromise` asynchronously
              252) via return from a fulfilled promise
              253) via return from a rejected promise
          `y` is an asynchronously-fulfilled custom thenable for a synchronously-rejected custom thenable
            `then` calls `resolvePromise` synchronously
              254) via return from a fulfilled promise
              255) via return from a rejected promise
            `then` calls `resolvePromise` asynchronously
              256) via return from a fulfilled promise
              257) via return from a rejected promise
          `y` is an asynchronously-fulfilled custom thenable for an asynchronously-rejected custom thenable
            `then` calls `resolvePromise` synchronously
              258) via return from a fulfilled promise
              259) via return from a rejected promise
            `then` calls `resolvePromise` asynchronously
              260) via return from a fulfilled promise
              261) via return from a rejected promise
          `y` is an asynchronously-fulfilled custom thenable for a synchronously-rejected one-time thenable
            `then` calls `resolvePromise` synchronously
              262) via return from a fulfilled promise
              263) via return from a rejected promise
            `then` calls `resolvePromise` asynchronously
              264) via return from a fulfilled promise
              265) via return from a rejected promise
          `y` is an asynchronously-fulfilled custom thenable for a thenable that immediately throws in `then`
            `then` calls `resolvePromise` synchronously
              266) via return from a fulfilled promise
              267) via return from a rejected promise
            `then` calls `resolvePromise` asynchronously
              268) via return from a fulfilled promise
              269) via return from a rejected promise
          `y` is an asynchronously-fulfilled custom thenable for an object with a throwing `then` accessor
            `then` calls `resolvePromise` synchronously
              270) via return from a fulfilled promise
              271) via return from a rejected promise
            `then` calls `resolvePromise` asynchronously
              272) via return from a fulfilled promise
              273) via return from a rejected promise
          `y` is an asynchronously-fulfilled custom thenable for an already-rejected promise
            `then` calls `resolvePromise` synchronously
              274) via return from a fulfilled promise
              275) via return from a rejected promise
            `then` calls `resolvePromise` asynchronously
              276) via return from a fulfilled promise
              277) via return from a rejected promise
          `y` is an asynchronously-fulfilled custom thenable for an eventually-rejected promise
            `then` calls `resolvePromise` synchronously
              278) via return from a fulfilled promise
              279) via return from a rejected promise
            `then` calls `resolvePromise` asynchronously
              280) via return from a fulfilled promise
              281) via return from a rejected promise
          `y` is a synchronously-fulfilled one-time thenable for a synchronously-fulfilled custom thenable
            `then` calls `resolvePromise` synchronously
              282) via return from a fulfilled promise
              283) via return from a rejected promise
            `then` calls `resolvePromise` asynchronously
              284) via return from a fulfilled promise
              285) via return from a rejected promise
          `y` is a synchronously-fulfilled one-time thenable for an asynchronously-fulfilled custom thenable
            `then` calls `resolvePromise` synchronously
              286) via return from a fulfilled promise
              287) via return from a rejected promise
            `then` calls `resolvePromise` asynchronously
              288) via return from a fulfilled promise
              289) via return from a rejected promise
          `y` is a synchronously-fulfilled one-time thenable for a synchronously-fulfilled one-time thenable
            `then` calls `resolvePromise` synchronously
              290) via return from a fulfilled promise
              291) via return from a rejected promise
            `then` calls `resolvePromise` asynchronously
              292) via return from a fulfilled promise
              293) via return from a rejected promise
          `y` is a synchronously-fulfilled one-time thenable for a thenable that tries to fulfill twice
            `then` calls `resolvePromise` synchronously
              294) via return from a fulfilled promise
              295) via return from a rejected promise
            `then` calls `resolvePromise` asynchronously
              296) via return from a fulfilled promise
              297) via return from a rejected promise
          `y` is a synchronously-fulfilled one-time thenable for a thenable that fulfills but then throws
            `then` calls `resolvePromise` synchronously
              298) via return from a fulfilled promise
              299) via return from a rejected promise
            `then` calls `resolvePromise` asynchronously
              300) via return from a fulfilled promise
              301) via return from a rejected promise
          `y` is a synchronously-fulfilled one-time thenable for an already-fulfilled promise
            `then` calls `resolvePromise` synchronously
              302) via return from a fulfilled promise
              303) via return from a rejected promise
            `then` calls `resolvePromise` asynchronously
              304) via return from a fulfilled promise
              305) via return from a rejected promise
          `y` is a synchronously-fulfilled one-time thenable for an eventually-fulfilled promise
            `then` calls `resolvePromise` synchronously
              306) via return from a fulfilled promise
              307) via return from a rejected promise
            `then` calls `resolvePromise` asynchronously
              308) via return from a fulfilled promise
              309) via return from a rejected promise
          `y` is a synchronously-fulfilled one-time thenable for a synchronously-rejected custom thenable
            `then` calls `resolvePromise` synchronously
              310) via return from a fulfilled promise
              311) via return from a rejected promise
            `then` calls `resolvePromise` asynchronously
              312) via return from a fulfilled promise
              313) via return from a rejected promise
          `y` is a synchronously-fulfilled one-time thenable for an asynchronously-rejected custom thenable
            `then` calls `resolvePromise` synchronously
              314) via return from a fulfilled promise
              315) via return from a rejected promise
            `then` calls `resolvePromise` asynchronously
              316) via return from a fulfilled promise
              317) via return from a rejected promise
          `y` is a synchronously-fulfilled one-time thenable for a synchronously-rejected one-time thenable
            `then` calls `resolvePromise` synchronously
              318) via return from a fulfilled promise
              319) via return from a rejected promise
            `then` calls `resolvePromise` asynchronously
              320) via return from a fulfilled promise
              321) via return from a rejected promise
          `y` is a synchronously-fulfilled one-time thenable for a thenable that immediately throws in `then`
            `then` calls `resolvePromise` synchronously
              322) via return from a fulfilled promise
              323) via return from a rejected promise
            `then` calls `resolvePromise` asynchronously
              324) via return from a fulfilled promise
              325) via return from a rejected promise
          `y` is a synchronously-fulfilled one-time thenable for an object with a throwing `then` accessor
            `then` calls `resolvePromise` synchronously
              326) via return from a fulfilled promise
              327) via return from a rejected promise
            `then` calls `resolvePromise` asynchronously
              328) via return from a fulfilled promise
              329) via return from a rejected promise
          `y` is a synchronously-fulfilled one-time thenable for an already-rejected promise
            `then` calls `resolvePromise` synchronously
              330) via return from a fulfilled promise
              331) via return from a rejected promise
            `then` calls `resolvePromise` asynchronously
              332) via return from a fulfilled promise
              333) via return from a rejected promise
          `y` is a synchronously-fulfilled one-time thenable for an eventually-rejected promise
            `then` calls `resolvePromise` synchronously
              334) via return from a fulfilled promise
              335) via return from a rejected promise
            `then` calls `resolvePromise` asynchronously
              336) via return from a fulfilled promise
              337) via return from a rejected promise
          `y` is a thenable that tries to fulfill twice for a synchronously-fulfilled custom thenable
            `then` calls `resolvePromise` synchronously
              338) via return from a fulfilled promise
              339) via return from a rejected promise
            `then` calls `resolvePromise` asynchronously
              340) via return from a fulfilled promise
              341) via return from a rejected promise
          `y` is a thenable that tries to fulfill twice for an asynchronously-fulfilled custom thenable
            `then` calls `resolvePromise` synchronously
              342) via return from a fulfilled promise
              343) via return from a rejected promise
            `then` calls `resolvePromise` asynchronously
              344) via return from a fulfilled promise
              345) via return from a rejected promise
          `y` is a thenable that tries to fulfill twice for a synchronously-fulfilled one-time thenable
            `then` calls `resolvePromise` synchronously
              346) via return from a fulfilled promise
              347) via return from a rejected promise
            `then` calls `resolvePromise` asynchronously
              348) via return from a fulfilled promise
              349) via return from a rejected promise
          `y` is a thenable that tries to fulfill twice for a thenable that tries to fulfill twice
            `then` calls `resolvePromise` synchronously
              350) via return from a fulfilled promise
              351) via return from a rejected promise
            `then` calls `resolvePromise` asynchronously
              352) via return from a fulfilled promise
              353) via return from a rejected promise
          `y` is a thenable that tries to fulfill twice for a thenable that fulfills but then throws
            `then` calls `resolvePromise` synchronously
              354) via return from a fulfilled promise
              355) via return from a rejected promise
            `then` calls `resolvePromise` asynchronously
              356) via return from a fulfilled promise
              357) via return from a rejected promise
          `y` is a thenable that tries to fulfill twice for an already-fulfilled promise
            `then` calls `resolvePromise` synchronously
              358) via return from a fulfilled promise
              359) via return from a rejected promise
            `then` calls `resolvePromise` asynchronously
              360) via return from a fulfilled promise
              361) via return from a rejected promise
          `y` is a thenable that tries to fulfill twice for an eventually-fulfilled promise
            `then` calls `resolvePromise` synchronously
              362) via return from a fulfilled promise
              363) via return from a rejected promise
            `then` calls `resolvePromise` asynchronously
              364) via return from a fulfilled promise
              365) via return from a rejected promise
          `y` is a thenable that tries to fulfill twice for a synchronously-rejected custom thenable
            `then` calls `resolvePromise` synchronously
              366) via return from a fulfilled promise
              367) via return from a rejected promise
            `then` calls `resolvePromise` asynchronously
              368) via return from a fulfilled promise
              369) via return from a rejected promise
          `y` is a thenable that tries to fulfill twice for an asynchronously-rejected custom thenable
            `then` calls `resolvePromise` synchronously
              370) via return from a fulfilled promise
              371) via return from a rejected promise
            `then` calls `resolvePromise` asynchronously
              372) via return from a fulfilled promise
              373) via return from a rejected promise
          `y` is a thenable that tries to fulfill twice for a synchronously-rejected one-time thenable
            `then` calls `resolvePromise` synchronously
              374) via return from a fulfilled promise
              375) via return from a rejected promise
            `then` calls `resolvePromise` asynchronously
              376) via return from a fulfilled promise
              377) via return from a rejected promise
          `y` is a thenable that tries to fulfill twice for a thenable that immediately throws in `then`
            `then` calls `resolvePromise` synchronously
              378) via return from a fulfilled promise
              379) via return from a rejected promise
            `then` calls `resolvePromise` asynchronously
              380) via return from a fulfilled promise
              381) via return from a rejected promise
          `y` is a thenable that tries to fulfill twice for an object with a throwing `then` accessor
            `then` calls `resolvePromise` synchronously
              382) via return from a fulfilled promise
              383) via return from a rejected promise
            `then` calls `resolvePromise` asynchronously
              384) via return from a fulfilled promise
              385) via return from a rejected promise
          `y` is a thenable that tries to fulfill twice for an already-rejected promise
            `then` calls `resolvePromise` synchronously
              386) via return from a fulfilled promise
              387) via return from a rejected promise
            `then` calls `resolvePromise` asynchronously
              388) via return from a fulfilled promise
              389) via return from a rejected promise
          `y` is a thenable that tries to fulfill twice for an eventually-rejected promise
            `then` calls `resolvePromise` synchronously
              390) via return from a fulfilled promise
              391) via return from a rejected promise
            `then` calls `resolvePromise` asynchronously
              392) via return from a fulfilled promise
              393) via return from a rejected promise
          `y` is a thenable that fulfills but then throws for a synchronously-fulfilled custom thenable
            `then` calls `resolvePromise` synchronously
              394) via return from a fulfilled promise
              395) via return from a rejected promise
            `then` calls `resolvePromise` asynchronously
              396) via return from a fulfilled promise
              397) via return from a rejected promise
          `y` is a thenable that fulfills but then throws for an asynchronously-fulfilled custom thenable
            `then` calls `resolvePromise` synchronously
              398) via return from a fulfilled promise
              399) via return from a rejected promise
            `then` calls `resolvePromise` asynchronously
              400) via return from a fulfilled promise
              401) via return from a rejected promise
          `y` is a thenable that fulfills but then throws for a synchronously-fulfilled one-time thenable
            `then` calls `resolvePromise` synchronously
              402) via return from a fulfilled promise
              403) via return from a rejected promise
            `then` calls `resolvePromise` asynchronously
              404) via return from a fulfilled promise
              405) via return from a rejected promise
          `y` is a thenable that fulfills but then throws for a thenable that tries to fulfill twice
            `then` calls `resolvePromise` synchronously
              406) via return from a fulfilled promise
              407) via return from a rejected promise
            `then` calls `resolvePromise` asynchronously
              408) via return from a fulfilled promise
              409) via return from a rejected promise
          `y` is a thenable that fulfills but then throws for a thenable that fulfills but then throws
            `then` calls `resolvePromise` synchronously
              410) via return from a fulfilled promise
              411) via return from a rejected promise
            `then` calls `resolvePromise` asynchronously
              412) via return from a fulfilled promise
              413) via return from a rejected promise
          `y` is a thenable that fulfills but then throws for an already-fulfilled promise
            `then` calls `resolvePromise` synchronously
              414) via return from a fulfilled promise
              415) via return from a rejected promise
            `then` calls `resolvePromise` asynchronously
              416) via return from a fulfilled promise
              417) via return from a rejected promise
          `y` is a thenable that fulfills but then throws for an eventually-fulfilled promise
            `then` calls `resolvePromise` synchronously
              418) via return from a fulfilled promise
              419) via return from a rejected promise
            `then` calls `resolvePromise` asynchronously
              420) via return from a fulfilled promise
              421) via return from a rejected promise
          `y` is a thenable that fulfills but then throws for a synchronously-rejected custom thenable
            `then` calls `resolvePromise` synchronously
              422) via return from a fulfilled promise
              423) via return from a rejected promise
            `then` calls `resolvePromise` asynchronously
              424) via return from a fulfilled promise
              425) via return from a rejected promise
          `y` is a thenable that fulfills but then throws for an asynchronously-rejected custom thenable
            `then` calls `resolvePromise` synchronously
              426) via return from a fulfilled promise
              427) via return from a rejected promise
            `then` calls `resolvePromise` asynchronously
              428) via return from a fulfilled promise
              429) via return from a rejected promise
          `y` is a thenable that fulfills but then throws for a synchronously-rejected one-time thenable
            `then` calls `resolvePromise` synchronously
              430) via return from a fulfilled promise
              431) via return from a rejected promise
            `then` calls `resolvePromise` asynchronously
              432) via return from a fulfilled promise
              433) via return from a rejected promise
          `y` is a thenable that fulfills but then throws for a thenable that immediately throws in `then`
            `then` calls `resolvePromise` synchronously
              434) via return from a fulfilled promise
              435) via return from a rejected promise
            `then` calls `resolvePromise` asynchronously
              436) via return from a fulfilled promise
              437) via return from a rejected promise
          `y` is a thenable that fulfills but then throws for an object with a throwing `then` accessor
            `then` calls `resolvePromise` synchronously
              438) via return from a fulfilled promise
              439) via return from a rejected promise
            `then` calls `resolvePromise` asynchronously
              440) via return from a fulfilled promise
              441) via return from a rejected promise
          `y` is a thenable that fulfills but then throws for an already-rejected promise
            `then` calls `resolvePromise` synchronously
              442) via return from a fulfilled promise
              443) via return from a rejected promise
            `then` calls `resolvePromise` asynchronously
              444) via return from a fulfilled promise
              445) via return from a rejected promise
          `y` is a thenable that fulfills but then throws for an eventually-rejected promise
            `then` calls `resolvePromise` synchronously
              446) via return from a fulfilled promise
              447) via return from a rejected promise
            `then` calls `resolvePromise` asynchronously
              448) via return from a fulfilled promise
              449) via return from a rejected promise
          `y` is an already-fulfilled promise for a synchronously-fulfilled custom thenable
            `then` calls `resolvePromise` synchronously
              450) via return from a fulfilled promise
              451) via return from a rejected promise
            `then` calls `resolvePromise` asynchronously
              452) via return from a fulfilled promise
              453) via return from a rejected promise
          `y` is an already-fulfilled promise for an asynchronously-fulfilled custom thenable
            `then` calls `resolvePromise` synchronously
              454) via return from a fulfilled promise
              455) via return from a rejected promise
            `then` calls `resolvePromise` asynchronously
              456) via return from a fulfilled promise
              457) via return from a rejected promise
          `y` is an already-fulfilled promise for a synchronously-fulfilled one-time thenable
            `then` calls `resolvePromise` synchronously
              458) via return from a fulfilled promise
              459) via return from a rejected promise
            `then` calls `resolvePromise` asynchronously
              460) via return from a fulfilled promise
              461) via return from a rejected promise
          `y` is an already-fulfilled promise for a thenable that tries to fulfill twice
            `then` calls `resolvePromise` synchronously
              462) via return from a fulfilled promise
              463) via return from a rejected promise
            `then` calls `resolvePromise` asynchronously
              464) via return from a fulfilled promise
              465) via return from a rejected promise
          `y` is an already-fulfilled promise for a thenable that fulfills but then throws
            `then` calls `resolvePromise` synchronously
              466) via return from a fulfilled promise
              467) via return from a rejected promise
            `then` calls `resolvePromise` asynchronously
              468) via return from a fulfilled promise
              469) via return from a rejected promise
          `y` is an already-fulfilled promise for an already-fulfilled promise
            `then` calls `resolvePromise` synchronously
              470) via return from a fulfilled promise
              471) via return from a rejected promise
            `then` calls `resolvePromise` asynchronously
              472) via return from a fulfilled promise
              473) via return from a rejected promise
          `y` is an already-fulfilled promise for an eventually-fulfilled promise
            `then` calls `resolvePromise` synchronously
              474) via return from a fulfilled promise
              475) via return from a rejected promise
            `then` calls `resolvePromise` asynchronously
              476) via return from a fulfilled promise
              477) via return from a rejected promise
          `y` is an already-fulfilled promise for a synchronously-rejected custom thenable
            `then` calls `resolvePromise` synchronously
              478) via return from a fulfilled promise
              479) via return from a rejected promise
            `then` calls `resolvePromise` asynchronously
              480) via return from a fulfilled promise
              481) via return from a rejected promise
          `y` is an already-fulfilled promise for an asynchronously-rejected custom thenable
            `then` calls `resolvePromise` synchronously
              482) via return from a fulfilled promise
              483) via return from a rejected promise
            `then` calls `resolvePromise` asynchronously
              484) via return from a fulfilled promise
              485) via return from a rejected promise
          `y` is an already-fulfilled promise for a synchronously-rejected one-time thenable
            `then` calls `resolvePromise` synchronously
              486) via return from a fulfilled promise
              487) via return from a rejected promise
            `then` calls `resolvePromise` asynchronously
              488) via return from a fulfilled promise
              489) via return from a rejected promise
          `y` is an already-fulfilled promise for a thenable that immediately throws in `then`
            `then` calls `resolvePromise` synchronously
              490) via return from a fulfilled promise
              491) via return from a rejected promise
            `then` calls `resolvePromise` asynchronously
              492) via return from a fulfilled promise
              493) via return from a rejected promise
          `y` is an already-fulfilled promise for an object with a throwing `then` accessor
            `then` calls `resolvePromise` synchronously
              494) via return from a fulfilled promise
              495) via return from a rejected promise
            `then` calls `resolvePromise` asynchronously
              496) via return from a fulfilled promise
              497) via return from a rejected promise
          `y` is an already-fulfilled promise for an already-rejected promise
            `then` calls `resolvePromise` synchronously
              498) via return from a fulfilled promise
              499) via return from a rejected promise
            `then` calls `resolvePromise` asynchronously
              500) via return from a fulfilled promise
              501) via return from a rejected promise
          `y` is an already-fulfilled promise for an eventually-rejected promise
            `then` calls `resolvePromise` synchronously
              502) via return from a fulfilled promise
              503) via return from a rejected promise
            `then` calls `resolvePromise` asynchronously
              504) via return from a fulfilled promise
              505) via return from a rejected promise
          `y` is an eventually-fulfilled promise for a synchronously-fulfilled custom thenable
            `then` calls `resolvePromise` synchronously
              506) via return from a fulfilled promise
              507) via return from a rejected promise
            `then` calls `resolvePromise` asynchronously
              508) via return from a fulfilled promise
              509) via return from a rejected promise
          `y` is an eventually-fulfilled promise for an asynchronously-fulfilled custom thenable
            `then` calls `resolvePromise` synchronously
              510) via return from a fulfilled promise
              511) via return from a rejected promise
            `then` calls `resolvePromise` asynchronously
              512) via return from a fulfilled promise
              513) via return from a rejected promise
          `y` is an eventually-fulfilled promise for a synchronously-fulfilled one-time thenable
            `then` calls `resolvePromise` synchronously
              514) via return from a fulfilled promise
              515) via return from a rejected promise
            `then` calls `resolvePromise` asynchronously
              516) via return from a fulfilled promise
              517) via return from a rejected promise
          `y` is an eventually-fulfilled promise for a thenable that tries to fulfill twice
            `then` calls `resolvePromise` synchronously
              518) via return from a fulfilled promise
              519) via return from a rejected promise
            `then` calls `resolvePromise` asynchronously
              520) via return from a fulfilled promise
              521) via return from a rejected promise
          `y` is an eventually-fulfilled promise for a thenable that fulfills but then throws
            `then` calls `resolvePromise` synchronously
              522) via return from a fulfilled promise
              523) via return from a rejected promise
            `then` calls `resolvePromise` asynchronously
              524) via return from a fulfilled promise
              525) via return from a rejected promise
          `y` is an eventually-fulfilled promise for an already-fulfilled promise
            `then` calls `resolvePromise` synchronously
              526) via return from a fulfilled promise
              527) via return from a rejected promise
            `then` calls `resolvePromise` asynchronously
              528) via return from a fulfilled promise
              529) via return from a rejected promise
          `y` is an eventually-fulfilled promise for an eventually-fulfilled promise
            `then` calls `resolvePromise` synchronously
              530) via return from a fulfilled promise
              531) via return from a rejected promise
            `then` calls `resolvePromise` asynchronously
              532) via return from a fulfilled promise
              533) via return from a rejected promise
          `y` is an eventually-fulfilled promise for a synchronously-rejected custom thenable
            `then` calls `resolvePromise` synchronously
              534) via return from a fulfilled promise
              535) via return from a rejected promise
            `then` calls `resolvePromise` asynchronously
              536) via return from a fulfilled promise
              537) via return from a rejected promise
          `y` is an eventually-fulfilled promise for an asynchronously-rejected custom thenable
            `then` calls `resolvePromise` synchronously
              538) via return from a fulfilled promise
              539) via return from a rejected promise
            `then` calls `resolvePromise` asynchronously
              540) via return from a fulfilled promise
              541) via return from a rejected promise
          `y` is an eventually-fulfilled promise for a synchronously-rejected one-time thenable
            `then` calls `resolvePromise` synchronously
              542) via return from a fulfilled promise
              543) via return from a rejected promise
            `then` calls `resolvePromise` asynchronously
              544) via return from a fulfilled promise
              545) via return from a rejected promise
          `y` is an eventually-fulfilled promise for a thenable that immediately throws in `then`
            `then` calls `resolvePromise` synchronously
              546) via return from a fulfilled promise
              547) via return from a rejected promise
            `then` calls `resolvePromise` asynchronously
              548) via return from a fulfilled promise
              549) via return from a rejected promise
          `y` is an eventually-fulfilled promise for an object with a throwing `then` accessor
            `then` calls `resolvePromise` synchronously
              550) via return from a fulfilled promise
              551) via return from a rejected promise
            `then` calls `resolvePromise` asynchronously
              552) via return from a fulfilled promise
              553) via return from a rejected promise
          `y` is an eventually-fulfilled promise for an already-rejected promise
            `then` calls `resolvePromise` synchronously
              554) via return from a fulfilled promise
              555) via return from a rejected promise
            `then` calls `resolvePromise` asynchronously
              556) via return from a fulfilled promise
              557) via return from a rejected promise
          `y` is an eventually-fulfilled promise for an eventually-rejected promise
            `then` calls `resolvePromise` synchronously
              558) via return from a fulfilled promise
              559) via return from a rejected promise
            `then` calls `resolvePromise` asynchronously
              560) via return from a fulfilled promise
              561) via return from a rejected promise
      2.3.3.3.2: If/when `rejectPromise` is called with reason `r`, reject `promise` with `r`
        `r` is `undefined`
          `then` calls `rejectPromise` synchronously
            562) via return from a fulfilled promise
            563) via return from a rejected promise
          `then` calls `rejectPromise` asynchronously
            564) via return from a fulfilled promise
            565) via return from a rejected promise
        `r` is `null`
          `then` calls `rejectPromise` synchronously
            566) via return from a fulfilled promise
            567) via return from a rejected promise
          `then` calls `rejectPromise` asynchronously
            568) via return from a fulfilled promise
            569) via return from a rejected promise
        `r` is `false`
          `then` calls `rejectPromise` synchronously
            570) via return from a fulfilled promise
            571) via return from a rejected promise
          `then` calls `rejectPromise` asynchronously
            572) via return from a fulfilled promise
            573) via return from a rejected promise
        `r` is `0`
          `then` calls `rejectPromise` synchronously
            574) via return from a fulfilled promise
            575) via return from a rejected promise
          `then` calls `rejectPromise` asynchronously
            576) via return from a fulfilled promise
            577) via return from a rejected promise
        `r` is an error
          `then` calls `rejectPromise` synchronously
            578) via return from a fulfilled promise
            579) via return from a rejected promise
          `then` calls `rejectPromise` asynchronously
            580) via return from a fulfilled promise
            581) via return from a rejected promise
        `r` is an error without a stack
          `then` calls `rejectPromise` synchronously
            582) via return from a fulfilled promise
            583) via return from a rejected promise
          `then` calls `rejectPromise` asynchronously
            584) via return from a fulfilled promise
            585) via return from a rejected promise
        `r` is a date
          `then` calls `rejectPromise` synchronously
            586) via return from a fulfilled promise
            587) via return from a rejected promise
          `then` calls `rejectPromise` asynchronously
            588) via return from a fulfilled promise
            589) via return from a rejected promise
        `r` is an object
          `then` calls `rejectPromise` synchronously
            590) via return from a fulfilled promise
            591) via return from a rejected promise
          `then` calls `rejectPromise` asynchronously
            592) via return from a fulfilled promise
            593) via return from a rejected promise
        `r` is an always-pending thenable
          `then` calls `rejectPromise` synchronously
            594) via return from a fulfilled promise
            595) via return from a rejected promise
          `then` calls `rejectPromise` asynchronously
            596) via return from a fulfilled promise
            597) via return from a rejected promise
        `r` is a fulfilled promise
          `then` calls `rejectPromise` synchronously
            598) via return from a fulfilled promise
            599) via return from a rejected promise
          `then` calls `rejectPromise` asynchronously
            600) via return from a fulfilled promise
            601) via return from a rejected promise
        `r` is a rejected promise
          `then` calls `rejectPromise` synchronously
            602) via return from a fulfilled promise
            603) via return from a rejected promise
          `then` calls `rejectPromise` asynchronously
            604) via return from a fulfilled promise
            605) via return from a rejected promise
      2.3.3.3.3: If both `resolvePromise` and `rejectPromise` are called, or multiple calls to the same argument are made, the first call takes precedence, and any further calls are ignored.
        calling `resolvePromise` then `rejectPromise`, both synchronously
          606) via return from a fulfilled promise
          607) via return from a rejected promise
        calling `resolvePromise` synchronously then `rejectPromise` asynchronously
          608) via return from a fulfilled promise
          609) via return from a rejected promise
        calling `resolvePromise` then `rejectPromise`, both asynchronously
          610) via return from a fulfilled promise
          611) via return from a rejected promise
        calling `resolvePromise` with an asynchronously-fulfilled promise, then calling `rejectPromise`, both synchronously
          612) via return from a fulfilled promise
          613) via return from a rejected promise
        calling `resolvePromise` with an asynchronously-rejected promise, then calling `rejectPromise`, both synchronously
          614) via return from a fulfilled promise
          615) via return from a rejected promise
        calling `rejectPromise` then `resolvePromise`, both synchronously
          616) via return from a fulfilled promise
          617) via return from a rejected promise
        calling `rejectPromise` synchronously then `resolvePromise` asynchronously
          618) via return from a fulfilled promise
          619) via return from a rejected promise
        calling `rejectPromise` then `resolvePromise`, both asynchronously
          620) via return from a fulfilled promise
          621) via return from a rejected promise
        calling `resolvePromise` twice synchronously
          622) via return from a fulfilled promise
          623) via return from a rejected promise
        calling `resolvePromise` twice, first synchronously then asynchronously
          624) via return from a fulfilled promise
          625) via return from a rejected promise
        calling `resolvePromise` twice, both times asynchronously
          626) via return from a fulfilled promise
          627) via return from a rejected promise
        calling `resolvePromise` with an asynchronously-fulfilled promise, then calling it again, both times synchronously
          628) via return from a fulfilled promise
          629) via return from a rejected promise
        calling `resolvePromise` with an asynchronously-rejected promise, then calling it again, both times synchronously
          630) via return from a fulfilled promise
          631) via return from a rejected promise
        calling `rejectPromise` twice synchronously
          632) via return from a fulfilled promise
          633) via return from a rejected promise
        calling `rejectPromise` twice, first synchronously then asynchronously
          634) via return from a fulfilled promise
          635) via return from a rejected promise
        calling `rejectPromise` twice, both times asynchronously
          636) via return from a fulfilled promise
          637) via return from a rejected promise
        saving and abusing `resolvePromise` and `rejectPromise`
          638) via return from a fulfilled promise
          ✓ via return from a rejected promise
      2.3.3.3.4: If calling `then` throws an exception `e`,
        2.3.3.3.4.1: If `resolvePromise` or `rejectPromise` have been called, ignore it.
          `resolvePromise` was called with a non-thenable
            639) via return from a fulfilled promise
            ✓ via return from a rejected promise
          2.3.3.4: If `then` is not a function, fulfill promise with `x`
            `then` is `5`
              640) via return from a fulfilled promise
            `resolvePromise` was called with an asynchronously-fulfilled promise
              641) via return from a fulfilled promise
              642) via return from a rejected promise
              643) via return from a rejected promise
            `then` is an object
              644) via return from a fulfilled promise
            `resolvePromise` was called with an asynchronously-rejected promise
              645) via return from a fulfilled promise
              646) via return from a rejected promise
              647) via return from a rejected promise
            `then` is an array containing a function
              648) via return from a fulfilled promise
            `rejectPromise` was called
              649) via return from a fulfilled promise
              650) via return from a rejected promise
              651) via return from a rejected promise
            `then` is a regular expression
              652) via return from a fulfilled promise
            `resolvePromise` then `rejectPromise` were called
              653) via return from a fulfilled promise
              654) via return from a rejected promise
              655) via return from a rejected promise
            `then` is an object inheriting from `Function.prototype`
              656) via return from a fulfilled promise
            `rejectPromise` then `resolvePromise` were called
              657) via return from a fulfilled promise
              658) via return from a rejected promise
              659) via return from a rejected promise
        2.3.4: If `x` is not an object or function, fulfill `promise` with `x`
          The value is `undefined`
            ✓ already-fulfilled
            ✓ immediately-fulfilled
            ✓ eventually-fulfilled
            ✓ already-rejected
            ✓ immediately-rejected
            ✓ eventually-rejected
          The value is `null`
            660) already-fulfilled
        2.3.3.3.4.2: Otherwise, reject `promise` with `e` as the reason.
          straightforward case
            661) via return from a fulfilled promise
            662) immediately-fulfilled
            663) via return from a rejected promise
            664) eventually-fulfilled
          `resolvePromise` is called asynchronously before the `throw`
            665) via return from a fulfilled promise
            666) already-rejected
            667) via return from a rejected promise
            668) immediately-rejected
          `rejectPromise` is called asynchronously before the `throw`
            669) via return from a fulfilled promise
            670) eventually-rejected
            671) via return from a rejected promise
          The value is `false`
            672) already-fulfilled

  171 passing (2m)
  672 failing

  1) 2.2.1: Both `onFulfilled` and `onRejected` are optional arguments. 2.2.1.2: If `onRejected` is not a function, it must be ignored. applied to a promise fulfilled and then chained off of `onFulfilled` is `undefined`:
     Error: timeout of 200ms exceeded. Ensure the done() callback is being called in this test.
  

  2) 2.2.1: Both `onFulfilled` and `onRejected` are optional arguments. 2.2.1.2: If `onRejected` is not a function, it must be ignored. applied to a promise fulfilled and then chained off of `onFulfilled` is `null`:
     Error: timeout of 200ms exceeded. Ensure the done() callback is being called in this test.
  

  3) 2.2.1: Both `onFulfilled` and `onRejected` are optional arguments. 2.2.1.2: If `onRejected` is not a function, it must be ignored. applied to a promise fulfilled and then chained off of `onFulfilled` is `false`:
     Error: timeout of 200ms exceeded. Ensure the done() callback is being called in this test.
  

  4) 2.2.1: Both `onFulfilled` and `onRejected` are optional arguments. 2.2.1.2: If `onRejected` is not a function, it must be ignored. applied to a promise fulfilled and then chained off of `onFulfilled` is `5`:
     Error: timeout of 200ms exceeded. Ensure the done() callback is being called in this test.
  

  5) 2.2.1: Both `onFulfilled` and `onRejected` are optional arguments. 2.2.1.2: If `onRejected` is not a function, it must be ignored. applied to a promise fulfilled and then chained off of `onFulfilled` is an object:
     Error: timeout of 200ms exceeded. Ensure the done() callback is being called in this test.
  

  6) 2.2.2: If `onFulfilled` is a function, 2.2.2.2: it must not be called before `promise` is fulfilled fulfilled after a delay:
     Error: timeout of 200ms exceeded. Ensure the done() callback is being called in this test.
  

  7) 2.2.3: If `onRejected` is a function, 2.2.3.2: it must not be called before `promise` is rejected rejected after a delay:
     Error: timeout of 200ms exceeded. Ensure the done() callback is being called in this test.
  

  8) 2.2.4: `onFulfilled` or `onRejected` must not be called until the execution context stack contains only platform code. `then` returns before the promise becomes fulfilled or rejected already-fulfilled:
     Error: timeout of 200ms exceeded. Ensure the done() callback is being called in this test.
  

  9) 2.2.4: `onFulfilled` or `onRejected` must not be called until the execution context stack contains only platform code. `then` returns before the promise becomes fulfilled or rejected already-rejected:
     Error: timeout of 200ms exceeded. Ensure the done() callback is being called in this test.
  

  10) 2.2.4: `onFulfilled` or `onRejected` must not be called until the execution context stack contains only platform code. Clean-stack execution ordering tests (fulfillment case) when `onFulfilled` is added immediately before the promise is fulfilled:

      AssertionError [ERR_ASSERTION]: true === false
      + expected - actual

      -true
      +false
      
      at Context.<anonymous> (node_modules/promises-aplus-tests/lib/tests/2.2.4.js:51:20)

  11) 2.2.4: `onFulfilled` or `onRejected` must not be called until the execution context stack contains only platform code. Clean-stack execution ordering tests (fulfillment case) when `onFulfilled` is added immediately after the promise is fulfilled:

      AssertionError [ERR_ASSERTION]: true === false
      + expected - actual

      -true
      +false
      
      at Context.<anonymous> (node_modules/promises-aplus-tests/lib/tests/2.2.4.js:65:20)

  12) 2.2.4: `onFulfilled` or `onRejected` must not be called until the execution context stack contains only platform code. Clean-stack execution ordering tests (fulfillment case) when one `onFulfilled` is added inside another `onFulfilled`:
     Error: timeout of 200ms exceeded. Ensure the done() callback is being called in this test.
  

  13) 2.2.4: `onFulfilled` or `onRejected` must not be called until the execution context stack contains only platform code. Clean-stack execution ordering tests (fulfillment case) when `onFulfilled` is added inside an `onRejected`:
     Error: timeout of 200ms exceeded. Ensure the done() callback is being called in this test.
  

  14) 2.2.4: `onFulfilled` or `onRejected` must not be called until the execution context stack contains only platform code. Clean-stack execution ordering tests (fulfillment case) when the promise is fulfilled asynchronously:
     Error: timeout of 200ms exceeded. Ensure the done() callback is being called in this test.
  

  15) 2.2.4: `onFulfilled` or `onRejected` must not be called until the execution context stack contains only platform code. Clean-stack execution ordering tests (rejection case) when `onRejected` is added immediately before the promise is rejected:

      AssertionError [ERR_ASSERTION]: true === false
      + expected - actual

      -true
      +false
      
      at Context.<anonymous> (node_modules/promises-aplus-tests/lib/tests/2.2.4.js:123:20)

  16) 2.2.4: `onFulfilled` or `onRejected` must not be called until the execution context stack contains only platform code. Clean-stack execution ordering tests (rejection case) when `onRejected` is added immediately after the promise is rejected:

      AssertionError [ERR_ASSERTION]: true === false
      + expected - actual

      -true
      +false
      
      at Context.<anonymous> (node_modules/promises-aplus-tests/lib/tests/2.2.4.js:137:20)

  17) 2.2.4: `onFulfilled` or `onRejected` must not be called until the execution context stack contains only platform code. Clean-stack execution ordering tests (rejection case) when `onRejected` is added inside an `onFulfilled`:
     Error: timeout of 200ms exceeded. Ensure the done() callback is being called in this test.
  

  18) 2.2.4: `onFulfilled` or `onRejected` must not be called until the execution context stack contains only platform code. Clean-stack execution ordering tests (rejection case) when one `onRejected` is added inside another `onRejected`:
     Error: timeout of 200ms exceeded. Ensure the done() callback is being called in this test.
  

  19) 2.2.4: `onFulfilled` or `onRejected` must not be called until the execution context stack contains only platform code. Clean-stack execution ordering tests (rejection case) when the promise is rejected asynchronously:
     Error: timeout of 200ms exceeded. Ensure the done() callback is being called in this test.
  

  20) 2.2.6: `then` may be called multiple times on the same promise. 2.2.6.1: If/when `promise` is fulfilled, all respective `onFulfilled` callbacks must execute in the order of their originating calls to `then`. results in multiple branching chains with their own fulfillment values already-fulfilled:
     Error: timeout of 200ms exceeded. Ensure the done() callback is being called in this test.
  

  21) 2.2.6: `then` may be called multiple times on the same promise. 2.2.6.1: If/when `promise` is fulfilled, all respective `onFulfilled` callbacks must execute in the order of their originating calls to `then`. results in multiple branching chains with their own fulfillment values immediately-fulfilled:
     Error: timeout of 200ms exceeded. Ensure the done() callback is being called in this test.
  

  22) 2.2.6: `then` may be called multiple times on the same promise. 2.2.6.1: If/when `promise` is fulfilled, all respective `onFulfilled` callbacks must execute in the order of their originating calls to `then`. results in multiple branching chains with their own fulfillment values eventually-fulfilled:
     Error: timeout of 200ms exceeded. Ensure the done() callback is being called in this test.
  

  23) 2.2.6: `then` may be called multiple times on the same promise. 2.2.6.1: If/when `promise` is fulfilled, all respective `onFulfilled` callbacks must execute in the order of their originating calls to `then`. `onFulfilled` handlers are called in the original order even when one handler is added inside another handler already-fulfilled:
     Uncaught AssertError: expected handler1, handler2, handler3 to be called in order but were called as handler1, handler3, handler2
      at Object.fail (node_modules/sinon/lib/sinon/assert.js:110:29)
      at failAssertion (node_modules/sinon/lib/sinon/assert.js:69:24)
      at Object.assertCallOrder [as callOrder] (node_modules/sinon/lib/sinon/assert.js:138:21)
      at Timeout._onTimeout (node_modules/promises-aplus-tests/lib/tests/2.2.6.js:132:42)

  24) 2.2.6: `then` may be called multiple times on the same promise. 2.2.6.2: If/when `promise` is rejected, all respective `onRejected` callbacks must execute in the order of their originating calls to `then`. results in multiple branching chains with their own fulfillment values already-rejected:
     Error: timeout of 200ms exceeded. Ensure the done() callback is being called in this test.
  

  25) 2.2.6: `then` may be called multiple times on the same promise. 2.2.6.2: If/when `promise` is rejected, all respective `onRejected` callbacks must execute in the order of their originating calls to `then`. results in multiple branching chains with their own fulfillment values immediately-rejected:
     Error: timeout of 200ms exceeded. Ensure the done() callback is being called in this test.
  

  26) 2.2.6: `then` may be called multiple times on the same promise. 2.2.6.2: If/when `promise` is rejected, all respective `onRejected` callbacks must execute in the order of their originating calls to `then`. results in multiple branching chains with their own fulfillment values eventually-rejected:
     Error: timeout of 200ms exceeded. Ensure the done() callback is being called in this test.
  

  27) 2.2.6: `then` may be called multiple times on the same promise. 2.2.6.2: If/when `promise` is rejected, all respective `onRejected` callbacks must execute in the order of their originating calls to `then`. `onRejected` handlers are called in the original order even when one handler is added inside another handler already-rejected:
     Uncaught AssertError: expected handler1, handler2, handler3 to be called in order but were called as handler1, handler3, handler2
      at Object.fail (node_modules/sinon/lib/sinon/assert.js:110:29)
      at failAssertion (node_modules/sinon/lib/sinon/assert.js:69:24)
      at Object.assertCallOrder [as callOrder] (node_modules/sinon/lib/sinon/assert.js:138:21)
      at Timeout._onTimeout (node_modules/promises-aplus-tests/lib/tests/2.2.6.js:249:42)

  28) 2.2.7: `then` must return a promise: `promise2 = promise1.then(onFulfilled, onRejected)` 2.2.7.3: If `onFulfilled` is not a function and `promise1` is fulfilled, `promise2` must be fulfilled with the same value. `onFulfilled` is `undefined` already-fulfilled:
     Error: timeout of 200ms exceeded. Ensure the done() callback is being called in this test.
  

  29) 2.2.7: `then` must return a promise: `promise2 = promise1.then(onFulfilled, onRejected)` 2.2.7.3: If `onFulfilled` is not a function and `promise1` is fulfilled, `promise2` must be fulfilled with the same value. `onFulfilled` is `undefined` immediately-fulfilled:
     Error: timeout of 200ms exceeded. Ensure the done() callback is being called in this test.
  

  30) 2.2.7: `then` must return a promise: `promise2 = promise1.then(onFulfilled, onRejected)` 2.2.7.3: If `onFulfilled` is not a function and `promise1` is fulfilled, `promise2` must be fulfilled with the same value. `onFulfilled` is `undefined` eventually-fulfilled:
     Error: timeout of 200ms exceeded. Ensure the done() callback is being called in this test.
  

  31) 2.2.7: `then` must return a promise: `promise2 = promise1.then(onFulfilled, onRejected)` 2.2.7.3: If `onFulfilled` is not a function and `promise1` is fulfilled, `promise2` must be fulfilled with the same value. `onFulfilled` is `null` already-fulfilled:
     Error: timeout of 200ms exceeded. Ensure the done() callback is being called in this test.
  

  32) 2.2.7: `then` must return a promise: `promise2 = promise1.then(onFulfilled, onRejected)` 2.2.7.3: If `onFulfilled` is not a function and `promise1` is fulfilled, `promise2` must be fulfilled with the same value. `onFulfilled` is `null` immediately-fulfilled:
     Error: timeout of 200ms exceeded. Ensure the done() callback is being called in this test.
  

  33) 2.2.7: `then` must return a promise: `promise2 = promise1.then(onFulfilled, onRejected)` 2.2.7.3: If `onFulfilled` is not a function and `promise1` is fulfilled, `promise2` must be fulfilled with the same value. `onFulfilled` is `null` eventually-fulfilled:
     Error: timeout of 200ms exceeded. Ensure the done() callback is being called in this test.
  

  34) 2.2.7: `then` must return a promise: `promise2 = promise1.then(onFulfilled, onRejected)` 2.2.7.3: If `onFulfilled` is not a function and `promise1` is fulfilled, `promise2` must be fulfilled with the same value. `onFulfilled` is `false` already-fulfilled:
     Error: timeout of 200ms exceeded. Ensure the done() callback is being called in this test.
  

  35) 2.2.7: `then` must return a promise: `promise2 = promise1.then(onFulfilled, onRejected)` 2.2.7.3: If `onFulfilled` is not a function and `promise1` is fulfilled, `promise2` must be fulfilled with the same value. `onFulfilled` is `false` immediately-fulfilled:
     Error: timeout of 200ms exceeded. Ensure the done() callback is being called in this test.
  

  36) 2.2.7: `then` must return a promise: `promise2 = promise1.then(onFulfilled, onRejected)` 2.2.7.3: If `onFulfilled` is not a function and `promise1` is fulfilled, `promise2` must be fulfilled with the same value. `onFulfilled` is `false` eventually-fulfilled:
     Error: timeout of 200ms exceeded. Ensure the done() callback is being called in this test.
  

  37) 2.2.7: `then` must return a promise: `promise2 = promise1.then(onFulfilled, onRejected)` 2.2.7.3: If `onFulfilled` is not a function and `promise1` is fulfilled, `promise2` must be fulfilled with the same value. `onFulfilled` is `5` already-fulfilled:
     Error: timeout of 200ms exceeded. Ensure the done() callback is being called in this test.
  

  38) 2.2.7: `then` must return a promise: `promise2 = promise1.then(onFulfilled, onRejected)` 2.2.7.3: If `onFulfilled` is not a function and `promise1` is fulfilled, `promise2` must be fulfilled with the same value. `onFulfilled` is `5` immediately-fulfilled:
     Error: timeout of 200ms exceeded. Ensure the done() callback is being called in this test.
  

  39) 2.2.7: `then` must return a promise: `promise2 = promise1.then(onFulfilled, onRejected)` 2.2.7.3: If `onFulfilled` is not a function and `promise1` is fulfilled, `promise2` must be fulfilled with the same value. `onFulfilled` is `5` eventually-fulfilled:
     Error: timeout of 200ms exceeded. Ensure the done() callback is being called in this test.
  

  40) 2.2.7: `then` must return a promise: `promise2 = promise1.then(onFulfilled, onRejected)` 2.2.7.3: If `onFulfilled` is not a function and `promise1` is fulfilled, `promise2` must be fulfilled with the same value. `onFulfilled` is an object already-fulfilled:
     Error: timeout of 200ms exceeded. Ensure the done() callback is being called in this test.
  

  41) 2.2.7: `then` must return a promise: `promise2 = promise1.then(onFulfilled, onRejected)` 2.2.7.3: If `onFulfilled` is not a function and `promise1` is fulfilled, `promise2` must be fulfilled with the same value. `onFulfilled` is an object immediately-fulfilled:
     Error: timeout of 200ms exceeded. Ensure the done() callback is being called in this test.
  

  42) 2.2.7: `then` must return a promise: `promise2 = promise1.then(onFulfilled, onRejected)` 2.2.7.3: If `onFulfilled` is not a function and `promise1` is fulfilled, `promise2` must be fulfilled with the same value. `onFulfilled` is an object eventually-fulfilled:
     Error: timeout of 200ms exceeded. Ensure the done() callback is being called in this test.
  

  43) 2.2.7: `then` must return a promise: `promise2 = promise1.then(onFulfilled, onRejected)` 2.2.7.3: If `onFulfilled` is not a function and `promise1` is fulfilled, `promise2` must be fulfilled with the same value. `onFulfilled` is an array containing a function already-fulfilled:
     Error: timeout of 200ms exceeded. Ensure the done() callback is being called in this test.
  

  44) 2.2.7: `then` must return a promise: `promise2 = promise1.then(onFulfilled, onRejected)` 2.2.7.3: If `onFulfilled` is not a function and `promise1` is fulfilled, `promise2` must be fulfilled with the same value. `onFulfilled` is an array containing a function immediately-fulfilled:
     Error: timeout of 200ms exceeded. Ensure the done() callback is being called in this test.
  

  45) 2.2.7: `then` must return a promise: `promise2 = promise1.then(onFulfilled, onRejected)` 2.2.7.3: If `onFulfilled` is not a function and `promise1` is fulfilled, `promise2` must be fulfilled with the same value. `onFulfilled` is an array containing a function eventually-fulfilled:
     Error: timeout of 200ms exceeded. Ensure the done() callback is being called in this test.
  

  46) 2.2.7: `then` must return a promise: `promise2 = promise1.then(onFulfilled, onRejected)` 2.2.7.4: If `onRejected` is not a function and `promise1` is rejected, `promise2` must be rejected with the same reason. `onRejected` is `undefined` already-rejected:
     Error: timeout of 200ms exceeded. Ensure the done() callback is being called in this test.
  

  47) 2.2.7: `then` must return a promise: `promise2 = promise1.then(onFulfilled, onRejected)` 2.2.7.4: If `onRejected` is not a function and `promise1` is rejected, `promise2` must be rejected with the same reason. `onRejected` is `undefined` immediately-rejected:
     Error: timeout of 200ms exceeded. Ensure the done() callback is being called in this test.
  

  48) 2.2.7: `then` must return a promise: `promise2 = promise1.then(onFulfilled, onRejected)` 2.2.7.4: If `onRejected` is not a function and `promise1` is rejected, `promise2` must be rejected with the same reason. `onRejected` is `undefined` eventually-rejected:
     Error: timeout of 200ms exceeded. Ensure the done() callback is being called in this test.
  

  49) 2.2.7: `then` must return a promise: `promise2 = promise1.then(onFulfilled, onRejected)` 2.2.7.4: If `onRejected` is not a function and `promise1` is rejected, `promise2` must be rejected with the same reason. `onRejected` is `null` already-rejected:
     Error: timeout of 200ms exceeded. Ensure the done() callback is being called in this test.
  

  50) 2.2.7: `then` must return a promise: `promise2 = promise1.then(onFulfilled, onRejected)` 2.2.7.4: If `onRejected` is not a function and `promise1` is rejected, `promise2` must be rejected with the same reason. `onRejected` is `null` immediately-rejected:
     Error: timeout of 200ms exceeded. Ensure the done() callback is being called in this test.
  

  51) 2.2.7: `then` must return a promise: `promise2 = promise1.then(onFulfilled, onRejected)` 2.2.7.4: If `onRejected` is not a function and `promise1` is rejected, `promise2` must be rejected with the same reason. `onRejected` is `null` eventually-rejected:
     Error: timeout of 200ms exceeded. Ensure the done() callback is being called in this test.
  

  52) 2.2.7: `then` must return a promise: `promise2 = promise1.then(onFulfilled, onRejected)` 2.2.7.4: If `onRejected` is not a function and `promise1` is rejected, `promise2` must be rejected with the same reason. `onRejected` is `false` already-rejected:
     Error: timeout of 200ms exceeded. Ensure the done() callback is being called in this test.
  

  53) 2.2.7: `then` must return a promise: `promise2 = promise1.then(onFulfilled, onRejected)` 2.2.7.4: If `onRejected` is not a function and `promise1` is rejected, `promise2` must be rejected with the same reason. `onRejected` is `false` immediately-rejected:
     Error: timeout of 200ms exceeded. Ensure the done() callback is being called in this test.
  

  54) 2.2.7: `then` must return a promise: `promise2 = promise1.then(onFulfilled, onRejected)` 2.2.7.4: If `onRejected` is not a function and `promise1` is rejected, `promise2` must be rejected with the same reason. `onRejected` is `false` eventually-rejected:
     Error: timeout of 200ms exceeded. Ensure the done() callback is being called in this test.
  

  55) 2.2.7: `then` must return a promise: `promise2 = promise1.then(onFulfilled, onRejected)` 2.2.7.4: If `onRejected` is not a function and `promise1` is rejected, `promise2` must be rejected with the same reason. `onRejected` is `5` already-rejected:
     Error: timeout of 200ms exceeded. Ensure the done() callback is being called in this test.
  

  56) 2.2.7: `then` must return a promise: `promise2 = promise1.then(onFulfilled, onRejected)` 2.2.7.4: If `onRejected` is not a function and `promise1` is rejected, `promise2` must be rejected with the same reason. `onRejected` is `5` immediately-rejected:
     Error: timeout of 200ms exceeded. Ensure the done() callback is being called in this test.
  

  57) 2.2.7: `then` must return a promise: `promise2 = promise1.then(onFulfilled, onRejected)` 2.2.7.4: If `onRejected` is not a function and `promise1` is rejected, `promise2` must be rejected with the same reason. `onRejected` is `5` eventually-rejected:
     Error: timeout of 200ms exceeded. Ensure the done() callback is being called in this test.
  

  58) 2.2.7: `then` must return a promise: `promise2 = promise1.then(onFulfilled, onRejected)` 2.2.7.4: If `onRejected` is not a function and `promise1` is rejected, `promise2` must be rejected with the same reason. `onRejected` is an object already-rejected:
     Error: timeout of 200ms exceeded. Ensure the done() callback is being called in this test.
  

  59) 2.2.7: `then` must return a promise: `promise2 = promise1.then(onFulfilled, onRejected)` 2.2.7.4: If `onRejected` is not a function and `promise1` is rejected, `promise2` must be rejected with the same reason. `onRejected` is an object immediately-rejected:
     Error: timeout of 200ms exceeded. Ensure the done() callback is being called in this test.
  

  60) 2.2.7: `then` must return a promise: `promise2 = promise1.then(onFulfilled, onRejected)` 2.2.7.4: If `onRejected` is not a function and `promise1` is rejected, `promise2` must be rejected with the same reason. `onRejected` is an object eventually-rejected:
     Error: timeout of 200ms exceeded. Ensure the done() callback is being called in this test.
  

  61) 2.2.7: `then` must return a promise: `promise2 = promise1.then(onFulfilled, onRejected)` 2.2.7.4: If `onRejected` is not a function and `promise1` is rejected, `promise2` must be rejected with the same reason. `onRejected` is an array containing a function already-rejected:
     Error: timeout of 200ms exceeded. Ensure the done() callback is being called in this test.
  

  62) 2.2.7: `then` must return a promise: `promise2 = promise1.then(onFulfilled, onRejected)` 2.2.7.4: If `onRejected` is not a function and `promise1` is rejected, `promise2` must be rejected with the same reason. `onRejected` is an array containing a function immediately-rejected:
     Error: timeout of 200ms exceeded. Ensure the done() callback is being called in this test.
  

  63) 2.2.7: `then` must return a promise: `promise2 = promise1.then(onFulfilled, onRejected)` 2.2.7.4: If `onRejected` is not a function and `promise1` is rejected, `promise2` must be rejected with the same reason. `onRejected` is an array containing a function eventually-rejected:
     Error: timeout of 200ms exceeded. Ensure the done() callback is being called in this test.
  

  64) 2.3.1: If `promise` and `x` refer to the same object, reject `promise` with a `TypeError' as the reason. via return from a fulfilled promise:
     Error: timeout of 200ms exceeded. Ensure the done() callback is being called in this test.
  

  65) 2.3.1: If `promise` and `x` refer to the same object, reject `promise` with a `TypeError' as the reason. via return from a rejected promise:
     Error: timeout of 200ms exceeded. Ensure the done() callback is being called in this test.
  

  66) 2.3.3: Otherwise, if `x` is an object or function, 2.3.3.1: Let `then` be `x.then` `x` is an object with null prototype via return from a fulfilled promise:
     Error: timeout of 200ms exceeded. Ensure the done() callback is being called in this test.
  

  67) 2.3.3: Otherwise, if `x` is an object or function, 2.3.3.1: Let `then` be `x.then` `x` is an object with null prototype via return from a rejected promise:
     Error: timeout of 200ms exceeded. Ensure the done() callback is being called in this test.
  

  68) 2.3.3: Otherwise, if `x` is an object or function, 2.3.3.1: Let `then` be `x.then` `x` is an object with normal Object.prototype via return from a fulfilled promise:
     Error: timeout of 200ms exceeded. Ensure the done() callback is being called in this test.
  

  69) 2.3.3: Otherwise, if `x` is an object or function, 2.3.3.1: Let `then` be `x.then` `x` is an object with normal Object.prototype via return from a rejected promise:
     Error: timeout of 200ms exceeded. Ensure the done() callback is being called in this test.
  

  70) 2.3.3: Otherwise, if `x` is an object or function, 2.3.3.1: Let `then` be `x.then` `x` is a function via return from a fulfilled promise:
     Error: timeout of 200ms exceeded. Ensure the done() callback is being called in this test.
  

  71) 2.3.3: Otherwise, if `x` is an object or function, 2.3.3.1: Let `then` be `x.then` `x` is a function via return from a rejected promise:
     Error: timeout of 200ms exceeded. Ensure the done() callback is being called in this test.
  

  72) 2.3.3: Otherwise, if `x` is an object or function, 2.3.3.2: If retrieving the property `x.then` results in a thrown exception `e`, reject `promise` with `e` as the reason. `e` is `undefined` via return from a fulfilled promise:
     Error: timeout of 200ms exceeded. Ensure the done() callback is being called in this test.
  

  73) 2.3.3: Otherwise, if `x` is an object or function, 2.3.3.2: If retrieving the property `x.then` results in a thrown exception `e`, reject `promise` with `e` as the reason. `e` is `undefined` via return from a rejected promise:
     Error: timeout of 200ms exceeded. Ensure the done() callback is being called in this test.
  

  74) 2.3.3: Otherwise, if `x` is an object or function, 2.3.3.2: If retrieving the property `x.then` results in a thrown exception `e`, reject `promise` with `e` as the reason. `e` is `null` via return from a fulfilled promise:
     Error: timeout of 200ms exceeded. Ensure the done() callback is being called in this test.
  

  75) 2.3.3: Otherwise, if `x` is an object or function, 2.3.3.2: If retrieving the property `x.then` results in a thrown exception `e`, reject `promise` with `e` as the reason. `e` is `null` via return from a rejected promise:
     Error: timeout of 200ms exceeded. Ensure the done() callback is being called in this test.
  

  76) 2.3.3: Otherwise, if `x` is an object or function, 2.3.3.2: If retrieving the property `x.then` results in a thrown exception `e`, reject `promise` with `e` as the reason. `e` is `false` via return from a fulfilled promise:
     Error: timeout of 200ms exceeded. Ensure the done() callback is being called in this test.
  

  77) 2.3.3: Otherwise, if `x` is an object or function, 2.3.3.2: If retrieving the property `x.then` results in a thrown exception `e`, reject `promise` with `e` as the reason. `e` is `false` via return from a rejected promise:
     Error: timeout of 200ms exceeded. Ensure the done() callback is being called in this test.
  

  78) 2.3.3: Otherwise, if `x` is an object or function, 2.3.3.2: If retrieving the property `x.then` results in a thrown exception `e`, reject `promise` with `e` as the reason. `e` is `0` via return from a fulfilled promise:
     Error: timeout of 200ms exceeded. Ensure the done() callback is being called in this test.
  

  79) 2.3.3: Otherwise, if `x` is an object or function, 2.3.3.2: If retrieving the property `x.then` results in a thrown exception `e`, reject `promise` with `e` as the reason. `e` is `0` via return from a rejected promise:
     Error: timeout of 200ms exceeded. Ensure the done() callback is being called in this test.
  

  80) 2.3.3: Otherwise, if `x` is an object or function, 2.3.3.2: If retrieving the property `x.then` results in a thrown exception `e`, reject `promise` with `e` as the reason. `e` is an error via return from a fulfilled promise:
     Error: timeout of 200ms exceeded. Ensure the done() callback is being called in this test.
  

  81) 2.3.3: Otherwise, if `x` is an object or function, 2.3.3.2: If retrieving the property `x.then` results in a thrown exception `e`, reject `promise` with `e` as the reason. `e` is an error via return from a rejected promise:
     Error: timeout of 200ms exceeded. Ensure the done() callback is being called in this test.
  

  82) 2.3.3: Otherwise, if `x` is an object or function, 2.3.3.2: If retrieving the property `x.then` results in a thrown exception `e`, reject `promise` with `e` as the reason. `e` is an error without a stack via return from a fulfilled promise:
     Error: timeout of 200ms exceeded. Ensure the done() callback is being called in this test.
  

  83) 2.3.3: Otherwise, if `x` is an object or function, 2.3.3.2: If retrieving the property `x.then` results in a thrown exception `e`, reject `promise` with `e` as the reason. `e` is an error without a stack via return from a rejected promise:
     Error: timeout of 200ms exceeded. Ensure the done() callback is being called in this test.
  

  84) 2.3.3: Otherwise, if `x` is an object or function, 2.3.3.2: If retrieving the property `x.then` results in a thrown exception `e`, reject `promise` with `e` as the reason. `e` is a date via return from a fulfilled promise:
     Error: timeout of 200ms exceeded. Ensure the done() callback is being called in this test.
  

  85) 2.3.3: Otherwise, if `x` is an object or function, 2.3.3.2: If retrieving the property `x.then` results in a thrown exception `e`, reject `promise` with `e` as the reason. `e` is a date via return from a rejected promise:
     Error: timeout of 200ms exceeded. Ensure the done() callback is being called in this test.
  

  86) 2.3.3: Otherwise, if `x` is an object or function, 2.3.3.2: If retrieving the property `x.then` results in a thrown exception `e`, reject `promise` with `e` as the reason. `e` is an object via return from a fulfilled promise:
     Error: timeout of 200ms exceeded. Ensure the done() callback is being called in this test.
  

  87) 2.3.3: Otherwise, if `x` is an object or function, 2.3.3.2: If retrieving the property `x.then` results in a thrown exception `e`, reject `promise` with `e` as the reason. `e` is an object via return from a rejected promise:
     Error: timeout of 200ms exceeded. Ensure the done() callback is being called in this test.
  

  88) 2.3.3: Otherwise, if `x` is an object or function, 2.3.3.2: If retrieving the property `x.then` results in a thrown exception `e`, reject `promise` with `e` as the reason. `e` is an always-pending thenable via return from a fulfilled promise:
     Error: timeout of 200ms exceeded. Ensure the done() callback is being called in this test.
  

  89) 2.3.3: Otherwise, if `x` is an object or function, 2.3.3.2: If retrieving the property `x.then` results in a thrown exception `e`, reject `promise` with `e` as the reason. `e` is an always-pending thenable via return from a rejected promise:
     Error: timeout of 200ms exceeded. Ensure the done() callback is being called in this test.
  

  90) 2.3.3: Otherwise, if `x` is an object or function, 2.3.3.2: If retrieving the property `x.then` results in a thrown exception `e`, reject `promise` with `e` as the reason. `e` is a fulfilled promise via return from a fulfilled promise:
     Error: timeout of 200ms exceeded. Ensure the done() callback is being called in this test.
  

  91) 2.3.3: Otherwise, if `x` is an object or function, 2.3.3.2: If retrieving the property `x.then` results in a thrown exception `e`, reject `promise` with `e` as the reason. `e` is a fulfilled promise via return from a rejected promise:
     Error: timeout of 200ms exceeded. Ensure the done() callback is being called in this test.
  

  92) 2.3.3: Otherwise, if `x` is an object or function, 2.3.3.2: If retrieving the property `x.then` results in a thrown exception `e`, reject `promise` with `e` as the reason. `e` is a rejected promise via return from a fulfilled promise:
     Error: timeout of 200ms exceeded. Ensure the done() callback is being called in this test.
  

  93) 2.3.3: Otherwise, if `x` is an object or function, 2.3.3.2: If retrieving the property `x.then` results in a thrown exception `e`, reject `promise` with `e` as the reason. `e` is a rejected promise via return from a rejected promise:
     Error: timeout of 200ms exceeded. Ensure the done() callback is being called in this test.
  

  94) 2.3.3: Otherwise, if `x` is an object or function, 2.3.3.3: If `then` is a function, call it with `x` as `this`, first argument `resolvePromise`, and second argument `rejectPromise` 2.3.3.3.1: If/when `resolvePromise` is called with value `y`, run `[[Resolve]](promise, y)` `y` is not a thenable `y` is `null` `then` calls `resolvePromise` synchronously via return from a fulfilled promise:
     Error: timeout of 200ms exceeded. Ensure the done() callback is being called in this test.
  

  95) 2.3.3: Otherwise, if `x` is an object or function, 2.3.3.3: If `then` is a function, call it with `x` as `this`, first argument `resolvePromise`, and second argument `rejectPromise` 2.3.3.3.1: If/when `resolvePromise` is called with value `y`, run `[[Resolve]](promise, y)` `y` is not a thenable `y` is `null` `then` calls `resolvePromise` synchronously via return from a rejected promise:
     Error: timeout of 200ms exceeded. Ensure the done() callback is being called in this test.
  

  96) 2.3.3: Otherwise, if `x` is an object or function, 2.3.3.3: If `then` is a function, call it with `x` as `this`, first argument `resolvePromise`, and second argument `rejectPromise` 2.3.3.3.1: If/when `resolvePromise` is called with value `y`, run `[[Resolve]](promise, y)` `y` is not a thenable `y` is `null` `then` calls `resolvePromise` asynchronously via return from a fulfilled promise:
     Error: timeout of 200ms exceeded. Ensure the done() callback is being called in this test.
  

  97) 2.3.3: Otherwise, if `x` is an object or function, 2.3.3.3: If `then` is a function, call it with `x` as `this`, first argument `resolvePromise`, and second argument `rejectPromise` 2.3.3.3.1: If/when `resolvePromise` is called with value `y`, run `[[Resolve]](promise, y)` `y` is not a thenable `y` is `null` `then` calls `resolvePromise` asynchronously via return from a rejected promise:
     Error: timeout of 200ms exceeded. Ensure the done() callback is being called in this test.
  

  98) 2.3.3: Otherwise, if `x` is an object or function, 2.3.3.3: If `then` is a function, call it with `x` as `this`, first argument `resolvePromise`, and second argument `rejectPromise` 2.3.3.3.1: If/when `resolvePromise` is called with value `y`, run `[[Resolve]](promise, y)` `y` is not a thenable `y` is `false` `then` calls `resolvePromise` synchronously via return from a fulfilled promise:
     Error: timeout of 200ms exceeded. Ensure the done() callback is being called in this test.
  

  99) 2.3.3: Otherwise, if `x` is an object or function, 2.3.3.3: If `then` is a function, call it with `x` as `this`, first argument `resolvePromise`, and second argument `rejectPromise` 2.3.3.3.1: If/when `resolvePromise` is called with value `y`, run `[[Resolve]](promise, y)` `y` is not a thenable `y` is `false` `then` calls `resolvePromise` synchronously via return from a rejected promise:
     Error: timeout of 200ms exceeded. Ensure the done() callback is being called in this test.
  

  100) 2.3.3: Otherwise, if `x` is an object or function, 2.3.3.3: If `then` is a function, call it with `x` as `this`, first argument `resolvePromise`, and second argument `rejectPromise` 2.3.3.3.1: If/when `resolvePromise` is called with value `y`, run `[[Resolve]](promise, y)` `y` is not a thenable `y` is `false` `then` calls `resolvePromise` asynchronously via return from a fulfilled promise:
     Error: timeout of 200ms exceeded. Ensure the done() callback is being called in this test.
  

  101) 2.3.3: Otherwise, if `x` is an object or function, 2.3.3.3: If `then` is a function, call it with `x` as `this`, first argument `resolvePromise`, and second argument `rejectPromise` 2.3.3.3.1: If/when `resolvePromise` is called with value `y`, run `[[Resolve]](promise, y)` `y` is not a thenable `y` is `false` `then` calls `resolvePromise` asynchronously via return from a rejected promise:
     Error: timeout of 200ms exceeded. Ensure the done() callback is being called in this test.
  

  102) 2.3.3: Otherwise, if `x` is an object or function, 2.3.3.3: If `then` is a function, call it with `x` as `this`, first argument `resolvePromise`, and second argument `rejectPromise` 2.3.3.3.1: If/when `resolvePromise` is called with value `y`, run `[[Resolve]](promise, y)` `y` is not a thenable `y` is `5` `then` calls `resolvePromise` synchronously via return from a fulfilled promise:
     Error: timeout of 200ms exceeded. Ensure the done() callback is being called in this test.
  

  103) 2.3.3: Otherwise, if `x` is an object or function, 2.3.3.3: If `then` is a function, call it with `x` as `this`, first argument `resolvePromise`, and second argument `rejectPromise` 2.3.3.3.1: If/when `resolvePromise` is called with value `y`, run `[[Resolve]](promise, y)` `y` is not a thenable `y` is `5` `then` calls `resolvePromise` synchronously via return from a rejected promise:
     Error: timeout of 200ms exceeded. Ensure the done() callback is being called in this test.
  

  104) 2.3.3: Otherwise, if `x` is an object or function, 2.3.3.3: If `then` is a function, call it with `x` as `this`, first argument `resolvePromise`, and second argument `rejectPromise` 2.3.3.3.1: If/when `resolvePromise` is called with value `y`, run `[[Resolve]](promise, y)` `y` is not a thenable `y` is `5` `then` calls `resolvePromise` asynchronously via return from a fulfilled promise:
     Error: timeout of 200ms exceeded. Ensure the done() callback is being called in this test.
  

  105) 2.3.3: Otherwise, if `x` is an object or function, 2.3.3.3: If `then` is a function, call it with `x` as `this`, first argument `resolvePromise`, and second argument `rejectPromise` 2.3.3.3.1: If/when `resolvePromise` is called with value `y`, run `[[Resolve]](promise, y)` `y` is not a thenable `y` is `5` `then` calls `resolvePromise` asynchronously via return from a rejected promise:
     Error: timeout of 200ms exceeded. Ensure the done() callback is being called in this test.
  

  106) 2.3.3: Otherwise, if `x` is an object or function, 2.3.3.3: If `then` is a function, call it with `x` as `this`, first argument `resolvePromise`, and second argument `rejectPromise` 2.3.3.3.1: If/when `resolvePromise` is called with value `y`, run `[[Resolve]](promise, y)` `y` is not a thenable `y` is an object `then` calls `resolvePromise` synchronously via return from a fulfilled promise:
     Error: timeout of 200ms exceeded. Ensure the done() callback is being called in this test.
  

  107) 2.3.3: Otherwise, if `x` is an object or function, 2.3.3.3: If `then` is a function, call it with `x` as `this`, first argument `resolvePromise`, and second argument `rejectPromise` 2.3.3.3.1: If/when `resolvePromise` is called with value `y`, run `[[Resolve]](promise, y)` `y` is not a thenable `y` is an object `then` calls `resolvePromise` synchronously via return from a rejected promise:
     Error: timeout of 200ms exceeded. Ensure the done() callback is being called in this test.
  

  108) 2.3.3: Otherwise, if `x` is an object or function, 2.3.3.3: If `then` is a function, call it with `x` as `this`, first argument `resolvePromise`, and second argument `rejectPromise` 2.3.3.3.1: If/when `resolvePromise` is called with value `y`, run `[[Resolve]](promise, y)` `y` is not a thenable `y` is an object `then` calls `resolvePromise` asynchronously via return from a fulfilled promise:
     Error: timeout of 200ms exceeded. Ensure the done() callback is being called in this test.
  

  109) 2.3.3: Otherwise, if `x` is an object or function, 2.3.3.3: If `then` is a function, call it with `x` as `this`, first argument `resolvePromise`, and second argument `rejectPromise` 2.3.3.3.1: If/when `resolvePromise` is called with value `y`, run `[[Resolve]](promise, y)` `y` is not a thenable `y` is an object `then` calls `resolvePromise` asynchronously via return from a rejected promise:
     Error: timeout of 200ms exceeded. Ensure the done() callback is being called in this test.
  

  110) 2.3.3: Otherwise, if `x` is an object or function, 2.3.3.3: If `then` is a function, call it with `x` as `this`, first argument `resolvePromise`, and second argument `rejectPromise` 2.3.3.3.1: If/when `resolvePromise` is called with value `y`, run `[[Resolve]](promise, y)` `y` is not a thenable `y` is an array `then` calls `resolvePromise` synchronously via return from a fulfilled promise:
     Error: timeout of 200ms exceeded. Ensure the done() callback is being called in this test.
  

  111) 2.3.3: Otherwise, if `x` is an object or function, 2.3.3.3: If `then` is a function, call it with `x` as `this`, first argument `resolvePromise`, and second argument `rejectPromise` 2.3.3.3.1: If/when `resolvePromise` is called with value `y`, run `[[Resolve]](promise, y)` `y` is not a thenable `y` is an array `then` calls `resolvePromise` synchronously via return from a rejected promise:
     Error: timeout of 200ms exceeded. Ensure the done() callback is being called in this test.
  

  112) 2.3.3: Otherwise, if `x` is an object or function, 2.3.3.3: If `then` is a function, call it with `x` as `this`, first argument `resolvePromise`, and second argument `rejectPromise` 2.3.3.3.1: If/when `resolvePromise` is called with value `y`, run `[[Resolve]](promise, y)` `y` is not a thenable `y` is an array `then` calls `resolvePromise` asynchronously via return from a fulfilled promise:
     Error: timeout of 200ms exceeded. Ensure the done() callback is being called in this test.
  

  113) 2.3.3: Otherwise, if `x` is an object or function, 2.3.3.3: If `then` is a function, call it with `x` as `this`, first argument `resolvePromise`, and second argument `rejectPromise` 2.3.3.3.1: If/when `resolvePromise` is called with value `y`, run `[[Resolve]](promise, y)` `y` is not a thenable `y` is an array `then` calls `resolvePromise` asynchronously via return from a rejected promise:
     Error: timeout of 200ms exceeded. Ensure the done() callback is being called in this test.
  

  114) 2.3.3: Otherwise, if `x` is an object or function, 2.3.3.3: If `then` is a function, call it with `x` as `this`, first argument `resolvePromise`, and second argument `rejectPromise` 2.3.3.3.1: If/when `resolvePromise` is called with value `y`, run `[[Resolve]](promise, y)` `y` is a thenable `y` is a synchronously-fulfilled custom thenable `then` calls `resolvePromise` synchronously via return from a fulfilled promise:
     Error: timeout of 200ms exceeded. Ensure the done() callback is being called in this test.
  

  115) 2.3.3: Otherwise, if `x` is an object or function, 2.3.3.3: If `then` is a function, call it with `x` as `this`, first argument `resolvePromise`, and second argument `rejectPromise` 2.3.3.3.1: If/when `resolvePromise` is called with value `y`, run `[[Resolve]](promise, y)` `y` is a thenable `y` is a synchronously-fulfilled custom thenable `then` calls `resolvePromise` synchronously via return from a rejected promise:
     Error: timeout of 200ms exceeded. Ensure the done() callback is being called in this test.
  

  116) 2.3.3: Otherwise, if `x` is an object or function, 2.3.3.3: If `then` is a function, call it with `x` as `this`, first argument `resolvePromise`, and second argument `rejectPromise` 2.3.3.3.1: If/when `resolvePromise` is called with value `y`, run `[[Resolve]](promise, y)` `y` is a thenable `y` is a synchronously-fulfilled custom thenable `then` calls `resolvePromise` asynchronously via return from a fulfilled promise:
     Error: timeout of 200ms exceeded. Ensure the done() callback is being called in this test.
  

  117) 2.3.3: Otherwise, if `x` is an object or function, 2.3.3.3: If `then` is a function, call it with `x` as `this`, first argument `resolvePromise`, and second argument `rejectPromise` 2.3.3.3.1: If/when `resolvePromise` is called with value `y`, run `[[Resolve]](promise, y)` `y` is a thenable `y` is a synchronously-fulfilled custom thenable `then` calls `resolvePromise` asynchronously via return from a rejected promise:
     Error: timeout of 200ms exceeded. Ensure the done() callback is being called in this test.
  

  118) 2.3.3: Otherwise, if `x` is an object or function, 2.3.3.3: If `then` is a function, call it with `x` as `this`, first argument `resolvePromise`, and second argument `rejectPromise` 2.3.3.3.1: If/when `resolvePromise` is called with value `y`, run `[[Resolve]](promise, y)` `y` is a thenable `y` is an asynchronously-fulfilled custom thenable `then` calls `resolvePromise` synchronously via return from a fulfilled promise:
     Error: timeout of 200ms exceeded. Ensure the done() callback is being called in this test.
  

  119) 2.3.3: Otherwise, if `x` is an object or function, 2.3.3.3: If `then` is a function, call it with `x` as `this`, first argument `resolvePromise`, and second argument `rejectPromise` 2.3.3.3.1: If/when `resolvePromise` is called with value `y`, run `[[Resolve]](promise, y)` `y` is a thenable `y` is an asynchronously-fulfilled custom thenable `then` calls `resolvePromise` synchronously via return from a rejected promise:
     Error: timeout of 200ms exceeded. Ensure the done() callback is being called in this test.
  

  120) 2.3.3: Otherwise, if `x` is an object or function, 2.3.3.3: If `then` is a function, call it with `x` as `this`, first argument `resolvePromise`, and second argument `rejectPromise` 2.3.3.3.1: If/when `resolvePromise` is called with value `y`, run `[[Resolve]](promise, y)` `y` is a thenable `y` is an asynchronously-fulfilled custom thenable `then` calls `resolvePromise` asynchronously via return from a fulfilled promise:
     Error: timeout of 200ms exceeded. Ensure the done() callback is being called in this test.
  

  121) 2.3.3: Otherwise, if `x` is an object or function, 2.3.3.3: If `then` is a function, call it with `x` as `this`, first argument `resolvePromise`, and second argument `rejectPromise` 2.3.3.3.1: If/when `resolvePromise` is called with value `y`, run `[[Resolve]](promise, y)` `y` is a thenable `y` is an asynchronously-fulfilled custom thenable `then` calls `resolvePromise` asynchronously via return from a rejected promise:
     Error: timeout of 200ms exceeded. Ensure the done() callback is being called in this test.
  

  122) 2.3.3: Otherwise, if `x` is an object or function, 2.3.3.3: If `then` is a function, call it with `x` as `this`, first argument `resolvePromise`, and second argument `rejectPromise` 2.3.3.3.1: If/when `resolvePromise` is called with value `y`, run `[[Resolve]](promise, y)` `y` is a thenable `y` is a synchronously-fulfilled one-time thenable `then` calls `resolvePromise` synchronously via return from a fulfilled promise:
     Error: timeout of 200ms exceeded. Ensure the done() callback is being called in this test.
  

  123) 2.3.3: Otherwise, if `x` is an object or function, 2.3.3.3: If `then` is a function, call it with `x` as `this`, first argument `resolvePromise`, and second argument `rejectPromise` 2.3.3.3.1: If/when `resolvePromise` is called with value `y`, run `[[Resolve]](promise, y)` `y` is a thenable `y` is a synchronously-fulfilled one-time thenable `then` calls `resolvePromise` synchronously via return from a rejected promise:
     Error: timeout of 200ms exceeded. Ensure the done() callback is being called in this test.
  

  124) 2.3.3: Otherwise, if `x` is an object or function, 2.3.3.3: If `then` is a function, call it with `x` as `this`, first argument `resolvePromise`, and second argument `rejectPromise` 2.3.3.3.1: If/when `resolvePromise` is called with value `y`, run `[[Resolve]](promise, y)` `y` is a thenable `y` is a synchronously-fulfilled one-time thenable `then` calls `resolvePromise` asynchronously via return from a fulfilled promise:
     Error: timeout of 200ms exceeded. Ensure the done() callback is being called in this test.
  

  125) 2.3.3: Otherwise, if `x` is an object or function, 2.3.3.3: If `then` is a function, call it with `x` as `this`, first argument `resolvePromise`, and second argument `rejectPromise` 2.3.3.3.1: If/when `resolvePromise` is called with value `y`, run `[[Resolve]](promise, y)` `y` is a thenable `y` is a synchronously-fulfilled one-time thenable `then` calls `resolvePromise` asynchronously via return from a rejected promise:
     Error: timeout of 200ms exceeded. Ensure the done() callback is being called in this test.
  

  126) 2.3.3: Otherwise, if `x` is an object or function, 2.3.3.3: If `then` is a function, call it with `x` as `this`, first argument `resolvePromise`, and second argument `rejectPromise` 2.3.3.3.1: If/when `resolvePromise` is called with value `y`, run `[[Resolve]](promise, y)` `y` is a thenable `y` is a thenable that tries to fulfill twice `then` calls `resolvePromise` synchronously via return from a fulfilled promise:
     Error: timeout of 200ms exceeded. Ensure the done() callback is being called in this test.
  

  127) 2.3.3: Otherwise, if `x` is an object or function, 2.3.3.3: If `then` is a function, call it with `x` as `this`, first argument `resolvePromise`, and second argument `rejectPromise` 2.3.3.3.1: If/when `resolvePromise` is called with value `y`, run `[[Resolve]](promise, y)` `y` is a thenable `y` is a thenable that tries to fulfill twice `then` calls `resolvePromise` synchronously via return from a rejected promise:
     Error: timeout of 200ms exceeded. Ensure the done() callback is being called in this test.
  

  128) 2.3.3: Otherwise, if `x` is an object or function, 2.3.3.3: If `then` is a function, call it with `x` as `this`, first argument `resolvePromise`, and second argument `rejectPromise` 2.3.3.3.1: If/when `resolvePromise` is called with value `y`, run `[[Resolve]](promise, y)` `y` is a thenable `y` is a thenable that tries to fulfill twice `then` calls `resolvePromise` asynchronously via return from a fulfilled promise:
     Error: timeout of 200ms exceeded. Ensure the done() callback is being called in this test.
  

  129) 2.3.3: Otherwise, if `x` is an object or function, 2.3.3.3: If `then` is a function, call it with `x` as `this`, first argument `resolvePromise`, and second argument `rejectPromise` 2.3.3.3.1: If/when `resolvePromise` is called with value `y`, run `[[Resolve]](promise, y)` `y` is a thenable `y` is a thenable that tries to fulfill twice `then` calls `resolvePromise` asynchronously via return from a rejected promise:
     Error: timeout of 200ms exceeded. Ensure the done() callback is being called in this test.
  

  130) 2.3.3: Otherwise, if `x` is an object or function, 2.3.3.3: If `then` is a function, call it with `x` as `this`, first argument `resolvePromise`, and second argument `rejectPromise` 2.3.3.3.1: If/when `resolvePromise` is called with value `y`, run `[[Resolve]](promise, y)` `y` is a thenable `y` is a thenable that fulfills but then throws `then` calls `resolvePromise` synchronously via return from a fulfilled promise:
     Error: timeout of 200ms exceeded. Ensure the done() callback is being called in this test.
  

  131) 2.3.3: Otherwise, if `x` is an object or function, 2.3.3.3: If `then` is a function, call it with `x` as `this`, first argument `resolvePromise`, and second argument `rejectPromise` 2.3.3.3.1: If/when `resolvePromise` is called with value `y`, run `[[Resolve]](promise, y)` `y` is a thenable `y` is a thenable that fulfills but then throws `then` calls `resolvePromise` synchronously via return from a rejected promise:
     Error: timeout of 200ms exceeded. Ensure the done() callback is being called in this test.
  

  132) 2.3.3: Otherwise, if `x` is an object or function, 2.3.3.3: If `then` is a function, call it with `x` as `this`, first argument `resolvePromise`, and second argument `rejectPromise` 2.3.3.3.1: If/when `resolvePromise` is called with value `y`, run `[[Resolve]](promise, y)` `y` is a thenable `y` is a thenable that fulfills but then throws `then` calls `resolvePromise` asynchronously via return from a fulfilled promise:
     Error: timeout of 200ms exceeded. Ensure the done() callback is being called in this test.
  

  133) 2.3.3: Otherwise, if `x` is an object or function, 2.3.3.3: If `then` is a function, call it with `x` as `this`, first argument `resolvePromise`, and second argument `rejectPromise` 2.3.3.3.1: If/when `resolvePromise` is called with value `y`, run `[[Resolve]](promise, y)` `y` is a thenable `y` is a thenable that fulfills but then throws `then` calls `resolvePromise` asynchronously via return from a rejected promise:
     Error: timeout of 200ms exceeded. Ensure the done() callback is being called in this test.
  

  134) 2.3.3: Otherwise, if `x` is an object or function, 2.3.3.3: If `then` is a function, call it with `x` as `this`, first argument `resolvePromise`, and second argument `rejectPromise` 2.3.3.3.1: If/when `resolvePromise` is called with value `y`, run `[[Resolve]](promise, y)` `y` is a thenable `y` is an already-fulfilled promise `then` calls `resolvePromise` synchronously via return from a fulfilled promise:
     Error: timeout of 200ms exceeded. Ensure the done() callback is being called in this test.
  

  135) 2.3.3: Otherwise, if `x` is an object or function, 2.3.3.3: If `then` is a function, call it with `x` as `this`, first argument `resolvePromise`, and second argument `rejectPromise` 2.3.3.3.1: If/when `resolvePromise` is called with value `y`, run `[[Resolve]](promise, y)` `y` is a thenable `y` is an already-fulfilled promise `then` calls `resolvePromise` synchronously via return from a rejected promise:
     Error: timeout of 200ms exceeded. Ensure the done() callback is being called in this test.
  

  136) 2.3.3: Otherwise, if `x` is an object or function, 2.3.3.3: If `then` is a function, call it with `x` as `this`, first argument `resolvePromise`, and second argument `rejectPromise` 2.3.3.3.1: If/when `resolvePromise` is called with value `y`, run `[[Resolve]](promise, y)` `y` is a thenable `y` is an already-fulfilled promise `then` calls `resolvePromise` asynchronously via return from a fulfilled promise:
     Error: timeout of 200ms exceeded. Ensure the done() callback is being called in this test.
  

  137) 2.3.3: Otherwise, if `x` is an object or function, 2.3.3.3: If `then` is a function, call it with `x` as `this`, first argument `resolvePromise`, and second argument `rejectPromise` 2.3.3.3.1: If/when `resolvePromise` is called with value `y`, run `[[Resolve]](promise, y)` `y` is a thenable `y` is an already-fulfilled promise `then` calls `resolvePromise` asynchronously via return from a rejected promise:
     Error: timeout of 200ms exceeded. Ensure the done() callback is being called in this test.
  

  138) 2.3.3: Otherwise, if `x` is an object or function, 2.3.3.3: If `then` is a function, call it with `x` as `this`, first argument `resolvePromise`, and second argument `rejectPromise` 2.3.3.3.1: If/when `resolvePromise` is called with value `y`, run `[[Resolve]](promise, y)` `y` is a thenable `y` is an eventually-fulfilled promise `then` calls `resolvePromise` synchronously via return from a fulfilled promise:
     Error: timeout of 200ms exceeded. Ensure the done() callback is being called in this test.
  

  139) 2.3.3: Otherwise, if `x` is an object or function, 2.3.3.3: If `then` is a function, call it with `x` as `this`, first argument `resolvePromise`, and second argument `rejectPromise` 2.3.3.3.1: If/when `resolvePromise` is called with value `y`, run `[[Resolve]](promise, y)` `y` is a thenable `y` is an eventually-fulfilled promise `then` calls `resolvePromise` synchronously via return from a rejected promise:
     Error: timeout of 200ms exceeded. Ensure the done() callback is being called in this test.
  

  140) 2.3.3: Otherwise, if `x` is an object or function, 2.3.3.3: If `then` is a function, call it with `x` as `this`, first argument `resolvePromise`, and second argument `rejectPromise` 2.3.3.3.1: If/when `resolvePromise` is called with value `y`, run `[[Resolve]](promise, y)` `y` is a thenable `y` is an eventually-fulfilled promise `then` calls `resolvePromise` asynchronously via return from a fulfilled promise:
     Error: timeout of 200ms exceeded. Ensure the done() callback is being called in this test.
  

  141) 2.3.3: Otherwise, if `x` is an object or function, 2.3.3.3: If `then` is a function, call it with `x` as `this`, first argument `resolvePromise`, and second argument `rejectPromise` 2.3.3.3.1: If/when `resolvePromise` is called with value `y`, run `[[Resolve]](promise, y)` `y` is a thenable `y` is an eventually-fulfilled promise `then` calls `resolvePromise` asynchronously via return from a rejected promise:
     Error: timeout of 200ms exceeded. Ensure the done() callback is being called in this test.
  

  142) 2.3.3: Otherwise, if `x` is an object or function, 2.3.3.3: If `then` is a function, call it with `x` as `this`, first argument `resolvePromise`, and second argument `rejectPromise` 2.3.3.3.1: If/when `resolvePromise` is called with value `y`, run `[[Resolve]](promise, y)` `y` is a thenable `y` is a synchronously-rejected custom thenable `then` calls `resolvePromise` synchronously via return from a fulfilled promise:
     Error: timeout of 200ms exceeded. Ensure the done() callback is being called in this test.
  

  143) 2.3.3: Otherwise, if `x` is an object or function, 2.3.3.3: If `then` is a function, call it with `x` as `this`, first argument `resolvePromise`, and second argument `rejectPromise` 2.3.3.3.1: If/when `resolvePromise` is called with value `y`, run `[[Resolve]](promise, y)` `y` is a thenable `y` is a synchronously-rejected custom thenable `then` calls `resolvePromise` synchronously via return from a rejected promise:
     Error: timeout of 200ms exceeded. Ensure the done() callback is being called in this test.
  

  144) 2.3.3: Otherwise, if `x` is an object or function, 2.3.3.3: If `then` is a function, call it with `x` as `this`, first argument `resolvePromise`, and second argument `rejectPromise` 2.3.3.3.1: If/when `resolvePromise` is called with value `y`, run `[[Resolve]](promise, y)` `y` is a thenable `y` is a synchronously-rejected custom thenable `then` calls `resolvePromise` asynchronously via return from a fulfilled promise:
     Error: timeout of 200ms exceeded. Ensure the done() callback is being called in this test.
  

  145) 2.3.3: Otherwise, if `x` is an object or function, 2.3.3.3: If `then` is a function, call it with `x` as `this`, first argument `resolvePromise`, and second argument `rejectPromise` 2.3.3.3.1: If/when `resolvePromise` is called with value `y`, run `[[Resolve]](promise, y)` `y` is a thenable `y` is a synchronously-rejected custom thenable `then` calls `resolvePromise` asynchronously via return from a rejected promise:
     Error: timeout of 200ms exceeded. Ensure the done() callback is being called in this test.
  

  146) 2.3.3: Otherwise, if `x` is an object or function, 2.3.3.3: If `then` is a function, call it with `x` as `this`, first argument `resolvePromise`, and second argument `rejectPromise` 2.3.3.3.1: If/when `resolvePromise` is called with value `y`, run `[[Resolve]](promise, y)` `y` is a thenable `y` is an asynchronously-rejected custom thenable `then` calls `resolvePromise` synchronously via return from a fulfilled promise:
     Error: timeout of 200ms exceeded. Ensure the done() callback is being called in this test.
  

  147) 2.3.3: Otherwise, if `x` is an object or function, 2.3.3.3: If `then` is a function, call it with `x` as `this`, first argument `resolvePromise`, and second argument `rejectPromise` 2.3.3.3.1: If/when `resolvePromise` is called with value `y`, run `[[Resolve]](promise, y)` `y` is a thenable `y` is an asynchronously-rejected custom thenable `then` calls `resolvePromise` synchronously via return from a rejected promise:
     Error: timeout of 200ms exceeded. Ensure the done() callback is being called in this test.
  

  148) 2.3.3: Otherwise, if `x` is an object or function, 2.3.3.3: If `then` is a function, call it with `x` as `this`, first argument `resolvePromise`, and second argument `rejectPromise` 2.3.3.3.1: If/when `resolvePromise` is called with value `y`, run `[[Resolve]](promise, y)` `y` is a thenable `y` is an asynchronously-rejected custom thenable `then` calls `resolvePromise` asynchronously via return from a fulfilled promise:
     Error: timeout of 200ms exceeded. Ensure the done() callback is being called in this test.
  

  149) 2.3.3: Otherwise, if `x` is an object or function, 2.3.3.3: If `then` is a function, call it with `x` as `this`, first argument `resolvePromise`, and second argument `rejectPromise` 2.3.3.3.1: If/when `resolvePromise` is called with value `y`, run `[[Resolve]](promise, y)` `y` is a thenable `y` is an asynchronously-rejected custom thenable `then` calls `resolvePromise` asynchronously via return from a rejected promise:
     Error: timeout of 200ms exceeded. Ensure the done() callback is being called in this test.
  

  150) 2.3.3: Otherwise, if `x` is an object or function, 2.3.3.3: If `then` is a function, call it with `x` as `this`, first argument `resolvePromise`, and second argument `rejectPromise` 2.3.3.3.1: If/when `resolvePromise` is called with value `y`, run `[[Resolve]](promise, y)` `y` is a thenable `y` is a synchronously-rejected one-time thenable `then` calls `resolvePromise` synchronously via return from a fulfilled promise:
     Error: timeout of 200ms exceeded. Ensure the done() callback is being called in this test.
  

  151) 2.3.3: Otherwise, if `x` is an object or function, 2.3.3.3: If `then` is a function, call it with `x` as `this`, first argument `resolvePromise`, and second argument `rejectPromise` 2.3.3.3.1: If/when `resolvePromise` is called with value `y`, run `[[Resolve]](promise, y)` `y` is a thenable `y` is a synchronously-rejected one-time thenable `then` calls `resolvePromise` synchronously via return from a rejected promise:
     Error: timeout of 200ms exceeded. Ensure the done() callback is being called in this test.
  

  152) 2.3.3: Otherwise, if `x` is an object or function, 2.3.3.3: If `then` is a function, call it with `x` as `this`, first argument `resolvePromise`, and second argument `rejectPromise` 2.3.3.3.1: If/when `resolvePromise` is called with value `y`, run `[[Resolve]](promise, y)` `y` is a thenable `y` is a synchronously-rejected one-time thenable `then` calls `resolvePromise` asynchronously via return from a fulfilled promise:
     Error: timeout of 200ms exceeded. Ensure the done() callback is being called in this test.
  

  153) 2.3.3: Otherwise, if `x` is an object or function, 2.3.3.3: If `then` is a function, call it with `x` as `this`, first argument `resolvePromise`, and second argument `rejectPromise` 2.3.3.3.1: If/when `resolvePromise` is called with value `y`, run `[[Resolve]](promise, y)` `y` is a thenable `y` is a synchronously-rejected one-time thenable `then` calls `resolvePromise` asynchronously via return from a rejected promise:
     Error: timeout of 200ms exceeded. Ensure the done() callback is being called in this test.
  

  154) 2.3.3: Otherwise, if `x` is an object or function, 2.3.3.3: If `then` is a function, call it with `x` as `this`, first argument `resolvePromise`, and second argument `rejectPromise` 2.3.3.3.1: If/when `resolvePromise` is called with value `y`, run `[[Resolve]](promise, y)` `y` is a thenable `y` is a thenable that immediately throws in `then` `then` calls `resolvePromise` synchronously via return from a fulfilled promise:
     Error: timeout of 200ms exceeded. Ensure the done() callback is being called in this test.
  

  155) 2.3.3: Otherwise, if `x` is an object or function, 2.3.3.3: If `then` is a function, call it with `x` as `this`, first argument `resolvePromise`, and second argument `rejectPromise` 2.3.3.3.1: If/when `resolvePromise` is called with value `y`, run `[[Resolve]](promise, y)` `y` is a thenable `y` is a thenable that immediately throws in `then` `then` calls `resolvePromise` synchronously via return from a rejected promise:
     Error: timeout of 200ms exceeded. Ensure the done() callback is being called in this test.
  

  156) 2.3.3: Otherwise, if `x` is an object or function, 2.3.3.3: If `then` is a function, call it with `x` as `this`, first argument `resolvePromise`, and second argument `rejectPromise` 2.3.3.3.1: If/when `resolvePromise` is called with value `y`, run `[[Resolve]](promise, y)` `y` is a thenable `y` is a thenable that immediately throws in `then` `then` calls `resolvePromise` asynchronously via return from a fulfilled promise:
     Error: timeout of 200ms exceeded. Ensure the done() callback is being called in this test.
  

  157) 2.3.3: Otherwise, if `x` is an object or function, 2.3.3.3: If `then` is a function, call it with `x` as `this`, first argument `resolvePromise`, and second argument `rejectPromise` 2.3.3.3.1: If/when `resolvePromise` is called with value `y`, run `[[Resolve]](promise, y)` `y` is a thenable `y` is a thenable that immediately throws in `then` `then` calls `resolvePromise` asynchronously via return from a rejected promise:
     Error: timeout of 200ms exceeded. Ensure the done() callback is being called in this test.
  

  158) 2.3.3: Otherwise, if `x` is an object or function, 2.3.3.3: If `then` is a function, call it with `x` as `this`, first argument `resolvePromise`, and second argument `rejectPromise` 2.3.3.3.1: If/when `resolvePromise` is called with value `y`, run `[[Resolve]](promise, y)` `y` is a thenable `y` is an object with a throwing `then` accessor `then` calls `resolvePromise` synchronously via return from a fulfilled promise:
     Error: timeout of 200ms exceeded. Ensure the done() callback is being called in this test.
  

  159) 2.3.3: Otherwise, if `x` is an object or function, 2.3.3.3: If `then` is a function, call it with `x` as `this`, first argument `resolvePromise`, and second argument `rejectPromise` 2.3.3.3.1: If/when `resolvePromise` is called with value `y`, run `[[Resolve]](promise, y)` `y` is a thenable `y` is an object with a throwing `then` accessor `then` calls `resolvePromise` synchronously via return from a rejected promise:
     Error: timeout of 200ms exceeded. Ensure the done() callback is being called in this test.
  

  160) 2.3.3: Otherwise, if `x` is an object or function, 2.3.3.3: If `then` is a function, call it with `x` as `this`, first argument `resolvePromise`, and second argument `rejectPromise` 2.3.3.3.1: If/when `resolvePromise` is called with value `y`, run `[[Resolve]](promise, y)` `y` is a thenable `y` is an object with a throwing `then` accessor `then` calls `resolvePromise` asynchronously via return from a fulfilled promise:
     Error: timeout of 200ms exceeded. Ensure the done() callback is being called in this test.
  

  161) 2.3.3: Otherwise, if `x` is an object or function, 2.3.3.3: If `then` is a function, call it with `x` as `this`, first argument `resolvePromise`, and second argument `rejectPromise` 2.3.3.3.1: If/when `resolvePromise` is called with value `y`, run `[[Resolve]](promise, y)` `y` is a thenable `y` is an object with a throwing `then` accessor `then` calls `resolvePromise` asynchronously via return from a rejected promise:
     Error: timeout of 200ms exceeded. Ensure the done() callback is being called in this test.
  

  162) 2.3.3: Otherwise, if `x` is an object or function, 2.3.3.3: If `then` is a function, call it with `x` as `this`, first argument `resolvePromise`, and second argument `rejectPromise` 2.3.3.3.1: If/when `resolvePromise` is called with value `y`, run `[[Resolve]](promise, y)` `y` is a thenable `y` is an already-rejected promise `then` calls `resolvePromise` synchronously via return from a fulfilled promise:
     Error: timeout of 200ms exceeded. Ensure the done() callback is being called in this test.
  

  163) 2.3.3: Otherwise, if `x` is an object or function, 2.3.3.3: If `then` is a function, call it with `x` as `this`, first argument `resolvePromise`, and second argument `rejectPromise` 2.3.3.3.1: If/when `resolvePromise` is called with value `y`, run `[[Resolve]](promise, y)` `y` is a thenable `y` is an already-rejected promise `then` calls `resolvePromise` synchronously via return from a rejected promise:
     Error: timeout of 200ms exceeded. Ensure the done() callback is being called in this test.
  

  164) 2.3.3: Otherwise, if `x` is an object or function, 2.3.3.3: If `then` is a function, call it with `x` as `this`, first argument `resolvePromise`, and second argument `rejectPromise` 2.3.3.3.1: If/when `resolvePromise` is called with value `y`, run `[[Resolve]](promise, y)` `y` is a thenable `y` is an already-rejected promise `then` calls `resolvePromise` asynchronously via return from a fulfilled promise:
     Error: timeout of 200ms exceeded. Ensure the done() callback is being called in this test.
  

  165) 2.3.3: Otherwise, if `x` is an object or function, 2.3.3.3: If `then` is a function, call it with `x` as `this`, first argument `resolvePromise`, and second argument `rejectPromise` 2.3.3.3.1: If/when `resolvePromise` is called with value `y`, run `[[Resolve]](promise, y)` `y` is a thenable `y` is an already-rejected promise `then` calls `resolvePromise` asynchronously via return from a rejected promise:
     Error: timeout of 200ms exceeded. Ensure the done() callback is being called in this test.
  

  166) 2.3.3: Otherwise, if `x` is an object or function, 2.3.3.3: If `then` is a function, call it with `x` as `this`, first argument `resolvePromise`, and second argument `rejectPromise` 2.3.3.3.1: If/when `resolvePromise` is called with value `y`, run `[[Resolve]](promise, y)` `y` is a thenable `y` is an eventually-rejected promise `then` calls `resolvePromise` synchronously via return from a fulfilled promise:
     Error: timeout of 200ms exceeded. Ensure the done() callback is being called in this test.
  

  167) 2.3.3: Otherwise, if `x` is an object or function, 2.3.3.3: If `then` is a function, call it with `x` as `this`, first argument `resolvePromise`, and second argument `rejectPromise` 2.3.3.3.1: If/when `resolvePromise` is called with value `y`, run `[[Resolve]](promise, y)` `y` is a thenable `y` is an eventually-rejected promise `then` calls `resolvePromise` synchronously via return from a rejected promise:
     Error: timeout of 200ms exceeded. Ensure the done() callback is being called in this test.
  

  168) 2.3.3: Otherwise, if `x` is an object or function, 2.3.3.3: If `then` is a function, call it with `x` as `this`, first argument `resolvePromise`, and second argument `rejectPromise` 2.3.3.3.1: If/when `resolvePromise` is called with value `y`, run `[[Resolve]](promise, y)` `y` is a thenable `y` is an eventually-rejected promise `then` calls `resolvePromise` asynchronously via return from a fulfilled promise:
     Error: timeout of 200ms exceeded. Ensure the done() callback is being called in this test.
  

  169) 2.3.3: Otherwise, if `x` is an object or function, 2.3.3.3: If `then` is a function, call it with `x` as `this`, first argument `resolvePromise`, and second argument `rejectPromise` 2.3.3.3.1: If/when `resolvePromise` is called with value `y`, run `[[Resolve]](promise, y)` `y` is a thenable `y` is an eventually-rejected promise `then` calls `resolvePromise` asynchronously via return from a rejected promise:
     Error: timeout of 200ms exceeded. Ensure the done() callback is being called in this test.
  

  170) 2.3.3: Otherwise, if `x` is an object or function, 2.3.3.3: If `then` is a function, call it with `x` as `this`, first argument `resolvePromise`, and second argument `rejectPromise` 2.3.3.3.1: If/when `resolvePromise` is called with value `y`, run `[[Resolve]](promise, y)` `y` is a thenable for a thenable `y` is a synchronously-fulfilled custom thenable for a synchronously-fulfilled custom thenable `then` calls `resolvePromise` synchronously via return from a fulfilled promise:
     Error: timeout of 200ms exceeded. Ensure the done() callback is being called in this test.
  

  171) 2.3.3: Otherwise, if `x` is an object or function, 2.3.3.3: If `then` is a function, call it with `x` as `this`, first argument `resolvePromise`, and second argument `rejectPromise` 2.3.3.3.1: If/when `resolvePromise` is called with value `y`, run `[[Resolve]](promise, y)` `y` is a thenable for a thenable `y` is a synchronously-fulfilled custom thenable for a synchronously-fulfilled custom thenable `then` calls `resolvePromise` synchronously via return from a rejected promise:
     Error: timeout of 200ms exceeded. Ensure the done() callback is being called in this test.
  

  172) 2.3.3: Otherwise, if `x` is an object or function, 2.3.3.3: If `then` is a function, call it with `x` as `this`, first argument `resolvePromise`, and second argument `rejectPromise` 2.3.3.3.1: If/when `resolvePromise` is called with value `y`, run `[[Resolve]](promise, y)` `y` is a thenable for a thenable `y` is a synchronously-fulfilled custom thenable for a synchronously-fulfilled custom thenable `then` calls `resolvePromise` asynchronously via return from a fulfilled promise:
     Error: timeout of 200ms exceeded. Ensure the done() callback is being called in this test.
  

  173) 2.3.3: Otherwise, if `x` is an object or function, 2.3.3.3: If `then` is a function, call it with `x` as `this`, first argument `resolvePromise`, and second argument `rejectPromise` 2.3.3.3.1: If/when `resolvePromise` is called with value `y`, run `[[Resolve]](promise, y)` `y` is a thenable for a thenable `y` is a synchronously-fulfilled custom thenable for a synchronously-fulfilled custom thenable `then` calls `resolvePromise` asynchronously via return from a rejected promise:
     Error: timeout of 200ms exceeded. Ensure the done() callback is being called in this test.
  

  174) 2.3.3: Otherwise, if `x` is an object or function, 2.3.3.3: If `then` is a function, call it with `x` as `this`, first argument `resolvePromise`, and second argument `rejectPromise` 2.3.3.3.1: If/when `resolvePromise` is called with value `y`, run `[[Resolve]](promise, y)` `y` is a thenable for a thenable `y` is a synchronously-fulfilled custom thenable for an asynchronously-fulfilled custom thenable `then` calls `resolvePromise` synchronously via return from a fulfilled promise:
     Error: timeout of 200ms exceeded. Ensure the done() callback is being called in this test.
  

  175) 2.3.3: Otherwise, if `x` is an object or function, 2.3.3.3: If `then` is a function, call it with `x` as `this`, first argument `resolvePromise`, and second argument `rejectPromise` 2.3.3.3.1: If/when `resolvePromise` is called with value `y`, run `[[Resolve]](promise, y)` `y` is a thenable for a thenable `y` is a synchronously-fulfilled custom thenable for an asynchronously-fulfilled custom thenable `then` calls `resolvePromise` synchronously via return from a rejected promise:
     Error: timeout of 200ms exceeded. Ensure the done() callback is being called in this test.
  

  176) 2.3.3: Otherwise, if `x` is an object or function, 2.3.3.3: If `then` is a function, call it with `x` as `this`, first argument `resolvePromise`, and second argument `rejectPromise` 2.3.3.3.1: If/when `resolvePromise` is called with value `y`, run `[[Resolve]](promise, y)` `y` is a thenable for a thenable `y` is a synchronously-fulfilled custom thenable for an asynchronously-fulfilled custom thenable `then` calls `resolvePromise` asynchronously via return from a fulfilled promise:
     Error: timeout of 200ms exceeded. Ensure the done() callback is being called in this test.
  

  177) 2.3.3: Otherwise, if `x` is an object or function, 2.3.3.3: If `then` is a function, call it with `x` as `this`, first argument `resolvePromise`, and second argument `rejectPromise` 2.3.3.3.1: If/when `resolvePromise` is called with value `y`, run `[[Resolve]](promise, y)` `y` is a thenable for a thenable `y` is a synchronously-fulfilled custom thenable for an asynchronously-fulfilled custom thenable `then` calls `resolvePromise` asynchronously via return from a rejected promise:
     Error: timeout of 200ms exceeded. Ensure the done() callback is being called in this test.
  

  178) 2.3.3: Otherwise, if `x` is an object or function, 2.3.3.3: If `then` is a function, call it with `x` as `this`, first argument `resolvePromise`, and second argument `rejectPromise` 2.3.3.3.1: If/when `resolvePromise` is called with value `y`, run `[[Resolve]](promise, y)` `y` is a thenable for a thenable `y` is a synchronously-fulfilled custom thenable for a synchronously-fulfilled one-time thenable `then` calls `resolvePromise` synchronously via return from a fulfilled promise:
     Error: timeout of 200ms exceeded. Ensure the done() callback is being called in this test.
  

  179) 2.3.3: Otherwise, if `x` is an object or function, 2.3.3.3: If `then` is a function, call it with `x` as `this`, first argument `resolvePromise`, and second argument `rejectPromise` 2.3.3.3.1: If/when `resolvePromise` is called with value `y`, run `[[Resolve]](promise, y)` `y` is a thenable for a thenable `y` is a synchronously-fulfilled custom thenable for a synchronously-fulfilled one-time thenable `then` calls `resolvePromise` synchronously via return from a rejected promise:
     Error: timeout of 200ms exceeded. Ensure the done() callback is being called in this test.
  

  180) 2.3.3: Otherwise, if `x` is an object or function, 2.3.3.3: If `then` is a function, call it with `x` as `this`, first argument `resolvePromise`, and second argument `rejectPromise` 2.3.3.3.1: If/when `resolvePromise` is called with value `y`, run `[[Resolve]](promise, y)` `y` is a thenable for a thenable `y` is a synchronously-fulfilled custom thenable for a synchronously-fulfilled one-time thenable `then` calls `resolvePromise` asynchronously via return from a fulfilled promise:
     Error: timeout of 200ms exceeded. Ensure the done() callback is being called in this test.
  

  181) 2.3.3: Otherwise, if `x` is an object or function, 2.3.3.3: If `then` is a function, call it with `x` as `this`, first argument `resolvePromise`, and second argument `rejectPromise` 2.3.3.3.1: If/when `resolvePromise` is called with value `y`, run `[[Resolve]](promise, y)` `y` is a thenable for a thenable `y` is a synchronously-fulfilled custom thenable for a synchronously-fulfilled one-time thenable `then` calls `resolvePromise` asynchronously via return from a rejected promise:
     Error: timeout of 200ms exceeded. Ensure the done() callback is being called in this test.
  

  182) 2.3.3: Otherwise, if `x` is an object or function, 2.3.3.3: If `then` is a function, call it with `x` as `this`, first argument `resolvePromise`, and second argument `rejectPromise` 2.3.3.3.1: If/when `resolvePromise` is called with value `y`, run `[[Resolve]](promise, y)` `y` is a thenable for a thenable `y` is a synchronously-fulfilled custom thenable for a thenable that tries to fulfill twice `then` calls `resolvePromise` synchronously via return from a fulfilled promise:
     Error: timeout of 200ms exceeded. Ensure the done() callback is being called in this test.
  

  183) 2.3.3: Otherwise, if `x` is an object or function, 2.3.3.3: If `then` is a function, call it with `x` as `this`, first argument `resolvePromise`, and second argument `rejectPromise` 2.3.3.3.1: If/when `resolvePromise` is called with value `y`, run `[[Resolve]](promise, y)` `y` is a thenable for a thenable `y` is a synchronously-fulfilled custom thenable for a thenable that tries to fulfill twice `then` calls `resolvePromise` synchronously via return from a rejected promise:
     Error: timeout of 200ms exceeded. Ensure the done() callback is being called in this test.
  

  184) 2.3.3: Otherwise, if `x` is an object or function, 2.3.3.3: If `then` is a function, call it with `x` as `this`, first argument `resolvePromise`, and second argument `rejectPromise` 2.3.3.3.1: If/when `resolvePromise` is called with value `y`, run `[[Resolve]](promise, y)` `y` is a thenable for a thenable `y` is a synchronously-fulfilled custom thenable for a thenable that tries to fulfill twice `then` calls `resolvePromise` asynchronously via return from a fulfilled promise:
     Error: timeout of 200ms exceeded. Ensure the done() callback is being called in this test.
  

  185) 2.3.3: Otherwise, if `x` is an object or function, 2.3.3.3: If `then` is a function, call it with `x` as `this`, first argument `resolvePromise`, and second argument `rejectPromise` 2.3.3.3.1: If/when `resolvePromise` is called with value `y`, run `[[Resolve]](promise, y)` `y` is a thenable for a thenable `y` is a synchronously-fulfilled custom thenable for a thenable that tries to fulfill twice `then` calls `resolvePromise` asynchronously via return from a rejected promise:
     Error: timeout of 200ms exceeded. Ensure the done() callback is being called in this test.
  

  186) 2.3.3: Otherwise, if `x` is an object or function, 2.3.3.3: If `then` is a function, call it with `x` as `this`, first argument `resolvePromise`, and second argument `rejectPromise` 2.3.3.3.1: If/when `resolvePromise` is called with value `y`, run `[[Resolve]](promise, y)` `y` is a thenable for a thenable `y` is a synchronously-fulfilled custom thenable for a thenable that fulfills but then throws `then` calls `resolvePromise` synchronously via return from a fulfilled promise:
     Error: timeout of 200ms exceeded. Ensure the done() callback is being called in this test.
  

  187) 2.3.3: Otherwise, if `x` is an object or function, 2.3.3.3: If `then` is a function, call it with `x` as `this`, first argument `resolvePromise`, and second argument `rejectPromise` 2.3.3.3.1: If/when `resolvePromise` is called with value `y`, run `[[Resolve]](promise, y)` `y` is a thenable for a thenable `y` is a synchronously-fulfilled custom thenable for a thenable that fulfills but then throws `then` calls `resolvePromise` synchronously via return from a rejected promise:
     Error: timeout of 200ms exceeded. Ensure the done() callback is being called in this test.
  

  188) 2.3.3: Otherwise, if `x` is an object or function, 2.3.3.3: If `then` is a function, call it with `x` as `this`, first argument `resolvePromise`, and second argument `rejectPromise` 2.3.3.3.1: If/when `resolvePromise` is called with value `y`, run `[[Resolve]](promise, y)` `y` is a thenable for a thenable `y` is a synchronously-fulfilled custom thenable for a thenable that fulfills but then throws `then` calls `resolvePromise` asynchronously via return from a fulfilled promise:
     Error: timeout of 200ms exceeded. Ensure the done() callback is being called in this test.
  

  189) 2.3.3: Otherwise, if `x` is an object or function, 2.3.3.3: If `then` is a function, call it with `x` as `this`, first argument `resolvePromise`, and second argument `rejectPromise` 2.3.3.3.1: If/when `resolvePromise` is called with value `y`, run `[[Resolve]](promise, y)` `y` is a thenable for a thenable `y` is a synchronously-fulfilled custom thenable for a thenable that fulfills but then throws `then` calls `resolvePromise` asynchronously via return from a rejected promise:
     Error: timeout of 200ms exceeded. Ensure the done() callback is being called in this test.
  

  190) 2.3.3: Otherwise, if `x` is an object or function, 2.3.3.3: If `then` is a function, call it with `x` as `this`, first argument `resolvePromise`, and second argument `rejectPromise` 2.3.3.3.1: If/when `resolvePromise` is called with value `y`, run `[[Resolve]](promise, y)` `y` is a thenable for a thenable `y` is a synchronously-fulfilled custom thenable for an already-fulfilled promise `then` calls `resolvePromise` synchronously via return from a fulfilled promise:
     Error: timeout of 200ms exceeded. Ensure the done() callback is being called in this test.
  

  191) 2.3.3: Otherwise, if `x` is an object or function, 2.3.3.3: If `then` is a function, call it with `x` as `this`, first argument `resolvePromise`, and second argument `rejectPromise` 2.3.3.3.1: If/when `resolvePromise` is called with value `y`, run `[[Resolve]](promise, y)` `y` is a thenable for a thenable `y` is a synchronously-fulfilled custom thenable for an already-fulfilled promise `then` calls `resolvePromise` synchronously via return from a rejected promise:
     Error: timeout of 200ms exceeded. Ensure the done() callback is being called in this test.
  

  192) 2.3.3: Otherwise, if `x` is an object or function, 2.3.3.3: If `then` is a function, call it with `x` as `this`, first argument `resolvePromise`, and second argument `rejectPromise` 2.3.3.3.1: If/when `resolvePromise` is called with value `y`, run `[[Resolve]](promise, y)` `y` is a thenable for a thenable `y` is a synchronously-fulfilled custom thenable for an already-fulfilled promise `then` calls `resolvePromise` asynchronously via return from a fulfilled promise:
     Error: timeout of 200ms exceeded. Ensure the done() callback is being called in this test.
  

  193) 2.3.3: Otherwise, if `x` is an object or function, 2.3.3.3: If `then` is a function, call it with `x` as `this`, first argument `resolvePromise`, and second argument `rejectPromise` 2.3.3.3.1: If/when `resolvePromise` is called with value `y`, run `[[Resolve]](promise, y)` `y` is a thenable for a thenable `y` is a synchronously-fulfilled custom thenable for an already-fulfilled promise `then` calls `resolvePromise` asynchronously via return from a rejected promise:
     Error: timeout of 200ms exceeded. Ensure the done() callback is being called in this test.
  

  194) 2.3.3: Otherwise, if `x` is an object or function, 2.3.3.3: If `then` is a function, call it with `x` as `this`, first argument `resolvePromise`, and second argument `rejectPromise` 2.3.3.3.1: If/when `resolvePromise` is called with value `y`, run `[[Resolve]](promise, y)` `y` is a thenable for a thenable `y` is a synchronously-fulfilled custom thenable for an eventually-fulfilled promise `then` calls `resolvePromise` synchronously via return from a fulfilled promise:
     Error: timeout of 200ms exceeded. Ensure the done() callback is being called in this test.
  

  195) 2.3.3: Otherwise, if `x` is an object or function, 2.3.3.3: If `then` is a function, call it with `x` as `this`, first argument `resolvePromise`, and second argument `rejectPromise` 2.3.3.3.1: If/when `resolvePromise` is called with value `y`, run `[[Resolve]](promise, y)` `y` is a thenable for a thenable `y` is a synchronously-fulfilled custom thenable for an eventually-fulfilled promise `then` calls `resolvePromise` synchronously via return from a rejected promise:
     Error: timeout of 200ms exceeded. Ensure the done() callback is being called in this test.
  

  196) 2.3.3: Otherwise, if `x` is an object or function, 2.3.3.3: If `then` is a function, call it with `x` as `this`, first argument `resolvePromise`, and second argument `rejectPromise` 2.3.3.3.1: If/when `resolvePromise` is called with value `y`, run `[[Resolve]](promise, y)` `y` is a thenable for a thenable `y` is a synchronously-fulfilled custom thenable for an eventually-fulfilled promise `then` calls `resolvePromise` asynchronously via return from a fulfilled promise:
     Error: timeout of 200ms exceeded. Ensure the done() callback is being called in this test.
  

  197) 2.3.3: Otherwise, if `x` is an object or function, 2.3.3.3: If `then` is a function, call it with `x` as `this`, first argument `resolvePromise`, and second argument `rejectPromise` 2.3.3.3.1: If/when `resolvePromise` is called with value `y`, run `[[Resolve]](promise, y)` `y` is a thenable for a thenable `y` is a synchronously-fulfilled custom thenable for an eventually-fulfilled promise `then` calls `resolvePromise` asynchronously via return from a rejected promise:
     Error: timeout of 200ms exceeded. Ensure the done() callback is being called in this test.
  

  198) 2.3.3: Otherwise, if `x` is an object or function, 2.3.3.3: If `then` is a function, call it with `x` as `this`, first argument `resolvePromise`, and second argument `rejectPromise` 2.3.3.3.1: If/when `resolvePromise` is called with value `y`, run `[[Resolve]](promise, y)` `y` is a thenable for a thenable `y` is a synchronously-fulfilled custom thenable for a synchronously-rejected custom thenable `then` calls `resolvePromise` synchronously via return from a fulfilled promise:
     Error: timeout of 200ms exceeded. Ensure the done() callback is being called in this test.
  

  199) 2.3.3: Otherwise, if `x` is an object or function, 2.3.3.3: If `then` is a function, call it with `x` as `this`, first argument `resolvePromise`, and second argument `rejectPromise` 2.3.3.3.1: If/when `resolvePromise` is called with value `y`, run `[[Resolve]](promise, y)` `y` is a thenable for a thenable `y` is a synchronously-fulfilled custom thenable for a synchronously-rejected custom thenable `then` calls `resolvePromise` synchronously via return from a rejected promise:
     Error: timeout of 200ms exceeded. Ensure the done() callback is being called in this test.
  

  200) 2.3.3: Otherwise, if `x` is an object or function, 2.3.3.3: If `then` is a function, call it with `x` as `this`, first argument `resolvePromise`, and second argument `rejectPromise` 2.3.3.3.1: If/when `resolvePromise` is called with value `y`, run `[[Resolve]](promise, y)` `y` is a thenable for a thenable `y` is a synchronously-fulfilled custom thenable for a synchronously-rejected custom thenable `then` calls `resolvePromise` asynchronously via return from a fulfilled promise:
     Error: timeout of 200ms exceeded. Ensure the done() callback is being called in this test.
  

  201) 2.3.3: Otherwise, if `x` is an object or function, 2.3.3.3: If `then` is a function, call it with `x` as `this`, first argument `resolvePromise`, and second argument `rejectPromise` 2.3.3.3.1: If/when `resolvePromise` is called with value `y`, run `[[Resolve]](promise, y)` `y` is a thenable for a thenable `y` is a synchronously-fulfilled custom thenable for a synchronously-rejected custom thenable `then` calls `resolvePromise` asynchronously via return from a rejected promise:
     Error: timeout of 200ms exceeded. Ensure the done() callback is being called in this test.
  

  202) 2.3.3: Otherwise, if `x` is an object or function, 2.3.3.3: If `then` is a function, call it with `x` as `this`, first argument `resolvePromise`, and second argument `rejectPromise` 2.3.3.3.1: If/when `resolvePromise` is called with value `y`, run `[[Resolve]](promise, y)` `y` is a thenable for a thenable `y` is a synchronously-fulfilled custom thenable for an asynchronously-rejected custom thenable `then` calls `resolvePromise` synchronously via return from a fulfilled promise:
     Error: timeout of 200ms exceeded. Ensure the done() callback is being called in this test.
  

  203) 2.3.3: Otherwise, if `x` is an object or function, 2.3.3.3: If `then` is a function, call it with `x` as `this`, first argument `resolvePromise`, and second argument `rejectPromise` 2.3.3.3.1: If/when `resolvePromise` is called with value `y`, run `[[Resolve]](promise, y)` `y` is a thenable for a thenable `y` is a synchronously-fulfilled custom thenable for an asynchronously-rejected custom thenable `then` calls `resolvePromise` synchronously via return from a rejected promise:
     Error: timeout of 200ms exceeded. Ensure the done() callback is being called in this test.
  

  204) 2.3.3: Otherwise, if `x` is an object or function, 2.3.3.3: If `then` is a function, call it with `x` as `this`, first argument `resolvePromise`, and second argument `rejectPromise` 2.3.3.3.1: If/when `resolvePromise` is called with value `y`, run `[[Resolve]](promise, y)` `y` is a thenable for a thenable `y` is a synchronously-fulfilled custom thenable for an asynchronously-rejected custom thenable `then` calls `resolvePromise` asynchronously via return from a fulfilled promise:
     Error: timeout of 200ms exceeded. Ensure the done() callback is being called in this test.
  

  205) 2.3.3: Otherwise, if `x` is an object or function, 2.3.3.3: If `then` is a function, call it with `x` as `this`, first argument `resolvePromise`, and second argument `rejectPromise` 2.3.3.3.1: If/when `resolvePromise` is called with value `y`, run `[[Resolve]](promise, y)` `y` is a thenable for a thenable `y` is a synchronously-fulfilled custom thenable for an asynchronously-rejected custom thenable `then` calls `resolvePromise` asynchronously via return from a rejected promise:
     Error: timeout of 200ms exceeded. Ensure the done() callback is being called in this test.
  

  206) 2.3.3: Otherwise, if `x` is an object or function, 2.3.3.3: If `then` is a function, call it with `x` as `this`, first argument `resolvePromise`, and second argument `rejectPromise` 2.3.3.3.1: If/when `resolvePromise` is called with value `y`, run `[[Resolve]](promise, y)` `y` is a thenable for a thenable `y` is a synchronously-fulfilled custom thenable for a synchronously-rejected one-time thenable `then` calls `resolvePromise` synchronously via return from a fulfilled promise:
     Error: timeout of 200ms exceeded. Ensure the done() callback is being called in this test.
  

  207) 2.3.3: Otherwise, if `x` is an object or function, 2.3.3.3: If `then` is a function, call it with `x` as `this`, first argument `resolvePromise`, and second argument `rejectPromise` 2.3.3.3.1: If/when `resolvePromise` is called with value `y`, run `[[Resolve]](promise, y)` `y` is a thenable for a thenable `y` is a synchronously-fulfilled custom thenable for a synchronously-rejected one-time thenable `then` calls `resolvePromise` synchronously via return from a rejected promise:
     Error: timeout of 200ms exceeded. Ensure the done() callback is being called in this test.
  

  208) 2.3.3: Otherwise, if `x` is an object or function, 2.3.3.3: If `then` is a function, call it with `x` as `this`, first argument `resolvePromise`, and second argument `rejectPromise` 2.3.3.3.1: If/when `resolvePromise` is called with value `y`, run `[[Resolve]](promise, y)` `y` is a thenable for a thenable `y` is a synchronously-fulfilled custom thenable for a synchronously-rejected one-time thenable `then` calls `resolvePromise` asynchronously via return from a fulfilled promise:
     Error: timeout of 200ms exceeded. Ensure the done() callback is being called in this test.
  

  209) 2.3.3: Otherwise, if `x` is an object or function, 2.3.3.3: If `then` is a function, call it with `x` as `this`, first argument `resolvePromise`, and second argument `rejectPromise` 2.3.3.3.1: If/when `resolvePromise` is called with value `y`, run `[[Resolve]](promise, y)` `y` is a thenable for a thenable `y` is a synchronously-fulfilled custom thenable for a synchronously-rejected one-time thenable `then` calls `resolvePromise` asynchronously via return from a rejected promise:
     Error: timeout of 200ms exceeded. Ensure the done() callback is being called in this test.
  

  210) 2.3.3: Otherwise, if `x` is an object or function, 2.3.3.3: If `then` is a function, call it with `x` as `this`, first argument `resolvePromise`, and second argument `rejectPromise` 2.3.3.3.1: If/when `resolvePromise` is called with value `y`, run `[[Resolve]](promise, y)` `y` is a thenable for a thenable `y` is a synchronously-fulfilled custom thenable for a thenable that immediately throws in `then` `then` calls `resolvePromise` synchronously via return from a fulfilled promise:
     Error: timeout of 200ms exceeded. Ensure the done() callback is being called in this test.
  

  211) 2.3.3: Otherwise, if `x` is an object or function, 2.3.3.3: If `then` is a function, call it with `x` as `this`, first argument `resolvePromise`, and second argument `rejectPromise` 2.3.3.3.1: If/when `resolvePromise` is called with value `y`, run `[[Resolve]](promise, y)` `y` is a thenable for a thenable `y` is a synchronously-fulfilled custom thenable for a thenable that immediately throws in `then` `then` calls `resolvePromise` synchronously via return from a rejected promise:
     Error: timeout of 200ms exceeded. Ensure the done() callback is being called in this test.
  

  212) 2.3.3: Otherwise, if `x` is an object or function, 2.3.3.3: If `then` is a function, call it with `x` as `this`, first argument `resolvePromise`, and second argument `rejectPromise` 2.3.3.3.1: If/when `resolvePromise` is called with value `y`, run `[[Resolve]](promise, y)` `y` is a thenable for a thenable `y` is a synchronously-fulfilled custom thenable for a thenable that immediately throws in `then` `then` calls `resolvePromise` asynchronously via return from a fulfilled promise:
     Error: timeout of 200ms exceeded. Ensure the done() callback is being called in this test.
  

  213) 2.3.3: Otherwise, if `x` is an object or function, 2.3.3.3: If `then` is a function, call it with `x` as `this`, first argument `resolvePromise`, and second argument `rejectPromise` 2.3.3.3.1: If/when `resolvePromise` is called with value `y`, run `[[Resolve]](promise, y)` `y` is a thenable for a thenable `y` is a synchronously-fulfilled custom thenable for a thenable that immediately throws in `then` `then` calls `resolvePromise` asynchronously via return from a rejected promise:
     Error: timeout of 200ms exceeded. Ensure the done() callback is being called in this test.
  

  214) 2.3.3: Otherwise, if `x` is an object or function, 2.3.3.3: If `then` is a function, call it with `x` as `this`, first argument `resolvePromise`, and second argument `rejectPromise` 2.3.3.3.1: If/when `resolvePromise` is called with value `y`, run `[[Resolve]](promise, y)` `y` is a thenable for a thenable `y` is a synchronously-fulfilled custom thenable for an object with a throwing `then` accessor `then` calls `resolvePromise` synchronously via return from a fulfilled promise:
     Error: timeout of 200ms exceeded. Ensure the done() callback is being called in this test.
  

  215) 2.3.3: Otherwise, if `x` is an object or function, 2.3.3.3: If `then` is a function, call it with `x` as `this`, first argument `resolvePromise`, and second argument `rejectPromise` 2.3.3.3.1: If/when `resolvePromise` is called with value `y`, run `[[Resolve]](promise, y)` `y` is a thenable for a thenable `y` is a synchronously-fulfilled custom thenable for an object with a throwing `then` accessor `then` calls `resolvePromise` synchronously via return from a rejected promise:
     Error: timeout of 200ms exceeded. Ensure the done() callback is being called in this test.
  

  216) 2.3.3: Otherwise, if `x` is an object or function, 2.3.3.3: If `then` is a function, call it with `x` as `this`, first argument `resolvePromise`, and second argument `rejectPromise` 2.3.3.3.1: If/when `resolvePromise` is called with value `y`, run `[[Resolve]](promise, y)` `y` is a thenable for a thenable `y` is a synchronously-fulfilled custom thenable for an object with a throwing `then` accessor `then` calls `resolvePromise` asynchronously via return from a fulfilled promise:
     Error: timeout of 200ms exceeded. Ensure the done() callback is being called in this test.
  

  217) 2.3.3: Otherwise, if `x` is an object or function, 2.3.3.3: If `then` is a function, call it with `x` as `this`, first argument `resolvePromise`, and second argument `rejectPromise` 2.3.3.3.1: If/when `resolvePromise` is called with value `y`, run `[[Resolve]](promise, y)` `y` is a thenable for a thenable `y` is a synchronously-fulfilled custom thenable for an object with a throwing `then` accessor `then` calls `resolvePromise` asynchronously via return from a rejected promise:
     Error: timeout of 200ms exceeded. Ensure the done() callback is being called in this test.
  

  218) 2.3.3: Otherwise, if `x` is an object or function, 2.3.3.3: If `then` is a function, call it with `x` as `this`, first argument `resolvePromise`, and second argument `rejectPromise` 2.3.3.3.1: If/when `resolvePromise` is called with value `y`, run `[[Resolve]](promise, y)` `y` is a thenable for a thenable `y` is a synchronously-fulfilled custom thenable for an already-rejected promise `then` calls `resolvePromise` synchronously via return from a fulfilled promise:
     Error: timeout of 200ms exceeded. Ensure the done() callback is being called in this test.
  

  219) 2.3.3: Otherwise, if `x` is an object or function, 2.3.3.3: If `then` is a function, call it with `x` as `this`, first argument `resolvePromise`, and second argument `rejectPromise` 2.3.3.3.1: If/when `resolvePromise` is called with value `y`, run `[[Resolve]](promise, y)` `y` is a thenable for a thenable `y` is a synchronously-fulfilled custom thenable for an already-rejected promise `then` calls `resolvePromise` synchronously via return from a rejected promise:
     Error: timeout of 200ms exceeded. Ensure the done() callback is being called in this test.
  

  220) 2.3.3: Otherwise, if `x` is an object or function, 2.3.3.3: If `then` is a function, call it with `x` as `this`, first argument `resolvePromise`, and second argument `rejectPromise` 2.3.3.3.1: If/when `resolvePromise` is called with value `y`, run `[[Resolve]](promise, y)` `y` is a thenable for a thenable `y` is a synchronously-fulfilled custom thenable for an already-rejected promise `then` calls `resolvePromise` asynchronously via return from a fulfilled promise:
     Error: timeout of 200ms exceeded. Ensure the done() callback is being called in this test.
  

  221) 2.3.3: Otherwise, if `x` is an object or function, 2.3.3.3: If `then` is a function, call it with `x` as `this`, first argument `resolvePromise`, and second argument `rejectPromise` 2.3.3.3.1: If/when `resolvePromise` is called with value `y`, run `[[Resolve]](promise, y)` `y` is a thenable for a thenable `y` is a synchronously-fulfilled custom thenable for an already-rejected promise `then` calls `resolvePromise` asynchronously via return from a rejected promise:
     Error: timeout of 200ms exceeded. Ensure the done() callback is being called in this test.
  

  222) 2.3.3: Otherwise, if `x` is an object or function, 2.3.3.3: If `then` is a function, call it with `x` as `this`, first argument `resolvePromise`, and second argument `rejectPromise` 2.3.3.3.1: If/when `resolvePromise` is called with value `y`, run `[[Resolve]](promise, y)` `y` is a thenable for a thenable `y` is a synchronously-fulfilled custom thenable for an eventually-rejected promise `then` calls `resolvePromise` synchronously via return from a fulfilled promise:
     Error: timeout of 200ms exceeded. Ensure the done() callback is being called in this test.
  

  223) 2.3.3: Otherwise, if `x` is an object or function, 2.3.3.3: If `then` is a function, call it with `x` as `this`, first argument `resolvePromise`, and second argument `rejectPromise` 2.3.3.3.1: If/when `resolvePromise` is called with value `y`, run `[[Resolve]](promise, y)` `y` is a thenable for a thenable `y` is a synchronously-fulfilled custom thenable for an eventually-rejected promise `then` calls `resolvePromise` synchronously via return from a rejected promise:
     Error: timeout of 200ms exceeded. Ensure the done() callback is being called in this test.
  

  224) 2.3.3: Otherwise, if `x` is an object or function, 2.3.3.3: If `then` is a function, call it with `x` as `this`, first argument `resolvePromise`, and second argument `rejectPromise` 2.3.3.3.1: If/when `resolvePromise` is called with value `y`, run `[[Resolve]](promise, y)` `y` is a thenable for a thenable `y` is a synchronously-fulfilled custom thenable for an eventually-rejected promise `then` calls `resolvePromise` asynchronously via return from a fulfilled promise:
     Error: timeout of 200ms exceeded. Ensure the done() callback is being called in this test.
  

  225) 2.3.3: Otherwise, if `x` is an object or function, 2.3.3.3: If `then` is a function, call it with `x` as `this`, first argument `resolvePromise`, and second argument `rejectPromise` 2.3.3.3.1: If/when `resolvePromise` is called with value `y`, run `[[Resolve]](promise, y)` `y` is a thenable for a thenable `y` is a synchronously-fulfilled custom thenable for an eventually-rejected promise `then` calls `resolvePromise` asynchronously via return from a rejected promise:
     Error: timeout of 200ms exceeded. Ensure the done() callback is being called in this test.
  

  226) 2.3.3: Otherwise, if `x` is an object or function, 2.3.3.3: If `then` is a function, call it with `x` as `this`, first argument `resolvePromise`, and second argument `rejectPromise` 2.3.3.3.1: If/when `resolvePromise` is called with value `y`, run `[[Resolve]](promise, y)` `y` is a thenable for a thenable `y` is an asynchronously-fulfilled custom thenable for a synchronously-fulfilled custom thenable `then` calls `resolvePromise` synchronously via return from a fulfilled promise:
     Error: timeout of 200ms exceeded. Ensure the done() callback is being called in this test.
  

  227) 2.3.3: Otherwise, if `x` is an object or function, 2.3.3.3: If `then` is a function, call it with `x` as `this`, first argument `resolvePromise`, and second argument `rejectPromise` 2.3.3.3.1: If/when `resolvePromise` is called with value `y`, run `[[Resolve]](promise, y)` `y` is a thenable for a thenable `y` is an asynchronously-fulfilled custom thenable for a synchronously-fulfilled custom thenable `then` calls `resolvePromise` synchronously via return from a rejected promise:
     Error: timeout of 200ms exceeded. Ensure the done() callback is being called in this test.
  

  228) 2.3.3: Otherwise, if `x` is an object or function, 2.3.3.3: If `then` is a function, call it with `x` as `this`, first argument `resolvePromise`, and second argument `rejectPromise` 2.3.3.3.1: If/when `resolvePromise` is called with value `y`, run `[[Resolve]](promise, y)` `y` is a thenable for a thenable `y` is an asynchronously-fulfilled custom thenable for a synchronously-fulfilled custom thenable `then` calls `resolvePromise` asynchronously via return from a fulfilled promise:
     Error: timeout of 200ms exceeded. Ensure the done() callback is being called in this test.
  

  229) 2.3.3: Otherwise, if `x` is an object or function, 2.3.3.3: If `then` is a function, call it with `x` as `this`, first argument `resolvePromise`, and second argument `rejectPromise` 2.3.3.3.1: If/when `resolvePromise` is called with value `y`, run `[[Resolve]](promise, y)` `y` is a thenable for a thenable `y` is an asynchronously-fulfilled custom thenable for a synchronously-fulfilled custom thenable `then` calls `resolvePromise` asynchronously via return from a rejected promise:
     Error: timeout of 200ms exceeded. Ensure the done() callback is being called in this test.
  

  230) 2.3.3: Otherwise, if `x` is an object or function, 2.3.3.3: If `then` is a function, call it with `x` as `this`, first argument `resolvePromise`, and second argument `rejectPromise` 2.3.3.3.1: If/when `resolvePromise` is called with value `y`, run `[[Resolve]](promise, y)` `y` is a thenable for a thenable `y` is an asynchronously-fulfilled custom thenable for an asynchronously-fulfilled custom thenable `then` calls `resolvePromise` synchronously via return from a fulfilled promise:
     Error: timeout of 200ms exceeded. Ensure the done() callback is being called in this test.
  

  231) 2.3.3: Otherwise, if `x` is an object or function, 2.3.3.3: If `then` is a function, call it with `x` as `this`, first argument `resolvePromise`, and second argument `rejectPromise` 2.3.3.3.1: If/when `resolvePromise` is called with value `y`, run `[[Resolve]](promise, y)` `y` is a thenable for a thenable `y` is an asynchronously-fulfilled custom thenable for an asynchronously-fulfilled custom thenable `then` calls `resolvePromise` synchronously via return from a rejected promise:
     Error: timeout of 200ms exceeded. Ensure the done() callback is being called in this test.
  

  232) 2.3.3: Otherwise, if `x` is an object or function, 2.3.3.3: If `then` is a function, call it with `x` as `this`, first argument `resolvePromise`, and second argument `rejectPromise` 2.3.3.3.1: If/when `resolvePromise` is called with value `y`, run `[[Resolve]](promise, y)` `y` is a thenable for a thenable `y` is an asynchronously-fulfilled custom thenable for an asynchronously-fulfilled custom thenable `then` calls `resolvePromise` asynchronously via return from a fulfilled promise:
     Error: timeout of 200ms exceeded. Ensure the done() callback is being called in this test.
  

  233) 2.3.3: Otherwise, if `x` is an object or function, 2.3.3.3: If `then` is a function, call it with `x` as `this`, first argument `resolvePromise`, and second argument `rejectPromise` 2.3.3.3.1: If/when `resolvePromise` is called with value `y`, run `[[Resolve]](promise, y)` `y` is a thenable for a thenable `y` is an asynchronously-fulfilled custom thenable for an asynchronously-fulfilled custom thenable `then` calls `resolvePromise` asynchronously via return from a rejected promise:
     Error: timeout of 200ms exceeded. Ensure the done() callback is being called in this test.
  

  234) 2.3.3: Otherwise, if `x` is an object or function, 2.3.3.3: If `then` is a function, call it with `x` as `this`, first argument `resolvePromise`, and second argument `rejectPromise` 2.3.3.3.1: If/when `resolvePromise` is called with value `y`, run `[[Resolve]](promise, y)` `y` is a thenable for a thenable `y` is an asynchronously-fulfilled custom thenable for a synchronously-fulfilled one-time thenable `then` calls `resolvePromise` synchronously via return from a fulfilled promise:
     Error: timeout of 200ms exceeded. Ensure the done() callback is being called in this test.
  

  235) 2.3.3: Otherwise, if `x` is an object or function, 2.3.3.3: If `then` is a function, call it with `x` as `this`, first argument `resolvePromise`, and second argument `rejectPromise` 2.3.3.3.1: If/when `resolvePromise` is called with value `y`, run `[[Resolve]](promise, y)` `y` is a thenable for a thenable `y` is an asynchronously-fulfilled custom thenable for a synchronously-fulfilled one-time thenable `then` calls `resolvePromise` synchronously via return from a rejected promise:
     Error: timeout of 200ms exceeded. Ensure the done() callback is being called in this test.
  

  236) 2.3.3: Otherwise, if `x` is an object or function, 2.3.3.3: If `then` is a function, call it with `x` as `this`, first argument `resolvePromise`, and second argument `rejectPromise` 2.3.3.3.1: If/when `resolvePromise` is called with value `y`, run `[[Resolve]](promise, y)` `y` is a thenable for a thenable `y` is an asynchronously-fulfilled custom thenable for a synchronously-fulfilled one-time thenable `then` calls `resolvePromise` asynchronously via return from a fulfilled promise:
     Error: timeout of 200ms exceeded. Ensure the done() callback is being called in this test.
  

  237) 2.3.3: Otherwise, if `x` is an object or function, 2.3.3.3: If `then` is a function, call it with `x` as `this`, first argument `resolvePromise`, and second argument `rejectPromise` 2.3.3.3.1: If/when `resolvePromise` is called with value `y`, run `[[Resolve]](promise, y)` `y` is a thenable for a thenable `y` is an asynchronously-fulfilled custom thenable for a synchronously-fulfilled one-time thenable `then` calls `resolvePromise` asynchronously via return from a rejected promise:
     Error: timeout of 200ms exceeded. Ensure the done() callback is being called in this test.
  

  238) 2.3.3: Otherwise, if `x` is an object or function, 2.3.3.3: If `then` is a function, call it with `x` as `this`, first argument `resolvePromise`, and second argument `rejectPromise` 2.3.3.3.1: If/when `resolvePromise` is called with value `y`, run `[[Resolve]](promise, y)` `y` is a thenable for a thenable `y` is an asynchronously-fulfilled custom thenable for a thenable that tries to fulfill twice `then` calls `resolvePromise` synchronously via return from a fulfilled promise:
     Error: timeout of 200ms exceeded. Ensure the done() callback is being called in this test.
  

  239) 2.3.3: Otherwise, if `x` is an object or function, 2.3.3.3: If `then` is a function, call it with `x` as `this`, first argument `resolvePromise`, and second argument `rejectPromise` 2.3.3.3.1: If/when `resolvePromise` is called with value `y`, run `[[Resolve]](promise, y)` `y` is a thenable for a thenable `y` is an asynchronously-fulfilled custom thenable for a thenable that tries to fulfill twice `then` calls `resolvePromise` synchronously via return from a rejected promise:
     Error: timeout of 200ms exceeded. Ensure the done() callback is being called in this test.
  

  240) 2.3.3: Otherwise, if `x` is an object or function, 2.3.3.3: If `then` is a function, call it with `x` as `this`, first argument `resolvePromise`, and second argument `rejectPromise` 2.3.3.3.1: If/when `resolvePromise` is called with value `y`, run `[[Resolve]](promise, y)` `y` is a thenable for a thenable `y` is an asynchronously-fulfilled custom thenable for a thenable that tries to fulfill twice `then` calls `resolvePromise` asynchronously via return from a fulfilled promise:
     Error: timeout of 200ms exceeded. Ensure the done() callback is being called in this test.
  

  241) 2.3.3: Otherwise, if `x` is an object or function, 2.3.3.3: If `then` is a function, call it with `x` as `this`, first argument `resolvePromise`, and second argument `rejectPromise` 2.3.3.3.1: If/when `resolvePromise` is called with value `y`, run `[[Resolve]](promise, y)` `y` is a thenable for a thenable `y` is an asynchronously-fulfilled custom thenable for a thenable that tries to fulfill twice `then` calls `resolvePromise` asynchronously via return from a rejected promise:
     Error: timeout of 200ms exceeded. Ensure the done() callback is being called in this test.
  

  242) 2.3.3: Otherwise, if `x` is an object or function, 2.3.3.3: If `then` is a function, call it with `x` as `this`, first argument `resolvePromise`, and second argument `rejectPromise` 2.3.3.3.1: If/when `resolvePromise` is called with value `y`, run `[[Resolve]](promise, y)` `y` is a thenable for a thenable `y` is an asynchronously-fulfilled custom thenable for a thenable that fulfills but then throws `then` calls `resolvePromise` synchronously via return from a fulfilled promise:
     Error: timeout of 200ms exceeded. Ensure the done() callback is being called in this test.
  

  243) 2.3.3: Otherwise, if `x` is an object or function, 2.3.3.3: If `then` is a function, call it with `x` as `this`, first argument `resolvePromise`, and second argument `rejectPromise` 2.3.3.3.1: If/when `resolvePromise` is called with value `y`, run `[[Resolve]](promise, y)` `y` is a thenable for a thenable `y` is an asynchronously-fulfilled custom thenable for a thenable that fulfills but then throws `then` calls `resolvePromise` synchronously via return from a rejected promise:
     Error: timeout of 200ms exceeded. Ensure the done() callback is being called in this test.
  

  244) 2.3.3: Otherwise, if `x` is an object or function, 2.3.3.3: If `then` is a function, call it with `x` as `this`, first argument `resolvePromise`, and second argument `rejectPromise` 2.3.3.3.1: If/when `resolvePromise` is called with value `y`, run `[[Resolve]](promise, y)` `y` is a thenable for a thenable `y` is an asynchronously-fulfilled custom thenable for a thenable that fulfills but then throws `then` calls `resolvePromise` asynchronously via return from a fulfilled promise:
     Error: timeout of 200ms exceeded. Ensure the done() callback is being called in this test.
  

  245) 2.3.3: Otherwise, if `x` is an object or function, 2.3.3.3: If `then` is a function, call it with `x` as `this`, first argument `resolvePromise`, and second argument `rejectPromise` 2.3.3.3.1: If/when `resolvePromise` is called with value `y`, run `[[Resolve]](promise, y)` `y` is a thenable for a thenable `y` is an asynchronously-fulfilled custom thenable for a thenable that fulfills but then throws `then` calls `resolvePromise` asynchronously via return from a rejected promise:
     Error: timeout of 200ms exceeded. Ensure the done() callback is being called in this test.
  

  246) 2.3.3: Otherwise, if `x` is an object or function, 2.3.3.3: If `then` is a function, call it with `x` as `this`, first argument `resolvePromise`, and second argument `rejectPromise` 2.3.3.3.1: If/when `resolvePromise` is called with value `y`, run `[[Resolve]](promise, y)` `y` is a thenable for a thenable `y` is an asynchronously-fulfilled custom thenable for an already-fulfilled promise `then` calls `resolvePromise` synchronously via return from a fulfilled promise:
     Error: timeout of 200ms exceeded. Ensure the done() callback is being called in this test.
  

  247) 2.3.3: Otherwise, if `x` is an object or function, 2.3.3.3: If `then` is a function, call it with `x` as `this`, first argument `resolvePromise`, and second argument `rejectPromise` 2.3.3.3.1: If/when `resolvePromise` is called with value `y`, run `[[Resolve]](promise, y)` `y` is a thenable for a thenable `y` is an asynchronously-fulfilled custom thenable for an already-fulfilled promise `then` calls `resolvePromise` synchronously via return from a rejected promise:
     Error: timeout of 200ms exceeded. Ensure the done() callback is being called in this test.
  

  248) 2.3.3: Otherwise, if `x` is an object or function, 2.3.3.3: If `then` is a function, call it with `x` as `this`, first argument `resolvePromise`, and second argument `rejectPromise` 2.3.3.3.1: If/when `resolvePromise` is called with value `y`, run `[[Resolve]](promise, y)` `y` is a thenable for a thenable `y` is an asynchronously-fulfilled custom thenable for an already-fulfilled promise `then` calls `resolvePromise` asynchronously via return from a fulfilled promise:
     Error: timeout of 200ms exceeded. Ensure the done() callback is being called in this test.
  

  249) 2.3.3: Otherwise, if `x` is an object or function, 2.3.3.3: If `then` is a function, call it with `x` as `this`, first argument `resolvePromise`, and second argument `rejectPromise` 2.3.3.3.1: If/when `resolvePromise` is called with value `y`, run `[[Resolve]](promise, y)` `y` is a thenable for a thenable `y` is an asynchronously-fulfilled custom thenable for an already-fulfilled promise `then` calls `resolvePromise` asynchronously via return from a rejected promise:
     Error: timeout of 200ms exceeded. Ensure the done() callback is being called in this test.
  

  250) 2.3.3: Otherwise, if `x` is an object or function, 2.3.3.3: If `then` is a function, call it with `x` as `this`, first argument `resolvePromise`, and second argument `rejectPromise` 2.3.3.3.1: If/when `resolvePromise` is called with value `y`, run `[[Resolve]](promise, y)` `y` is a thenable for a thenable `y` is an asynchronously-fulfilled custom thenable for an eventually-fulfilled promise `then` calls `resolvePromise` synchronously via return from a fulfilled promise:
     Error: timeout of 200ms exceeded. Ensure the done() callback is being called in this test.
  

  251) 2.3.3: Otherwise, if `x` is an object or function, 2.3.3.3: If `then` is a function, call it with `x` as `this`, first argument `resolvePromise`, and second argument `rejectPromise` 2.3.3.3.1: If/when `resolvePromise` is called with value `y`, run `[[Resolve]](promise, y)` `y` is a thenable for a thenable `y` is an asynchronously-fulfilled custom thenable for an eventually-fulfilled promise `then` calls `resolvePromise` synchronously via return from a rejected promise:
     Error: timeout of 200ms exceeded. Ensure the done() callback is being called in this test.
  

  252) 2.3.3: Otherwise, if `x` is an object or function, 2.3.3.3: If `then` is a function, call it with `x` as `this`, first argument `resolvePromise`, and second argument `rejectPromise` 2.3.3.3.1: If/when `resolvePromise` is called with value `y`, run `[[Resolve]](promise, y)` `y` is a thenable for a thenable `y` is an asynchronously-fulfilled custom thenable for an eventually-fulfilled promise `then` calls `resolvePromise` asynchronously via return from a fulfilled promise:
     Error: timeout of 200ms exceeded. Ensure the done() callback is being called in this test.
  

  253) 2.3.3: Otherwise, if `x` is an object or function, 2.3.3.3: If `then` is a function, call it with `x` as `this`, first argument `resolvePromise`, and second argument `rejectPromise` 2.3.3.3.1: If/when `resolvePromise` is called with value `y`, run `[[Resolve]](promise, y)` `y` is a thenable for a thenable `y` is an asynchronously-fulfilled custom thenable for an eventually-fulfilled promise `then` calls `resolvePromise` asynchronously via return from a rejected promise:
     Error: timeout of 200ms exceeded. Ensure the done() callback is being called in this test.
  

  254) 2.3.3: Otherwise, if `x` is an object or function, 2.3.3.3: If `then` is a function, call it with `x` as `this`, first argument `resolvePromise`, and second argument `rejectPromise` 2.3.3.3.1: If/when `resolvePromise` is called with value `y`, run `[[Resolve]](promise, y)` `y` is a thenable for a thenable `y` is an asynchronously-fulfilled custom thenable for a synchronously-rejected custom thenable `then` calls `resolvePromise` synchronously via return from a fulfilled promise:
     Error: timeout of 200ms exceeded. Ensure the done() callback is being called in this test.
  

  255) 2.3.3: Otherwise, if `x` is an object or function, 2.3.3.3: If `then` is a function, call it with `x` as `this`, first argument `resolvePromise`, and second argument `rejectPromise` 2.3.3.3.1: If/when `resolvePromise` is called with value `y`, run `[[Resolve]](promise, y)` `y` is a thenable for a thenable `y` is an asynchronously-fulfilled custom thenable for a synchronously-rejected custom thenable `then` calls `resolvePromise` synchronously via return from a rejected promise:
     Error: timeout of 200ms exceeded. Ensure the done() callback is being called in this test.
  

  256) 2.3.3: Otherwise, if `x` is an object or function, 2.3.3.3: If `then` is a function, call it with `x` as `this`, first argument `resolvePromise`, and second argument `rejectPromise` 2.3.3.3.1: If/when `resolvePromise` is called with value `y`, run `[[Resolve]](promise, y)` `y` is a thenable for a thenable `y` is an asynchronously-fulfilled custom thenable for a synchronously-rejected custom thenable `then` calls `resolvePromise` asynchronously via return from a fulfilled promise:
     Error: timeout of 200ms exceeded. Ensure the done() callback is being called in this test.
  

  257) 2.3.3: Otherwise, if `x` is an object or function, 2.3.3.3: If `then` is a function, call it with `x` as `this`, first argument `resolvePromise`, and second argument `rejectPromise` 2.3.3.3.1: If/when `resolvePromise` is called with value `y`, run `[[Resolve]](promise, y)` `y` is a thenable for a thenable `y` is an asynchronously-fulfilled custom thenable for a synchronously-rejected custom thenable `then` calls `resolvePromise` asynchronously via return from a rejected promise:
     Error: timeout of 200ms exceeded. Ensure the done() callback is being called in this test.
  

  258) 2.3.3: Otherwise, if `x` is an object or function, 2.3.3.3: If `then` is a function, call it with `x` as `this`, first argument `resolvePromise`, and second argument `rejectPromise` 2.3.3.3.1: If/when `resolvePromise` is called with value `y`, run `[[Resolve]](promise, y)` `y` is a thenable for a thenable `y` is an asynchronously-fulfilled custom thenable for an asynchronously-rejected custom thenable `then` calls `resolvePromise` synchronously via return from a fulfilled promise:
     Error: timeout of 200ms exceeded. Ensure the done() callback is being called in this test.
  

  259) 2.3.3: Otherwise, if `x` is an object or function, 2.3.3.3: If `then` is a function, call it with `x` as `this`, first argument `resolvePromise`, and second argument `rejectPromise` 2.3.3.3.1: If/when `resolvePromise` is called with value `y`, run `[[Resolve]](promise, y)` `y` is a thenable for a thenable `y` is an asynchronously-fulfilled custom thenable for an asynchronously-rejected custom thenable `then` calls `resolvePromise` synchronously via return from a rejected promise:
     Error: timeout of 200ms exceeded. Ensure the done() callback is being called in this test.
  

  260) 2.3.3: Otherwise, if `x` is an object or function, 2.3.3.3: If `then` is a function, call it with `x` as `this`, first argument `resolvePromise`, and second argument `rejectPromise` 2.3.3.3.1: If/when `resolvePromise` is called with value `y`, run `[[Resolve]](promise, y)` `y` is a thenable for a thenable `y` is an asynchronously-fulfilled custom thenable for an asynchronously-rejected custom thenable `then` calls `resolvePromise` asynchronously via return from a fulfilled promise:
     Error: timeout of 200ms exceeded. Ensure the done() callback is being called in this test.
  

  261) 2.3.3: Otherwise, if `x` is an object or function, 2.3.3.3: If `then` is a function, call it with `x` as `this`, first argument `resolvePromise`, and second argument `rejectPromise` 2.3.3.3.1: If/when `resolvePromise` is called with value `y`, run `[[Resolve]](promise, y)` `y` is a thenable for a thenable `y` is an asynchronously-fulfilled custom thenable for an asynchronously-rejected custom thenable `then` calls `resolvePromise` asynchronously via return from a rejected promise:
     Error: timeout of 200ms exceeded. Ensure the done() callback is being called in this test.
  

  262) 2.3.3: Otherwise, if `x` is an object or function, 2.3.3.3: If `then` is a function, call it with `x` as `this`, first argument `resolvePromise`, and second argument `rejectPromise` 2.3.3.3.1: If/when `resolvePromise` is called with value `y`, run `[[Resolve]](promise, y)` `y` is a thenable for a thenable `y` is an asynchronously-fulfilled custom thenable for a synchronously-rejected one-time thenable `then` calls `resolvePromise` synchronously via return from a fulfilled promise:
     Error: timeout of 200ms exceeded. Ensure the done() callback is being called in this test.
  

  263) 2.3.3: Otherwise, if `x` is an object or function, 2.3.3.3: If `then` is a function, call it with `x` as `this`, first argument `resolvePromise`, and second argument `rejectPromise` 2.3.3.3.1: If/when `resolvePromise` is called with value `y`, run `[[Resolve]](promise, y)` `y` is a thenable for a thenable `y` is an asynchronously-fulfilled custom thenable for a synchronously-rejected one-time thenable `then` calls `resolvePromise` synchronously via return from a rejected promise:
     Error: timeout of 200ms exceeded. Ensure the done() callback is being called in this test.
  

  264) 2.3.3: Otherwise, if `x` is an object or function, 2.3.3.3: If `then` is a function, call it with `x` as `this`, first argument `resolvePromise`, and second argument `rejectPromise` 2.3.3.3.1: If/when `resolvePromise` is called with value `y`, run `[[Resolve]](promise, y)` `y` is a thenable for a thenable `y` is an asynchronously-fulfilled custom thenable for a synchronously-rejected one-time thenable `then` calls `resolvePromise` asynchronously via return from a fulfilled promise:
     Error: timeout of 200ms exceeded. Ensure the done() callback is being called in this test.
  

  265) 2.3.3: Otherwise, if `x` is an object or function, 2.3.3.3: If `then` is a function, call it with `x` as `this`, first argument `resolvePromise`, and second argument `rejectPromise` 2.3.3.3.1: If/when `resolvePromise` is called with value `y`, run `[[Resolve]](promise, y)` `y` is a thenable for a thenable `y` is an asynchronously-fulfilled custom thenable for a synchronously-rejected one-time thenable `then` calls `resolvePromise` asynchronously via return from a rejected promise:
     Error: timeout of 200ms exceeded. Ensure the done() callback is being called in this test.
  

  266) 2.3.3: Otherwise, if `x` is an object or function, 2.3.3.3: If `then` is a function, call it with `x` as `this`, first argument `resolvePromise`, and second argument `rejectPromise` 2.3.3.3.1: If/when `resolvePromise` is called with value `y`, run `[[Resolve]](promise, y)` `y` is a thenable for a thenable `y` is an asynchronously-fulfilled custom thenable for a thenable that immediately throws in `then` `then` calls `resolvePromise` synchronously via return from a fulfilled promise:
     Error: timeout of 200ms exceeded. Ensure the done() callback is being called in this test.
  

  267) 2.3.3: Otherwise, if `x` is an object or function, 2.3.3.3: If `then` is a function, call it with `x` as `this`, first argument `resolvePromise`, and second argument `rejectPromise` 2.3.3.3.1: If/when `resolvePromise` is called with value `y`, run `[[Resolve]](promise, y)` `y` is a thenable for a thenable `y` is an asynchronously-fulfilled custom thenable for a thenable that immediately throws in `then` `then` calls `resolvePromise` synchronously via return from a rejected promise:
     Error: timeout of 200ms exceeded. Ensure the done() callback is being called in this test.
  

  268) 2.3.3: Otherwise, if `x` is an object or function, 2.3.3.3: If `then` is a function, call it with `x` as `this`, first argument `resolvePromise`, and second argument `rejectPromise` 2.3.3.3.1: If/when `resolvePromise` is called with value `y`, run `[[Resolve]](promise, y)` `y` is a thenable for a thenable `y` is an asynchronously-fulfilled custom thenable for a thenable that immediately throws in `then` `then` calls `resolvePromise` asynchronously via return from a fulfilled promise:
     Error: timeout of 200ms exceeded. Ensure the done() callback is being called in this test.
  

  269) 2.3.3: Otherwise, if `x` is an object or function, 2.3.3.3: If `then` is a function, call it with `x` as `this`, first argument `resolvePromise`, and second argument `rejectPromise` 2.3.3.3.1: If/when `resolvePromise` is called with value `y`, run `[[Resolve]](promise, y)` `y` is a thenable for a thenable `y` is an asynchronously-fulfilled custom thenable for a thenable that immediately throws in `then` `then` calls `resolvePromise` asynchronously via return from a rejected promise:
     Error: timeout of 200ms exceeded. Ensure the done() callback is being called in this test.
  

  270) 2.3.3: Otherwise, if `x` is an object or function, 2.3.3.3: If `then` is a function, call it with `x` as `this`, first argument `resolvePromise`, and second argument `rejectPromise` 2.3.3.3.1: If/when `resolvePromise` is called with value `y`, run `[[Resolve]](promise, y)` `y` is a thenable for a thenable `y` is an asynchronously-fulfilled custom thenable for an object with a throwing `then` accessor `then` calls `resolvePromise` synchronously via return from a fulfilled promise:
     Error: timeout of 200ms exceeded. Ensure the done() callback is being called in this test.
  

  271) 2.3.3: Otherwise, if `x` is an object or function, 2.3.3.3: If `then` is a function, call it with `x` as `this`, first argument `resolvePromise`, and second argument `rejectPromise` 2.3.3.3.1: If/when `resolvePromise` is called with value `y`, run `[[Resolve]](promise, y)` `y` is a thenable for a thenable `y` is an asynchronously-fulfilled custom thenable for an object with a throwing `then` accessor `then` calls `resolvePromise` synchronously via return from a rejected promise:
     Error: timeout of 200ms exceeded. Ensure the done() callback is being called in this test.
  

  272) 2.3.3: Otherwise, if `x` is an object or function, 2.3.3.3: If `then` is a function, call it with `x` as `this`, first argument `resolvePromise`, and second argument `rejectPromise` 2.3.3.3.1: If/when `resolvePromise` is called with value `y`, run `[[Resolve]](promise, y)` `y` is a thenable for a thenable `y` is an asynchronously-fulfilled custom thenable for an object with a throwing `then` accessor `then` calls `resolvePromise` asynchronously via return from a fulfilled promise:
     Error: timeout of 200ms exceeded. Ensure the done() callback is being called in this test.
  

  273) 2.3.3: Otherwise, if `x` is an object or function, 2.3.3.3: If `then` is a function, call it with `x` as `this`, first argument `resolvePromise`, and second argument `rejectPromise` 2.3.3.3.1: If/when `resolvePromise` is called with value `y`, run `[[Resolve]](promise, y)` `y` is a thenable for a thenable `y` is an asynchronously-fulfilled custom thenable for an object with a throwing `then` accessor `then` calls `resolvePromise` asynchronously via return from a rejected promise:
     Error: timeout of 200ms exceeded. Ensure the done() callback is being called in this test.
  

  274) 2.3.3: Otherwise, if `x` is an object or function, 2.3.3.3: If `then` is a function, call it with `x` as `this`, first argument `resolvePromise`, and second argument `rejectPromise` 2.3.3.3.1: If/when `resolvePromise` is called with value `y`, run `[[Resolve]](promise, y)` `y` is a thenable for a thenable `y` is an asynchronously-fulfilled custom thenable for an already-rejected promise `then` calls `resolvePromise` synchronously via return from a fulfilled promise:
     Error: timeout of 200ms exceeded. Ensure the done() callback is being called in this test.
  

  275) 2.3.3: Otherwise, if `x` is an object or function, 2.3.3.3: If `then` is a function, call it with `x` as `this`, first argument `resolvePromise`, and second argument `rejectPromise` 2.3.3.3.1: If/when `resolvePromise` is called with value `y`, run `[[Resolve]](promise, y)` `y` is a thenable for a thenable `y` is an asynchronously-fulfilled custom thenable for an already-rejected promise `then` calls `resolvePromise` synchronously via return from a rejected promise:
     Error: timeout of 200ms exceeded. Ensure the done() callback is being called in this test.
  

  276) 2.3.3: Otherwise, if `x` is an object or function, 2.3.3.3: If `then` is a function, call it with `x` as `this`, first argument `resolvePromise`, and second argument `rejectPromise` 2.3.3.3.1: If/when `resolvePromise` is called with value `y`, run `[[Resolve]](promise, y)` `y` is a thenable for a thenable `y` is an asynchronously-fulfilled custom thenable for an already-rejected promise `then` calls `resolvePromise` asynchronously via return from a fulfilled promise:
     Error: timeout of 200ms exceeded. Ensure the done() callback is being called in this test.
  

  277) 2.3.3: Otherwise, if `x` is an object or function, 2.3.3.3: If `then` is a function, call it with `x` as `this`, first argument `resolvePromise`, and second argument `rejectPromise` 2.3.3.3.1: If/when `resolvePromise` is called with value `y`, run `[[Resolve]](promise, y)` `y` is a thenable for a thenable `y` is an asynchronously-fulfilled custom thenable for an already-rejected promise `then` calls `resolvePromise` asynchronously via return from a rejected promise:
     Error: timeout of 200ms exceeded. Ensure the done() callback is being called in this test.
  

  278) 2.3.3: Otherwise, if `x` is an object or function, 2.3.3.3: If `then` is a function, call it with `x` as `this`, first argument `resolvePromise`, and second argument `rejectPromise` 2.3.3.3.1: If/when `resolvePromise` is called with value `y`, run `[[Resolve]](promise, y)` `y` is a thenable for a thenable `y` is an asynchronously-fulfilled custom thenable for an eventually-rejected promise `then` calls `resolvePromise` synchronously via return from a fulfilled promise:
     Error: timeout of 200ms exceeded. Ensure the done() callback is being called in this test.
  

  279) 2.3.3: Otherwise, if `x` is an object or function, 2.3.3.3: If `then` is a function, call it with `x` as `this`, first argument `resolvePromise`, and second argument `rejectPromise` 2.3.3.3.1: If/when `resolvePromise` is called with value `y`, run `[[Resolve]](promise, y)` `y` is a thenable for a thenable `y` is an asynchronously-fulfilled custom thenable for an eventually-rejected promise `then` calls `resolvePromise` synchronously via return from a rejected promise:
     Error: timeout of 200ms exceeded. Ensure the done() callback is being called in this test.
  

  280) 2.3.3: Otherwise, if `x` is an object or function, 2.3.3.3: If `then` is a function, call it with `x` as `this`, first argument `resolvePromise`, and second argument `rejectPromise` 2.3.3.3.1: If/when `resolvePromise` is called with value `y`, run `[[Resolve]](promise, y)` `y` is a thenable for a thenable `y` is an asynchronously-fulfilled custom thenable for an eventually-rejected promise `then` calls `resolvePromise` asynchronously via return from a fulfilled promise:
     Error: timeout of 200ms exceeded. Ensure the done() callback is being called in this test.
  

  281) 2.3.3: Otherwise, if `x` is an object or function, 2.3.3.3: If `then` is a function, call it with `x` as `this`, first argument `resolvePromise`, and second argument `rejectPromise` 2.3.3.3.1: If/when `resolvePromise` is called with value `y`, run `[[Resolve]](promise, y)` `y` is a thenable for a thenable `y` is an asynchronously-fulfilled custom thenable for an eventually-rejected promise `then` calls `resolvePromise` asynchronously via return from a rejected promise:
     Error: timeout of 200ms exceeded. Ensure the done() callback is being called in this test.
  

  282) 2.3.3: Otherwise, if `x` is an object or function, 2.3.3.3: If `then` is a function, call it with `x` as `this`, first argument `resolvePromise`, and second argument `rejectPromise` 2.3.3.3.1: If/when `resolvePromise` is called with value `y`, run `[[Resolve]](promise, y)` `y` is a thenable for a thenable `y` is a synchronously-fulfilled one-time thenable for a synchronously-fulfilled custom thenable `then` calls `resolvePromise` synchronously via return from a fulfilled promise:
     Error: timeout of 200ms exceeded. Ensure the done() callback is being called in this test.
  

  283) 2.3.3: Otherwise, if `x` is an object or function, 2.3.3.3: If `then` is a function, call it with `x` as `this`, first argument `resolvePromise`, and second argument `rejectPromise` 2.3.3.3.1: If/when `resolvePromise` is called with value `y`, run `[[Resolve]](promise, y)` `y` is a thenable for a thenable `y` is a synchronously-fulfilled one-time thenable for a synchronously-fulfilled custom thenable `then` calls `resolvePromise` synchronously via return from a rejected promise:
     Error: timeout of 200ms exceeded. Ensure the done() callback is being called in this test.
  

  284) 2.3.3: Otherwise, if `x` is an object or function, 2.3.3.3: If `then` is a function, call it with `x` as `this`, first argument `resolvePromise`, and second argument `rejectPromise` 2.3.3.3.1: If/when `resolvePromise` is called with value `y`, run `[[Resolve]](promise, y)` `y` is a thenable for a thenable `y` is a synchronously-fulfilled one-time thenable for a synchronously-fulfilled custom thenable `then` calls `resolvePromise` asynchronously via return from a fulfilled promise:
     Error: timeout of 200ms exceeded. Ensure the done() callback is being called in this test.
  

  285) 2.3.3: Otherwise, if `x` is an object or function, 2.3.3.3: If `then` is a function, call it with `x` as `this`, first argument `resolvePromise`, and second argument `rejectPromise` 2.3.3.3.1: If/when `resolvePromise` is called with value `y`, run `[[Resolve]](promise, y)` `y` is a thenable for a thenable `y` is a synchronously-fulfilled one-time thenable for a synchronously-fulfilled custom thenable `then` calls `resolvePromise` asynchronously via return from a rejected promise:
     Error: timeout of 200ms exceeded. Ensure the done() callback is being called in this test.
  

  286) 2.3.3: Otherwise, if `x` is an object or function, 2.3.3.3: If `then` is a function, call it with `x` as `this`, first argument `resolvePromise`, and second argument `rejectPromise` 2.3.3.3.1: If/when `resolvePromise` is called with value `y`, run `[[Resolve]](promise, y)` `y` is a thenable for a thenable `y` is a synchronously-fulfilled one-time thenable for an asynchronously-fulfilled custom thenable `then` calls `resolvePromise` synchronously via return from a fulfilled promise:
     Error: timeout of 200ms exceeded. Ensure the done() callback is being called in this test.
  

  287) 2.3.3: Otherwise, if `x` is an object or function, 2.3.3.3: If `then` is a function, call it with `x` as `this`, first argument `resolvePromise`, and second argument `rejectPromise` 2.3.3.3.1: If/when `resolvePromise` is called with value `y`, run `[[Resolve]](promise, y)` `y` is a thenable for a thenable `y` is a synchronously-fulfilled one-time thenable for an asynchronously-fulfilled custom thenable `then` calls `resolvePromise` synchronously via return from a rejected promise:
     Error: timeout of 200ms exceeded. Ensure the done() callback is being called in this test.
  

  288) 2.3.3: Otherwise, if `x` is an object or function, 2.3.3.3: If `then` is a function, call it with `x` as `this`, first argument `resolvePromise`, and second argument `rejectPromise` 2.3.3.3.1: If/when `resolvePromise` is called with value `y`, run `[[Resolve]](promise, y)` `y` is a thenable for a thenable `y` is a synchronously-fulfilled one-time thenable for an asynchronously-fulfilled custom thenable `then` calls `resolvePromise` asynchronously via return from a fulfilled promise:
     Error: timeout of 200ms exceeded. Ensure the done() callback is being called in this test.
  

  289) 2.3.3: Otherwise, if `x` is an object or function, 2.3.3.3: If `then` is a function, call it with `x` as `this`, first argument `resolvePromise`, and second argument `rejectPromise` 2.3.3.3.1: If/when `resolvePromise` is called with value `y`, run `[[Resolve]](promise, y)` `y` is a thenable for a thenable `y` is a synchronously-fulfilled one-time thenable for an asynchronously-fulfilled custom thenable `then` calls `resolvePromise` asynchronously via return from a rejected promise:
     Error: timeout of 200ms exceeded. Ensure the done() callback is being called in this test.
  

  290) 2.3.3: Otherwise, if `x` is an object or function, 2.3.3.3: If `then` is a function, call it with `x` as `this`, first argument `resolvePromise`, and second argument `rejectPromise` 2.3.3.3.1: If/when `resolvePromise` is called with value `y`, run `[[Resolve]](promise, y)` `y` is a thenable for a thenable `y` is a synchronously-fulfilled one-time thenable for a synchronously-fulfilled one-time thenable `then` calls `resolvePromise` synchronously via return from a fulfilled promise:
     Error: timeout of 200ms exceeded. Ensure the done() callback is being called in this test.
  

  291) 2.3.3: Otherwise, if `x` is an object or function, 2.3.3.3: If `then` is a function, call it with `x` as `this`, first argument `resolvePromise`, and second argument `rejectPromise` 2.3.3.3.1: If/when `resolvePromise` is called with value `y`, run `[[Resolve]](promise, y)` `y` is a thenable for a thenable `y` is a synchronously-fulfilled one-time thenable for a synchronously-fulfilled one-time thenable `then` calls `resolvePromise` synchronously via return from a rejected promise:
     Error: timeout of 200ms exceeded. Ensure the done() callback is being called in this test.
  

  292) 2.3.3: Otherwise, if `x` is an object or function, 2.3.3.3: If `then` is a function, call it with `x` as `this`, first argument `resolvePromise`, and second argument `rejectPromise` 2.3.3.3.1: If/when `resolvePromise` is called with value `y`, run `[[Resolve]](promise, y)` `y` is a thenable for a thenable `y` is a synchronously-fulfilled one-time thenable for a synchronously-fulfilled one-time thenable `then` calls `resolvePromise` asynchronously via return from a fulfilled promise:
     Error: timeout of 200ms exceeded. Ensure the done() callback is being called in this test.
  

  293) 2.3.3: Otherwise, if `x` is an object or function, 2.3.3.3: If `then` is a function, call it with `x` as `this`, first argument `resolvePromise`, and second argument `rejectPromise` 2.3.3.3.1: If/when `resolvePromise` is called with value `y`, run `[[Resolve]](promise, y)` `y` is a thenable for a thenable `y` is a synchronously-fulfilled one-time thenable for a synchronously-fulfilled one-time thenable `then` calls `resolvePromise` asynchronously via return from a rejected promise:
     Error: timeout of 200ms exceeded. Ensure the done() callback is being called in this test.
  

  294) 2.3.3: Otherwise, if `x` is an object or function, 2.3.3.3: If `then` is a function, call it with `x` as `this`, first argument `resolvePromise`, and second argument `rejectPromise` 2.3.3.3.1: If/when `resolvePromise` is called with value `y`, run `[[Resolve]](promise, y)` `y` is a thenable for a thenable `y` is a synchronously-fulfilled one-time thenable for a thenable that tries to fulfill twice `then` calls `resolvePromise` synchronously via return from a fulfilled promise:
     Error: timeout of 200ms exceeded. Ensure the done() callback is being called in this test.
  

  295) 2.3.3: Otherwise, if `x` is an object or function, 2.3.3.3: If `then` is a function, call it with `x` as `this`, first argument `resolvePromise`, and second argument `rejectPromise` 2.3.3.3.1: If/when `resolvePromise` is called with value `y`, run `[[Resolve]](promise, y)` `y` is a thenable for a thenable `y` is a synchronously-fulfilled one-time thenable for a thenable that tries to fulfill twice `then` calls `resolvePromise` synchronously via return from a rejected promise:
     Error: timeout of 200ms exceeded. Ensure the done() callback is being called in this test.
  

  296) 2.3.3: Otherwise, if `x` is an object or function, 2.3.3.3: If `then` is a function, call it with `x` as `this`, first argument `resolvePromise`, and second argument `rejectPromise` 2.3.3.3.1: If/when `resolvePromise` is called with value `y`, run `[[Resolve]](promise, y)` `y` is a thenable for a thenable `y` is a synchronously-fulfilled one-time thenable for a thenable that tries to fulfill twice `then` calls `resolvePromise` asynchronously via return from a fulfilled promise:
     Error: timeout of 200ms exceeded. Ensure the done() callback is being called in this test.
  

  297) 2.3.3: Otherwise, if `x` is an object or function, 2.3.3.3: If `then` is a function, call it with `x` as `this`, first argument `resolvePromise`, and second argument `rejectPromise` 2.3.3.3.1: If/when `resolvePromise` is called with value `y`, run `[[Resolve]](promise, y)` `y` is a thenable for a thenable `y` is a synchronously-fulfilled one-time thenable for a thenable that tries to fulfill twice `then` calls `resolvePromise` asynchronously via return from a rejected promise:
     Error: timeout of 200ms exceeded. Ensure the done() callback is being called in this test.
  

  298) 2.3.3: Otherwise, if `x` is an object or function, 2.3.3.3: If `then` is a function, call it with `x` as `this`, first argument `resolvePromise`, and second argument `rejectPromise` 2.3.3.3.1: If/when `resolvePromise` is called with value `y`, run `[[Resolve]](promise, y)` `y` is a thenable for a thenable `y` is a synchronously-fulfilled one-time thenable for a thenable that fulfills but then throws `then` calls `resolvePromise` synchronously via return from a fulfilled promise:
     Error: timeout of 200ms exceeded. Ensure the done() callback is being called in this test.
  

  299) 2.3.3: Otherwise, if `x` is an object or function, 2.3.3.3: If `then` is a function, call it with `x` as `this`, first argument `resolvePromise`, and second argument `rejectPromise` 2.3.3.3.1: If/when `resolvePromise` is called with value `y`, run `[[Resolve]](promise, y)` `y` is a thenable for a thenable `y` is a synchronously-fulfilled one-time thenable for a thenable that fulfills but then throws `then` calls `resolvePromise` synchronously via return from a rejected promise:
     Error: timeout of 200ms exceeded. Ensure the done() callback is being called in this test.
  

  300) 2.3.3: Otherwise, if `x` is an object or function, 2.3.3.3: If `then` is a function, call it with `x` as `this`, first argument `resolvePromise`, and second argument `rejectPromise` 2.3.3.3.1: If/when `resolvePromise` is called with value `y`, run `[[Resolve]](promise, y)` `y` is a thenable for a thenable `y` is a synchronously-fulfilled one-time thenable for a thenable that fulfills but then throws `then` calls `resolvePromise` asynchronously via return from a fulfilled promise:
     Error: timeout of 200ms exceeded. Ensure the done() callback is being called in this test.
  

  301) 2.3.3: Otherwise, if `x` is an object or function, 2.3.3.3: If `then` is a function, call it with `x` as `this`, first argument `resolvePromise`, and second argument `rejectPromise` 2.3.3.3.1: If/when `resolvePromise` is called with value `y`, run `[[Resolve]](promise, y)` `y` is a thenable for a thenable `y` is a synchronously-fulfilled one-time thenable for a thenable that fulfills but then throws `then` calls `resolvePromise` asynchronously via return from a rejected promise:
     Error: timeout of 200ms exceeded. Ensure the done() callback is being called in this test.
  

  302) 2.3.3: Otherwise, if `x` is an object or function, 2.3.3.3: If `then` is a function, call it with `x` as `this`, first argument `resolvePromise`, and second argument `rejectPromise` 2.3.3.3.1: If/when `resolvePromise` is called with value `y`, run `[[Resolve]](promise, y)` `y` is a thenable for a thenable `y` is a synchronously-fulfilled one-time thenable for an already-fulfilled promise `then` calls `resolvePromise` synchronously via return from a fulfilled promise:
     Error: timeout of 200ms exceeded. Ensure the done() callback is being called in this test.
  

  303) 2.3.3: Otherwise, if `x` is an object or function, 2.3.3.3: If `then` is a function, call it with `x` as `this`, first argument `resolvePromise`, and second argument `rejectPromise` 2.3.3.3.1: If/when `resolvePromise` is called with value `y`, run `[[Resolve]](promise, y)` `y` is a thenable for a thenable `y` is a synchronously-fulfilled one-time thenable for an already-fulfilled promise `then` calls `resolvePromise` synchronously via return from a rejected promise:
     Error: timeout of 200ms exceeded. Ensure the done() callback is being called in this test.
  

  304) 2.3.3: Otherwise, if `x` is an object or function, 2.3.3.3: If `then` is a function, call it with `x` as `this`, first argument `resolvePromise`, and second argument `rejectPromise` 2.3.3.3.1: If/when `resolvePromise` is called with value `y`, run `[[Resolve]](promise, y)` `y` is a thenable for a thenable `y` is a synchronously-fulfilled one-time thenable for an already-fulfilled promise `then` calls `resolvePromise` asynchronously via return from a fulfilled promise:
     Error: timeout of 200ms exceeded. Ensure the done() callback is being called in this test.
  

  305) 2.3.3: Otherwise, if `x` is an object or function, 2.3.3.3: If `then` is a function, call it with `x` as `this`, first argument `resolvePromise`, and second argument `rejectPromise` 2.3.3.3.1: If/when `resolvePromise` is called with value `y`, run `[[Resolve]](promise, y)` `y` is a thenable for a thenable `y` is a synchronously-fulfilled one-time thenable for an already-fulfilled promise `then` calls `resolvePromise` asynchronously via return from a rejected promise:
     Error: timeout of 200ms exceeded. Ensure the done() callback is being called in this test.
  

  306) 2.3.3: Otherwise, if `x` is an object or function, 2.3.3.3: If `then` is a function, call it with `x` as `this`, first argument `resolvePromise`, and second argument `rejectPromise` 2.3.3.3.1: If/when `resolvePromise` is called with value `y`, run `[[Resolve]](promise, y)` `y` is a thenable for a thenable `y` is a synchronously-fulfilled one-time thenable for an eventually-fulfilled promise `then` calls `resolvePromise` synchronously via return from a fulfilled promise:
     Error: timeout of 200ms exceeded. Ensure the done() callback is being called in this test.
  

  307) 2.3.3: Otherwise, if `x` is an object or function, 2.3.3.3: If `then` is a function, call it with `x` as `this`, first argument `resolvePromise`, and second argument `rejectPromise` 2.3.3.3.1: If/when `resolvePromise` is called with value `y`, run `[[Resolve]](promise, y)` `y` is a thenable for a thenable `y` is a synchronously-fulfilled one-time thenable for an eventually-fulfilled promise `then` calls `resolvePromise` synchronously via return from a rejected promise:
     Error: timeout of 200ms exceeded. Ensure the done() callback is being called in this test.
  

  308) 2.3.3: Otherwise, if `x` is an object or function, 2.3.3.3: If `then` is a function, call it with `x` as `this`, first argument `resolvePromise`, and second argument `rejectPromise` 2.3.3.3.1: If/when `resolvePromise` is called with value `y`, run `[[Resolve]](promise, y)` `y` is a thenable for a thenable `y` is a synchronously-fulfilled one-time thenable for an eventually-fulfilled promise `then` calls `resolvePromise` asynchronously via return from a fulfilled promise:
     Error: timeout of 200ms exceeded. Ensure the done() callback is being called in this test.
  

  309) 2.3.3: Otherwise, if `x` is an object or function, 2.3.3.3: If `then` is a function, call it with `x` as `this`, first argument `resolvePromise`, and second argument `rejectPromise` 2.3.3.3.1: If/when `resolvePromise` is called with value `y`, run `[[Resolve]](promise, y)` `y` is a thenable for a thenable `y` is a synchronously-fulfilled one-time thenable for an eventually-fulfilled promise `then` calls `resolvePromise` asynchronously via return from a rejected promise:
     Error: timeout of 200ms exceeded. Ensure the done() callback is being called in this test.
  

  310) 2.3.3: Otherwise, if `x` is an object or function, 2.3.3.3: If `then` is a function, call it with `x` as `this`, first argument `resolvePromise`, and second argument `rejectPromise` 2.3.3.3.1: If/when `resolvePromise` is called with value `y`, run `[[Resolve]](promise, y)` `y` is a thenable for a thenable `y` is a synchronously-fulfilled one-time thenable for a synchronously-rejected custom thenable `then` calls `resolvePromise` synchronously via return from a fulfilled promise:
     Error: timeout of 200ms exceeded. Ensure the done() callback is being called in this test.
  

  311) 2.3.3: Otherwise, if `x` is an object or function, 2.3.3.3: If `then` is a function, call it with `x` as `this`, first argument `resolvePromise`, and second argument `rejectPromise` 2.3.3.3.1: If/when `resolvePromise` is called with value `y`, run `[[Resolve]](promise, y)` `y` is a thenable for a thenable `y` is a synchronously-fulfilled one-time thenable for a synchronously-rejected custom thenable `then` calls `resolvePromise` synchronously via return from a rejected promise:
     Error: timeout of 200ms exceeded. Ensure the done() callback is being called in this test.
  

  312) 2.3.3: Otherwise, if `x` is an object or function, 2.3.3.3: If `then` is a function, call it with `x` as `this`, first argument `resolvePromise`, and second argument `rejectPromise` 2.3.3.3.1: If/when `resolvePromise` is called with value `y`, run `[[Resolve]](promise, y)` `y` is a thenable for a thenable `y` is a synchronously-fulfilled one-time thenable for a synchronously-rejected custom thenable `then` calls `resolvePromise` asynchronously via return from a fulfilled promise:
     Error: timeout of 200ms exceeded. Ensure the done() callback is being called in this test.
  

  313) 2.3.3: Otherwise, if `x` is an object or function, 2.3.3.3: If `then` is a function, call it with `x` as `this`, first argument `resolvePromise`, and second argument `rejectPromise` 2.3.3.3.1: If/when `resolvePromise` is called with value `y`, run `[[Resolve]](promise, y)` `y` is a thenable for a thenable `y` is a synchronously-fulfilled one-time thenable for a synchronously-rejected custom thenable `then` calls `resolvePromise` asynchronously via return from a rejected promise:
     Error: timeout of 200ms exceeded. Ensure the done() callback is being called in this test.
  

  314) 2.3.3: Otherwise, if `x` is an object or function, 2.3.3.3: If `then` is a function, call it with `x` as `this`, first argument `resolvePromise`, and second argument `rejectPromise` 2.3.3.3.1: If/when `resolvePromise` is called with value `y`, run `[[Resolve]](promise, y)` `y` is a thenable for a thenable `y` is a synchronously-fulfilled one-time thenable for an asynchronously-rejected custom thenable `then` calls `resolvePromise` synchronously via return from a fulfilled promise:
     Error: timeout of 200ms exceeded. Ensure the done() callback is being called in this test.
  

  315) 2.3.3: Otherwise, if `x` is an object or function, 2.3.3.3: If `then` is a function, call it with `x` as `this`, first argument `resolvePromise`, and second argument `rejectPromise` 2.3.3.3.1: If/when `resolvePromise` is called with value `y`, run `[[Resolve]](promise, y)` `y` is a thenable for a thenable `y` is a synchronously-fulfilled one-time thenable for an asynchronously-rejected custom thenable `then` calls `resolvePromise` synchronously via return from a rejected promise:
     Error: timeout of 200ms exceeded. Ensure the done() callback is being called in this test.
  

  316) 2.3.3: Otherwise, if `x` is an object or function, 2.3.3.3: If `then` is a function, call it with `x` as `this`, first argument `resolvePromise`, and second argument `rejectPromise` 2.3.3.3.1: If/when `resolvePromise` is called with value `y`, run `[[Resolve]](promise, y)` `y` is a thenable for a thenable `y` is a synchronously-fulfilled one-time thenable for an asynchronously-rejected custom thenable `then` calls `resolvePromise` asynchronously via return from a fulfilled promise:
     Error: timeout of 200ms exceeded. Ensure the done() callback is being called in this test.
  

  317) 2.3.3: Otherwise, if `x` is an object or function, 2.3.3.3: If `then` is a function, call it with `x` as `this`, first argument `resolvePromise`, and second argument `rejectPromise` 2.3.3.3.1: If/when `resolvePromise` is called with value `y`, run `[[Resolve]](promise, y)` `y` is a thenable for a thenable `y` is a synchronously-fulfilled one-time thenable for an asynchronously-rejected custom thenable `then` calls `resolvePromise` asynchronously via return from a rejected promise:
     Error: timeout of 200ms exceeded. Ensure the done() callback is being called in this test.
  

  318) 2.3.3: Otherwise, if `x` is an object or function, 2.3.3.3: If `then` is a function, call it with `x` as `this`, first argument `resolvePromise`, and second argument `rejectPromise` 2.3.3.3.1: If/when `resolvePromise` is called with value `y`, run `[[Resolve]](promise, y)` `y` is a thenable for a thenable `y` is a synchronously-fulfilled one-time thenable for a synchronously-rejected one-time thenable `then` calls `resolvePromise` synchronously via return from a fulfilled promise:
     Error: timeout of 200ms exceeded. Ensure the done() callback is being called in this test.
  

  319) 2.3.3: Otherwise, if `x` is an object or function, 2.3.3.3: If `then` is a function, call it with `x` as `this`, first argument `resolvePromise`, and second argument `rejectPromise` 2.3.3.3.1: If/when `resolvePromise` is called with value `y`, run `[[Resolve]](promise, y)` `y` is a thenable for a thenable `y` is a synchronously-fulfilled one-time thenable for a synchronously-rejected one-time thenable `then` calls `resolvePromise` synchronously via return from a rejected promise:
     Error: timeout of 200ms exceeded. Ensure the done() callback is being called in this test.
  

  320) 2.3.3: Otherwise, if `x` is an object or function, 2.3.3.3: If `then` is a function, call it with `x` as `this`, first argument `resolvePromise`, and second argument `rejectPromise` 2.3.3.3.1: If/when `resolvePromise` is called with value `y`, run `[[Resolve]](promise, y)` `y` is a thenable for a thenable `y` is a synchronously-fulfilled one-time thenable for a synchronously-rejected one-time thenable `then` calls `resolvePromise` asynchronously via return from a fulfilled promise:
     Error: timeout of 200ms exceeded. Ensure the done() callback is being called in this test.
  

  321) 2.3.3: Otherwise, if `x` is an object or function, 2.3.3.3: If `then` is a function, call it with `x` as `this`, first argument `resolvePromise`, and second argument `rejectPromise` 2.3.3.3.1: If/when `resolvePromise` is called with value `y`, run `[[Resolve]](promise, y)` `y` is a thenable for a thenable `y` is a synchronously-fulfilled one-time thenable for a synchronously-rejected one-time thenable `then` calls `resolvePromise` asynchronously via return from a rejected promise:
     Error: timeout of 200ms exceeded. Ensure the done() callback is being called in this test.
  

  322) 2.3.3: Otherwise, if `x` is an object or function, 2.3.3.3: If `then` is a function, call it with `x` as `this`, first argument `resolvePromise`, and second argument `rejectPromise` 2.3.3.3.1: If/when `resolvePromise` is called with value `y`, run `[[Resolve]](promise, y)` `y` is a thenable for a thenable `y` is a synchronously-fulfilled one-time thenable for a thenable that immediately throws in `then` `then` calls `resolvePromise` synchronously via return from a fulfilled promise:
     Error: timeout of 200ms exceeded. Ensure the done() callback is being called in this test.
  

  323) 2.3.3: Otherwise, if `x` is an object or function, 2.3.3.3: If `then` is a function, call it with `x` as `this`, first argument `resolvePromise`, and second argument `rejectPromise` 2.3.3.3.1: If/when `resolvePromise` is called with value `y`, run `[[Resolve]](promise, y)` `y` is a thenable for a thenable `y` is a synchronously-fulfilled one-time thenable for a thenable that immediately throws in `then` `then` calls `resolvePromise` synchronously via return from a rejected promise:
     Error: timeout of 200ms exceeded. Ensure the done() callback is being called in this test.
  

  324) 2.3.3: Otherwise, if `x` is an object or function, 2.3.3.3: If `then` is a function, call it with `x` as `this`, first argument `resolvePromise`, and second argument `rejectPromise` 2.3.3.3.1: If/when `resolvePromise` is called with value `y`, run `[[Resolve]](promise, y)` `y` is a thenable for a thenable `y` is a synchronously-fulfilled one-time thenable for a thenable that immediately throws in `then` `then` calls `resolvePromise` asynchronously via return from a fulfilled promise:
     Error: timeout of 200ms exceeded. Ensure the done() callback is being called in this test.
  

  325) 2.3.3: Otherwise, if `x` is an object or function, 2.3.3.3: If `then` is a function, call it with `x` as `this`, first argument `resolvePromise`, and second argument `rejectPromise` 2.3.3.3.1: If/when `resolvePromise` is called with value `y`, run `[[Resolve]](promise, y)` `y` is a thenable for a thenable `y` is a synchronously-fulfilled one-time thenable for a thenable that immediately throws in `then` `then` calls `resolvePromise` asynchronously via return from a rejected promise:
     Error: timeout of 200ms exceeded. Ensure the done() callback is being called in this test.
  

  326) 2.3.3: Otherwise, if `x` is an object or function, 2.3.3.3: If `then` is a function, call it with `x` as `this`, first argument `resolvePromise`, and second argument `rejectPromise` 2.3.3.3.1: If/when `resolvePromise` is called with value `y`, run `[[Resolve]](promise, y)` `y` is a thenable for a thenable `y` is a synchronously-fulfilled one-time thenable for an object with a throwing `then` accessor `then` calls `resolvePromise` synchronously via return from a fulfilled promise:
     Error: timeout of 200ms exceeded. Ensure the done() callback is being called in this test.
  

  327) 2.3.3: Otherwise, if `x` is an object or function, 2.3.3.3: If `then` is a function, call it with `x` as `this`, first argument `resolvePromise`, and second argument `rejectPromise` 2.3.3.3.1: If/when `resolvePromise` is called with value `y`, run `[[Resolve]](promise, y)` `y` is a thenable for a thenable `y` is a synchronously-fulfilled one-time thenable for an object with a throwing `then` accessor `then` calls `resolvePromise` synchronously via return from a rejected promise:
     Error: timeout of 200ms exceeded. Ensure the done() callback is being called in this test.
  

  328) 2.3.3: Otherwise, if `x` is an object or function, 2.3.3.3: If `then` is a function, call it with `x` as `this`, first argument `resolvePromise`, and second argument `rejectPromise` 2.3.3.3.1: If/when `resolvePromise` is called with value `y`, run `[[Resolve]](promise, y)` `y` is a thenable for a thenable `y` is a synchronously-fulfilled one-time thenable for an object with a throwing `then` accessor `then` calls `resolvePromise` asynchronously via return from a fulfilled promise:
     Error: timeout of 200ms exceeded. Ensure the done() callback is being called in this test.
  

  329) 2.3.3: Otherwise, if `x` is an object or function, 2.3.3.3: If `then` is a function, call it with `x` as `this`, first argument `resolvePromise`, and second argument `rejectPromise` 2.3.3.3.1: If/when `resolvePromise` is called with value `y`, run `[[Resolve]](promise, y)` `y` is a thenable for a thenable `y` is a synchronously-fulfilled one-time thenable for an object with a throwing `then` accessor `then` calls `resolvePromise` asynchronously via return from a rejected promise:
     Error: timeout of 200ms exceeded. Ensure the done() callback is being called in this test.
  

  330) 2.3.3: Otherwise, if `x` is an object or function, 2.3.3.3: If `then` is a function, call it with `x` as `this`, first argument `resolvePromise`, and second argument `rejectPromise` 2.3.3.3.1: If/when `resolvePromise` is called with value `y`, run `[[Resolve]](promise, y)` `y` is a thenable for a thenable `y` is a synchronously-fulfilled one-time thenable for an already-rejected promise `then` calls `resolvePromise` synchronously via return from a fulfilled promise:
     Error: timeout of 200ms exceeded. Ensure the done() callback is being called in this test.
  

  331) 2.3.3: Otherwise, if `x` is an object or function, 2.3.3.3: If `then` is a function, call it with `x` as `this`, first argument `resolvePromise`, and second argument `rejectPromise` 2.3.3.3.1: If/when `resolvePromise` is called with value `y`, run `[[Resolve]](promise, y)` `y` is a thenable for a thenable `y` is a synchronously-fulfilled one-time thenable for an already-rejected promise `then` calls `resolvePromise` synchronously via return from a rejected promise:
     Error: timeout of 200ms exceeded. Ensure the done() callback is being called in this test.
  

  332) 2.3.3: Otherwise, if `x` is an object or function, 2.3.3.3: If `then` is a function, call it with `x` as `this`, first argument `resolvePromise`, and second argument `rejectPromise` 2.3.3.3.1: If/when `resolvePromise` is called with value `y`, run `[[Resolve]](promise, y)` `y` is a thenable for a thenable `y` is a synchronously-fulfilled one-time thenable for an already-rejected promise `then` calls `resolvePromise` asynchronously via return from a fulfilled promise:
     Error: timeout of 200ms exceeded. Ensure the done() callback is being called in this test.
  

  333) 2.3.3: Otherwise, if `x` is an object or function, 2.3.3.3: If `then` is a function, call it with `x` as `this`, first argument `resolvePromise`, and second argument `rejectPromise` 2.3.3.3.1: If/when `resolvePromise` is called with value `y`, run `[[Resolve]](promise, y)` `y` is a thenable for a thenable `y` is a synchronously-fulfilled one-time thenable for an already-rejected promise `then` calls `resolvePromise` asynchronously via return from a rejected promise:
     Error: timeout of 200ms exceeded. Ensure the done() callback is being called in this test.
  

  334) 2.3.3: Otherwise, if `x` is an object or function, 2.3.3.3: If `then` is a function, call it with `x` as `this`, first argument `resolvePromise`, and second argument `rejectPromise` 2.3.3.3.1: If/when `resolvePromise` is called with value `y`, run `[[Resolve]](promise, y)` `y` is a thenable for a thenable `y` is a synchronously-fulfilled one-time thenable for an eventually-rejected promise `then` calls `resolvePromise` synchronously via return from a fulfilled promise:
     Error: timeout of 200ms exceeded. Ensure the done() callback is being called in this test.
  

  335) 2.3.3: Otherwise, if `x` is an object or function, 2.3.3.3: If `then` is a function, call it with `x` as `this`, first argument `resolvePromise`, and second argument `rejectPromise` 2.3.3.3.1: If/when `resolvePromise` is called with value `y`, run `[[Resolve]](promise, y)` `y` is a thenable for a thenable `y` is a synchronously-fulfilled one-time thenable for an eventually-rejected promise `then` calls `resolvePromise` synchronously via return from a rejected promise:
     Error: timeout of 200ms exceeded. Ensure the done() callback is being called in this test.
  

  336) 2.3.3: Otherwise, if `x` is an object or function, 2.3.3.3: If `then` is a function, call it with `x` as `this`, first argument `resolvePromise`, and second argument `rejectPromise` 2.3.3.3.1: If/when `resolvePromise` is called with value `y`, run `[[Resolve]](promise, y)` `y` is a thenable for a thenable `y` is a synchronously-fulfilled one-time thenable for an eventually-rejected promise `then` calls `resolvePromise` asynchronously via return from a fulfilled promise:
     Error: timeout of 200ms exceeded. Ensure the done() callback is being called in this test.
  

  337) 2.3.3: Otherwise, if `x` is an object or function, 2.3.3.3: If `then` is a function, call it with `x` as `this`, first argument `resolvePromise`, and second argument `rejectPromise` 2.3.3.3.1: If/when `resolvePromise` is called with value `y`, run `[[Resolve]](promise, y)` `y` is a thenable for a thenable `y` is a synchronously-fulfilled one-time thenable for an eventually-rejected promise `then` calls `resolvePromise` asynchronously via return from a rejected promise:
     Error: timeout of 200ms exceeded. Ensure the done() callback is being called in this test.
  

  338) 2.3.3: Otherwise, if `x` is an object or function, 2.3.3.3: If `then` is a function, call it with `x` as `this`, first argument `resolvePromise`, and second argument `rejectPromise` 2.3.3.3.1: If/when `resolvePromise` is called with value `y`, run `[[Resolve]](promise, y)` `y` is a thenable for a thenable `y` is a thenable that tries to fulfill twice for a synchronously-fulfilled custom thenable `then` calls `resolvePromise` synchronously via return from a fulfilled promise:
     Error: timeout of 200ms exceeded. Ensure the done() callback is being called in this test.
  

  339) 2.3.3: Otherwise, if `x` is an object or function, 2.3.3.3: If `then` is a function, call it with `x` as `this`, first argument `resolvePromise`, and second argument `rejectPromise` 2.3.3.3.1: If/when `resolvePromise` is called with value `y`, run `[[Resolve]](promise, y)` `y` is a thenable for a thenable `y` is a thenable that tries to fulfill twice for a synchronously-fulfilled custom thenable `then` calls `resolvePromise` synchronously via return from a rejected promise:
     Error: timeout of 200ms exceeded. Ensure the done() callback is being called in this test.
  

  340) 2.3.3: Otherwise, if `x` is an object or function, 2.3.3.3: If `then` is a function, call it with `x` as `this`, first argument `resolvePromise`, and second argument `rejectPromise` 2.3.3.3.1: If/when `resolvePromise` is called with value `y`, run `[[Resolve]](promise, y)` `y` is a thenable for a thenable `y` is a thenable that tries to fulfill twice for a synchronously-fulfilled custom thenable `then` calls `resolvePromise` asynchronously via return from a fulfilled promise:
     Error: timeout of 200ms exceeded. Ensure the done() callback is being called in this test.
  

  341) 2.3.3: Otherwise, if `x` is an object or function, 2.3.3.3: If `then` is a function, call it with `x` as `this`, first argument `resolvePromise`, and second argument `rejectPromise` 2.3.3.3.1: If/when `resolvePromise` is called with value `y`, run `[[Resolve]](promise, y)` `y` is a thenable for a thenable `y` is a thenable that tries to fulfill twice for a synchronously-fulfilled custom thenable `then` calls `resolvePromise` asynchronously via return from a rejected promise:
     Error: timeout of 200ms exceeded. Ensure the done() callback is being called in this test.
  

  342) 2.3.3: Otherwise, if `x` is an object or function, 2.3.3.3: If `then` is a function, call it with `x` as `this`, first argument `resolvePromise`, and second argument `rejectPromise` 2.3.3.3.1: If/when `resolvePromise` is called with value `y`, run `[[Resolve]](promise, y)` `y` is a thenable for a thenable `y` is a thenable that tries to fulfill twice for an asynchronously-fulfilled custom thenable `then` calls `resolvePromise` synchronously via return from a fulfilled promise:
     Error: timeout of 200ms exceeded. Ensure the done() callback is being called in this test.
  

  343) 2.3.3: Otherwise, if `x` is an object or function, 2.3.3.3: If `then` is a function, call it with `x` as `this`, first argument `resolvePromise`, and second argument `rejectPromise` 2.3.3.3.1: If/when `resolvePromise` is called with value `y`, run `[[Resolve]](promise, y)` `y` is a thenable for a thenable `y` is a thenable that tries to fulfill twice for an asynchronously-fulfilled custom thenable `then` calls `resolvePromise` synchronously via return from a rejected promise:
     Error: timeout of 200ms exceeded. Ensure the done() callback is being called in this test.
  

  344) 2.3.3: Otherwise, if `x` is an object or function, 2.3.3.3: If `then` is a function, call it with `x` as `this`, first argument `resolvePromise`, and second argument `rejectPromise` 2.3.3.3.1: If/when `resolvePromise` is called with value `y`, run `[[Resolve]](promise, y)` `y` is a thenable for a thenable `y` is a thenable that tries to fulfill twice for an asynchronously-fulfilled custom thenable `then` calls `resolvePromise` asynchronously via return from a fulfilled promise:
     Error: timeout of 200ms exceeded. Ensure the done() callback is being called in this test.
  

  345) 2.3.3: Otherwise, if `x` is an object or function, 2.3.3.3: If `then` is a function, call it with `x` as `this`, first argument `resolvePromise`, and second argument `rejectPromise` 2.3.3.3.1: If/when `resolvePromise` is called with value `y`, run `[[Resolve]](promise, y)` `y` is a thenable for a thenable `y` is a thenable that tries to fulfill twice for an asynchronously-fulfilled custom thenable `then` calls `resolvePromise` asynchronously via return from a rejected promise:
     Error: timeout of 200ms exceeded. Ensure the done() callback is being called in this test.
  

  346) 2.3.3: Otherwise, if `x` is an object or function, 2.3.3.3: If `then` is a function, call it with `x` as `this`, first argument `resolvePromise`, and second argument `rejectPromise` 2.3.3.3.1: If/when `resolvePromise` is called with value `y`, run `[[Resolve]](promise, y)` `y` is a thenable for a thenable `y` is a thenable that tries to fulfill twice for a synchronously-fulfilled one-time thenable `then` calls `resolvePromise` synchronously via return from a fulfilled promise:
     Error: timeout of 200ms exceeded. Ensure the done() callback is being called in this test.
  

  347) 2.3.3: Otherwise, if `x` is an object or function, 2.3.3.3: If `then` is a function, call it with `x` as `this`, first argument `resolvePromise`, and second argument `rejectPromise` 2.3.3.3.1: If/when `resolvePromise` is called with value `y`, run `[[Resolve]](promise, y)` `y` is a thenable for a thenable `y` is a thenable that tries to fulfill twice for a synchronously-fulfilled one-time thenable `then` calls `resolvePromise` synchronously via return from a rejected promise:
     Error: timeout of 200ms exceeded. Ensure the done() callback is being called in this test.
  

  348) 2.3.3: Otherwise, if `x` is an object or function, 2.3.3.3: If `then` is a function, call it with `x` as `this`, first argument `resolvePromise`, and second argument `rejectPromise` 2.3.3.3.1: If/when `resolvePromise` is called with value `y`, run `[[Resolve]](promise, y)` `y` is a thenable for a thenable `y` is a thenable that tries to fulfill twice for a synchronously-fulfilled one-time thenable `then` calls `resolvePromise` asynchronously via return from a fulfilled promise:
     Error: timeout of 200ms exceeded. Ensure the done() callback is being called in this test.
  

  349) 2.3.3: Otherwise, if `x` is an object or function, 2.3.3.3: If `then` is a function, call it with `x` as `this`, first argument `resolvePromise`, and second argument `rejectPromise` 2.3.3.3.1: If/when `resolvePromise` is called with value `y`, run `[[Resolve]](promise, y)` `y` is a thenable for a thenable `y` is a thenable that tries to fulfill twice for a synchronously-fulfilled one-time thenable `then` calls `resolvePromise` asynchronously via return from a rejected promise:
     Error: timeout of 200ms exceeded. Ensure the done() callback is being called in this test.
  

  350) 2.3.3: Otherwise, if `x` is an object or function, 2.3.3.3: If `then` is a function, call it with `x` as `this`, first argument `resolvePromise`, and second argument `rejectPromise` 2.3.3.3.1: If/when `resolvePromise` is called with value `y`, run `[[Resolve]](promise, y)` `y` is a thenable for a thenable `y` is a thenable that tries to fulfill twice for a thenable that tries to fulfill twice `then` calls `resolvePromise` synchronously via return from a fulfilled promise:
     Error: timeout of 200ms exceeded. Ensure the done() callback is being called in this test.
  

  351) 2.3.3: Otherwise, if `x` is an object or function, 2.3.3.3: If `then` is a function, call it with `x` as `this`, first argument `resolvePromise`, and second argument `rejectPromise` 2.3.3.3.1: If/when `resolvePromise` is called with value `y`, run `[[Resolve]](promise, y)` `y` is a thenable for a thenable `y` is a thenable that tries to fulfill twice for a thenable that tries to fulfill twice `then` calls `resolvePromise` synchronously via return from a rejected promise:
     Error: timeout of 200ms exceeded. Ensure the done() callback is being called in this test.
  

  352) 2.3.3: Otherwise, if `x` is an object or function, 2.3.3.3: If `then` is a function, call it with `x` as `this`, first argument `resolvePromise`, and second argument `rejectPromise` 2.3.3.3.1: If/when `resolvePromise` is called with value `y`, run `[[Resolve]](promise, y)` `y` is a thenable for a thenable `y` is a thenable that tries to fulfill twice for a thenable that tries to fulfill twice `then` calls `resolvePromise` asynchronously via return from a fulfilled promise:
     Error: timeout of 200ms exceeded. Ensure the done() callback is being called in this test.
  

  353) 2.3.3: Otherwise, if `x` is an object or function, 2.3.3.3: If `then` is a function, call it with `x` as `this`, first argument `resolvePromise`, and second argument `rejectPromise` 2.3.3.3.1: If/when `resolvePromise` is called with value `y`, run `[[Resolve]](promise, y)` `y` is a thenable for a thenable `y` is a thenable that tries to fulfill twice for a thenable that tries to fulfill twice `then` calls `resolvePromise` asynchronously via return from a rejected promise:
     Error: timeout of 200ms exceeded. Ensure the done() callback is being called in this test.
  

  354) 2.3.3: Otherwise, if `x` is an object or function, 2.3.3.3: If `then` is a function, call it with `x` as `this`, first argument `resolvePromise`, and second argument `rejectPromise` 2.3.3.3.1: If/when `resolvePromise` is called with value `y`, run `[[Resolve]](promise, y)` `y` is a thenable for a thenable `y` is a thenable that tries to fulfill twice for a thenable that fulfills but then throws `then` calls `resolvePromise` synchronously via return from a fulfilled promise:
     Error: timeout of 200ms exceeded. Ensure the done() callback is being called in this test.
  

  355) 2.3.3: Otherwise, if `x` is an object or function, 2.3.3.3: If `then` is a function, call it with `x` as `this`, first argument `resolvePromise`, and second argument `rejectPromise` 2.3.3.3.1: If/when `resolvePromise` is called with value `y`, run `[[Resolve]](promise, y)` `y` is a thenable for a thenable `y` is a thenable that tries to fulfill twice for a thenable that fulfills but then throws `then` calls `resolvePromise` synchronously via return from a rejected promise:
     Error: timeout of 200ms exceeded. Ensure the done() callback is being called in this test.
  

  356) 2.3.3: Otherwise, if `x` is an object or function, 2.3.3.3: If `then` is a function, call it with `x` as `this`, first argument `resolvePromise`, and second argument `rejectPromise` 2.3.3.3.1: If/when `resolvePromise` is called with value `y`, run `[[Resolve]](promise, y)` `y` is a thenable for a thenable `y` is a thenable that tries to fulfill twice for a thenable that fulfills but then throws `then` calls `resolvePromise` asynchronously via return from a fulfilled promise:
     Error: timeout of 200ms exceeded. Ensure the done() callback is being called in this test.
  

  357) 2.3.3: Otherwise, if `x` is an object or function, 2.3.3.3: If `then` is a function, call it with `x` as `this`, first argument `resolvePromise`, and second argument `rejectPromise` 2.3.3.3.1: If/when `resolvePromise` is called with value `y`, run `[[Resolve]](promise, y)` `y` is a thenable for a thenable `y` is a thenable that tries to fulfill twice for a thenable that fulfills but then throws `then` calls `resolvePromise` asynchronously via return from a rejected promise:
     Error: timeout of 200ms exceeded. Ensure the done() callback is being called in this test.
  

  358) 2.3.3: Otherwise, if `x` is an object or function, 2.3.3.3: If `then` is a function, call it with `x` as `this`, first argument `resolvePromise`, and second argument `rejectPromise` 2.3.3.3.1: If/when `resolvePromise` is called with value `y`, run `[[Resolve]](promise, y)` `y` is a thenable for a thenable `y` is a thenable that tries to fulfill twice for an already-fulfilled promise `then` calls `resolvePromise` synchronously via return from a fulfilled promise:
     Error: timeout of 200ms exceeded. Ensure the done() callback is being called in this test.
  

  359) 2.3.3: Otherwise, if `x` is an object or function, 2.3.3.3: If `then` is a function, call it with `x` as `this`, first argument `resolvePromise`, and second argument `rejectPromise` 2.3.3.3.1: If/when `resolvePromise` is called with value `y`, run `[[Resolve]](promise, y)` `y` is a thenable for a thenable `y` is a thenable that tries to fulfill twice for an already-fulfilled promise `then` calls `resolvePromise` synchronously via return from a rejected promise:
     Error: timeout of 200ms exceeded. Ensure the done() callback is being called in this test.
  

  360) 2.3.3: Otherwise, if `x` is an object or function, 2.3.3.3: If `then` is a function, call it with `x` as `this`, first argument `resolvePromise`, and second argument `rejectPromise` 2.3.3.3.1: If/when `resolvePromise` is called with value `y`, run `[[Resolve]](promise, y)` `y` is a thenable for a thenable `y` is a thenable that tries to fulfill twice for an already-fulfilled promise `then` calls `resolvePromise` asynchronously via return from a fulfilled promise:
     Error: timeout of 200ms exceeded. Ensure the done() callback is being called in this test.
  

  361) 2.3.3: Otherwise, if `x` is an object or function, 2.3.3.3: If `then` is a function, call it with `x` as `this`, first argument `resolvePromise`, and second argument `rejectPromise` 2.3.3.3.1: If/when `resolvePromise` is called with value `y`, run `[[Resolve]](promise, y)` `y` is a thenable for a thenable `y` is a thenable that tries to fulfill twice for an already-fulfilled promise `then` calls `resolvePromise` asynchronously via return from a rejected promise:
     Error: timeout of 200ms exceeded. Ensure the done() callback is being called in this test.
  

  362) 2.3.3: Otherwise, if `x` is an object or function, 2.3.3.3: If `then` is a function, call it with `x` as `this`, first argument `resolvePromise`, and second argument `rejectPromise` 2.3.3.3.1: If/when `resolvePromise` is called with value `y`, run `[[Resolve]](promise, y)` `y` is a thenable for a thenable `y` is a thenable that tries to fulfill twice for an eventually-fulfilled promise `then` calls `resolvePromise` synchronously via return from a fulfilled promise:
     Error: timeout of 200ms exceeded. Ensure the done() callback is being called in this test.
  

  363) 2.3.3: Otherwise, if `x` is an object or function, 2.3.3.3: If `then` is a function, call it with `x` as `this`, first argument `resolvePromise`, and second argument `rejectPromise` 2.3.3.3.1: If/when `resolvePromise` is called with value `y`, run `[[Resolve]](promise, y)` `y` is a thenable for a thenable `y` is a thenable that tries to fulfill twice for an eventually-fulfilled promise `then` calls `resolvePromise` synchronously via return from a rejected promise:
     Error: timeout of 200ms exceeded. Ensure the done() callback is being called in this test.
  

  364) 2.3.3: Otherwise, if `x` is an object or function, 2.3.3.3: If `then` is a function, call it with `x` as `this`, first argument `resolvePromise`, and second argument `rejectPromise` 2.3.3.3.1: If/when `resolvePromise` is called with value `y`, run `[[Resolve]](promise, y)` `y` is a thenable for a thenable `y` is a thenable that tries to fulfill twice for an eventually-fulfilled promise `then` calls `resolvePromise` asynchronously via return from a fulfilled promise:
     Error: timeout of 200ms exceeded. Ensure the done() callback is being called in this test.
  

  365) 2.3.3: Otherwise, if `x` is an object or function, 2.3.3.3: If `then` is a function, call it with `x` as `this`, first argument `resolvePromise`, and second argument `rejectPromise` 2.3.3.3.1: If/when `resolvePromise` is called with value `y`, run `[[Resolve]](promise, y)` `y` is a thenable for a thenable `y` is a thenable that tries to fulfill twice for an eventually-fulfilled promise `then` calls `resolvePromise` asynchronously via return from a rejected promise:
     Error: timeout of 200ms exceeded. Ensure the done() callback is being called in this test.
  

  366) 2.3.3: Otherwise, if `x` is an object or function, 2.3.3.3: If `then` is a function, call it with `x` as `this`, first argument `resolvePromise`, and second argument `rejectPromise` 2.3.3.3.1: If/when `resolvePromise` is called with value `y`, run `[[Resolve]](promise, y)` `y` is a thenable for a thenable `y` is a thenable that tries to fulfill twice for a synchronously-rejected custom thenable `then` calls `resolvePromise` synchronously via return from a fulfilled promise:
     Error: timeout of 200ms exceeded. Ensure the done() callback is being called in this test.
  

  367) 2.3.3: Otherwise, if `x` is an object or function, 2.3.3.3: If `then` is a function, call it with `x` as `this`, first argument `resolvePromise`, and second argument `rejectPromise` 2.3.3.3.1: If/when `resolvePromise` is called with value `y`, run `[[Resolve]](promise, y)` `y` is a thenable for a thenable `y` is a thenable that tries to fulfill twice for a synchronously-rejected custom thenable `then` calls `resolvePromise` synchronously via return from a rejected promise:
     Error: timeout of 200ms exceeded. Ensure the done() callback is being called in this test.
  

  368) 2.3.3: Otherwise, if `x` is an object or function, 2.3.3.3: If `then` is a function, call it with `x` as `this`, first argument `resolvePromise`, and second argument `rejectPromise` 2.3.3.3.1: If/when `resolvePromise` is called with value `y`, run `[[Resolve]](promise, y)` `y` is a thenable for a thenable `y` is a thenable that tries to fulfill twice for a synchronously-rejected custom thenable `then` calls `resolvePromise` asynchronously via return from a fulfilled promise:
     Error: timeout of 200ms exceeded. Ensure the done() callback is being called in this test.
  

  369) 2.3.3: Otherwise, if `x` is an object or function, 2.3.3.3: If `then` is a function, call it with `x` as `this`, first argument `resolvePromise`, and second argument `rejectPromise` 2.3.3.3.1: If/when `resolvePromise` is called with value `y`, run `[[Resolve]](promise, y)` `y` is a thenable for a thenable `y` is a thenable that tries to fulfill twice for a synchronously-rejected custom thenable `then` calls `resolvePromise` asynchronously via return from a rejected promise:
     Error: timeout of 200ms exceeded. Ensure the done() callback is being called in this test.
  

  370) 2.3.3: Otherwise, if `x` is an object or function, 2.3.3.3: If `then` is a function, call it with `x` as `this`, first argument `resolvePromise`, and second argument `rejectPromise` 2.3.3.3.1: If/when `resolvePromise` is called with value `y`, run `[[Resolve]](promise, y)` `y` is a thenable for a thenable `y` is a thenable that tries to fulfill twice for an asynchronously-rejected custom thenable `then` calls `resolvePromise` synchronously via return from a fulfilled promise:
     Error: timeout of 200ms exceeded. Ensure the done() callback is being called in this test.
  

  371) 2.3.3: Otherwise, if `x` is an object or function, 2.3.3.3: If `then` is a function, call it with `x` as `this`, first argument `resolvePromise`, and second argument `rejectPromise` 2.3.3.3.1: If/when `resolvePromise` is called with value `y`, run `[[Resolve]](promise, y)` `y` is a thenable for a thenable `y` is a thenable that tries to fulfill twice for an asynchronously-rejected custom thenable `then` calls `resolvePromise` synchronously via return from a rejected promise:
     Error: timeout of 200ms exceeded. Ensure the done() callback is being called in this test.
  

  372) 2.3.3: Otherwise, if `x` is an object or function, 2.3.3.3: If `then` is a function, call it with `x` as `this`, first argument `resolvePromise`, and second argument `rejectPromise` 2.3.3.3.1: If/when `resolvePromise` is called with value `y`, run `[[Resolve]](promise, y)` `y` is a thenable for a thenable `y` is a thenable that tries to fulfill twice for an asynchronously-rejected custom thenable `then` calls `resolvePromise` asynchronously via return from a fulfilled promise:
     Error: timeout of 200ms exceeded. Ensure the done() callback is being called in this test.
  

  373) 2.3.3: Otherwise, if `x` is an object or function, 2.3.3.3: If `then` is a function, call it with `x` as `this`, first argument `resolvePromise`, and second argument `rejectPromise` 2.3.3.3.1: If/when `resolvePromise` is called with value `y`, run `[[Resolve]](promise, y)` `y` is a thenable for a thenable `y` is a thenable that tries to fulfill twice for an asynchronously-rejected custom thenable `then` calls `resolvePromise` asynchronously via return from a rejected promise:
     Error: timeout of 200ms exceeded. Ensure the done() callback is being called in this test.
  

  374) 2.3.3: Otherwise, if `x` is an object or function, 2.3.3.3: If `then` is a function, call it with `x` as `this`, first argument `resolvePromise`, and second argument `rejectPromise` 2.3.3.3.1: If/when `resolvePromise` is called with value `y`, run `[[Resolve]](promise, y)` `y` is a thenable for a thenable `y` is a thenable that tries to fulfill twice for a synchronously-rejected one-time thenable `then` calls `resolvePromise` synchronously via return from a fulfilled promise:
     Error: timeout of 200ms exceeded. Ensure the done() callback is being called in this test.
  

  375) 2.3.3: Otherwise, if `x` is an object or function, 2.3.3.3: If `then` is a function, call it with `x` as `this`, first argument `resolvePromise`, and second argument `rejectPromise` 2.3.3.3.1: If/when `resolvePromise` is called with value `y`, run `[[Resolve]](promise, y)` `y` is a thenable for a thenable `y` is a thenable that tries to fulfill twice for a synchronously-rejected one-time thenable `then` calls `resolvePromise` synchronously via return from a rejected promise:
     Error: timeout of 200ms exceeded. Ensure the done() callback is being called in this test.
  

  376) 2.3.3: Otherwise, if `x` is an object or function, 2.3.3.3: If `then` is a function, call it with `x` as `this`, first argument `resolvePromise`, and second argument `rejectPromise` 2.3.3.3.1: If/when `resolvePromise` is called with value `y`, run `[[Resolve]](promise, y)` `y` is a thenable for a thenable `y` is a thenable that tries to fulfill twice for a synchronously-rejected one-time thenable `then` calls `resolvePromise` asynchronously via return from a fulfilled promise:
     Error: timeout of 200ms exceeded. Ensure the done() callback is being called in this test.
  

  377) 2.3.3: Otherwise, if `x` is an object or function, 2.3.3.3: If `then` is a function, call it with `x` as `this`, first argument `resolvePromise`, and second argument `rejectPromise` 2.3.3.3.1: If/when `resolvePromise` is called with value `y`, run `[[Resolve]](promise, y)` `y` is a thenable for a thenable `y` is a thenable that tries to fulfill twice for a synchronously-rejected one-time thenable `then` calls `resolvePromise` asynchronously via return from a rejected promise:
     Error: timeout of 200ms exceeded. Ensure the done() callback is being called in this test.
  

  378) 2.3.3: Otherwise, if `x` is an object or function, 2.3.3.3: If `then` is a function, call it with `x` as `this`, first argument `resolvePromise`, and second argument `rejectPromise` 2.3.3.3.1: If/when `resolvePromise` is called with value `y`, run `[[Resolve]](promise, y)` `y` is a thenable for a thenable `y` is a thenable that tries to fulfill twice for a thenable that immediately throws in `then` `then` calls `resolvePromise` synchronously via return from a fulfilled promise:
     Error: timeout of 200ms exceeded. Ensure the done() callback is being called in this test.
  

  379) 2.3.3: Otherwise, if `x` is an object or function, 2.3.3.3: If `then` is a function, call it with `x` as `this`, first argument `resolvePromise`, and second argument `rejectPromise` 2.3.3.3.1: If/when `resolvePromise` is called with value `y`, run `[[Resolve]](promise, y)` `y` is a thenable for a thenable `y` is a thenable that tries to fulfill twice for a thenable that immediately throws in `then` `then` calls `resolvePromise` synchronously via return from a rejected promise:
     Error: timeout of 200ms exceeded. Ensure the done() callback is being called in this test.
  

  380) 2.3.3: Otherwise, if `x` is an object or function, 2.3.3.3: If `then` is a function, call it with `x` as `this`, first argument `resolvePromise`, and second argument `rejectPromise` 2.3.3.3.1: If/when `resolvePromise` is called with value `y`, run `[[Resolve]](promise, y)` `y` is a thenable for a thenable `y` is a thenable that tries to fulfill twice for a thenable that immediately throws in `then` `then` calls `resolvePromise` asynchronously via return from a fulfilled promise:
     Error: timeout of 200ms exceeded. Ensure the done() callback is being called in this test.
  

  381) 2.3.3: Otherwise, if `x` is an object or function, 2.3.3.3: If `then` is a function, call it with `x` as `this`, first argument `resolvePromise`, and second argument `rejectPromise` 2.3.3.3.1: If/when `resolvePromise` is called with value `y`, run `[[Resolve]](promise, y)` `y` is a thenable for a thenable `y` is a thenable that tries to fulfill twice for a thenable that immediately throws in `then` `then` calls `resolvePromise` asynchronously via return from a rejected promise:
     Error: timeout of 200ms exceeded. Ensure the done() callback is being called in this test.
  

  382) 2.3.3: Otherwise, if `x` is an object or function, 2.3.3.3: If `then` is a function, call it with `x` as `this`, first argument `resolvePromise`, and second argument `rejectPromise` 2.3.3.3.1: If/when `resolvePromise` is called with value `y`, run `[[Resolve]](promise, y)` `y` is a thenable for a thenable `y` is a thenable that tries to fulfill twice for an object with a throwing `then` accessor `then` calls `resolvePromise` synchronously via return from a fulfilled promise:
     Error: timeout of 200ms exceeded. Ensure the done() callback is being called in this test.
  

  383) 2.3.3: Otherwise, if `x` is an object or function, 2.3.3.3: If `then` is a function, call it with `x` as `this`, first argument `resolvePromise`, and second argument `rejectPromise` 2.3.3.3.1: If/when `resolvePromise` is called with value `y`, run `[[Resolve]](promise, y)` `y` is a thenable for a thenable `y` is a thenable that tries to fulfill twice for an object with a throwing `then` accessor `then` calls `resolvePromise` synchronously via return from a rejected promise:
     Error: timeout of 200ms exceeded. Ensure the done() callback is being called in this test.
  

  384) 2.3.3: Otherwise, if `x` is an object or function, 2.3.3.3: If `then` is a function, call it with `x` as `this`, first argument `resolvePromise`, and second argument `rejectPromise` 2.3.3.3.1: If/when `resolvePromise` is called with value `y`, run `[[Resolve]](promise, y)` `y` is a thenable for a thenable `y` is a thenable that tries to fulfill twice for an object with a throwing `then` accessor `then` calls `resolvePromise` asynchronously via return from a fulfilled promise:
     Error: timeout of 200ms exceeded. Ensure the done() callback is being called in this test.
  

  385) 2.3.3: Otherwise, if `x` is an object or function, 2.3.3.3: If `then` is a function, call it with `x` as `this`, first argument `resolvePromise`, and second argument `rejectPromise` 2.3.3.3.1: If/when `resolvePromise` is called with value `y`, run `[[Resolve]](promise, y)` `y` is a thenable for a thenable `y` is a thenable that tries to fulfill twice for an object with a throwing `then` accessor `then` calls `resolvePromise` asynchronously via return from a rejected promise:
     Error: timeout of 200ms exceeded. Ensure the done() callback is being called in this test.
  

  386) 2.3.3: Otherwise, if `x` is an object or function, 2.3.3.3: If `then` is a function, call it with `x` as `this`, first argument `resolvePromise`, and second argument `rejectPromise` 2.3.3.3.1: If/when `resolvePromise` is called with value `y`, run `[[Resolve]](promise, y)` `y` is a thenable for a thenable `y` is a thenable that tries to fulfill twice for an already-rejected promise `then` calls `resolvePromise` synchronously via return from a fulfilled promise:
     Error: timeout of 200ms exceeded. Ensure the done() callback is being called in this test.
  

  387) 2.3.3: Otherwise, if `x` is an object or function, 2.3.3.3: If `then` is a function, call it with `x` as `this`, first argument `resolvePromise`, and second argument `rejectPromise` 2.3.3.3.1: If/when `resolvePromise` is called with value `y`, run `[[Resolve]](promise, y)` `y` is a thenable for a thenable `y` is a thenable that tries to fulfill twice for an already-rejected promise `then` calls `resolvePromise` synchronously via return from a rejected promise:
     Error: timeout of 200ms exceeded. Ensure the done() callback is being called in this test.
  

  388) 2.3.3: Otherwise, if `x` is an object or function, 2.3.3.3: If `then` is a function, call it with `x` as `this`, first argument `resolvePromise`, and second argument `rejectPromise` 2.3.3.3.1: If/when `resolvePromise` is called with value `y`, run `[[Resolve]](promise, y)` `y` is a thenable for a thenable `y` is a thenable that tries to fulfill twice for an already-rejected promise `then` calls `resolvePromise` asynchronously via return from a fulfilled promise:
     Error: timeout of 200ms exceeded. Ensure the done() callback is being called in this test.
  

  389) 2.3.3: Otherwise, if `x` is an object or function, 2.3.3.3: If `then` is a function, call it with `x` as `this`, first argument `resolvePromise`, and second argument `rejectPromise` 2.3.3.3.1: If/when `resolvePromise` is called with value `y`, run `[[Resolve]](promise, y)` `y` is a thenable for a thenable `y` is a thenable that tries to fulfill twice for an already-rejected promise `then` calls `resolvePromise` asynchronously via return from a rejected promise:
     Error: timeout of 200ms exceeded. Ensure the done() callback is being called in this test.
  

  390) 2.3.3: Otherwise, if `x` is an object or function, 2.3.3.3: If `then` is a function, call it with `x` as `this`, first argument `resolvePromise`, and second argument `rejectPromise` 2.3.3.3.1: If/when `resolvePromise` is called with value `y`, run `[[Resolve]](promise, y)` `y` is a thenable for a thenable `y` is a thenable that tries to fulfill twice for an eventually-rejected promise `then` calls `resolvePromise` synchronously via return from a fulfilled promise:
     Error: timeout of 200ms exceeded. Ensure the done() callback is being called in this test.
  

  391) 2.3.3: Otherwise, if `x` is an object or function, 2.3.3.3: If `then` is a function, call it with `x` as `this`, first argument `resolvePromise`, and second argument `rejectPromise` 2.3.3.3.1: If/when `resolvePromise` is called with value `y`, run `[[Resolve]](promise, y)` `y` is a thenable for a thenable `y` is a thenable that tries to fulfill twice for an eventually-rejected promise `then` calls `resolvePromise` synchronously via return from a rejected promise:
     Error: timeout of 200ms exceeded. Ensure the done() callback is being called in this test.
  

  392) 2.3.3: Otherwise, if `x` is an object or function, 2.3.3.3: If `then` is a function, call it with `x` as `this`, first argument `resolvePromise`, and second argument `rejectPromise` 2.3.3.3.1: If/when `resolvePromise` is called with value `y`, run `[[Resolve]](promise, y)` `y` is a thenable for a thenable `y` is a thenable that tries to fulfill twice for an eventually-rejected promise `then` calls `resolvePromise` asynchronously via return from a fulfilled promise:
     Error: timeout of 200ms exceeded. Ensure the done() callback is being called in this test.
  

  393) 2.3.3: Otherwise, if `x` is an object or function, 2.3.3.3: If `then` is a function, call it with `x` as `this`, first argument `resolvePromise`, and second argument `rejectPromise` 2.3.3.3.1: If/when `resolvePromise` is called with value `y`, run `[[Resolve]](promise, y)` `y` is a thenable for a thenable `y` is a thenable that tries to fulfill twice for an eventually-rejected promise `then` calls `resolvePromise` asynchronously via return from a rejected promise:
     Error: timeout of 200ms exceeded. Ensure the done() callback is being called in this test.
  

  394) 2.3.3: Otherwise, if `x` is an object or function, 2.3.3.3: If `then` is a function, call it with `x` as `this`, first argument `resolvePromise`, and second argument `rejectPromise` 2.3.3.3.1: If/when `resolvePromise` is called with value `y`, run `[[Resolve]](promise, y)` `y` is a thenable for a thenable `y` is a thenable that fulfills but then throws for a synchronously-fulfilled custom thenable `then` calls `resolvePromise` synchronously via return from a fulfilled promise:
     Error: timeout of 200ms exceeded. Ensure the done() callback is being called in this test.
  

  395) 2.3.3: Otherwise, if `x` is an object or function, 2.3.3.3: If `then` is a function, call it with `x` as `this`, first argument `resolvePromise`, and second argument `rejectPromise` 2.3.3.3.1: If/when `resolvePromise` is called with value `y`, run `[[Resolve]](promise, y)` `y` is a thenable for a thenable `y` is a thenable that fulfills but then throws for a synchronously-fulfilled custom thenable `then` calls `resolvePromise` synchronously via return from a rejected promise:
     Error: timeout of 200ms exceeded. Ensure the done() callback is being called in this test.
  

  396) 2.3.3: Otherwise, if `x` is an object or function, 2.3.3.3: If `then` is a function, call it with `x` as `this`, first argument `resolvePromise`, and second argument `rejectPromise` 2.3.3.3.1: If/when `resolvePromise` is called with value `y`, run `[[Resolve]](promise, y)` `y` is a thenable for a thenable `y` is a thenable that fulfills but then throws for a synchronously-fulfilled custom thenable `then` calls `resolvePromise` asynchronously via return from a fulfilled promise:
     Error: timeout of 200ms exceeded. Ensure the done() callback is being called in this test.
  

  397) 2.3.3: Otherwise, if `x` is an object or function, 2.3.3.3: If `then` is a function, call it with `x` as `this`, first argument `resolvePromise`, and second argument `rejectPromise` 2.3.3.3.1: If/when `resolvePromise` is called with value `y`, run `[[Resolve]](promise, y)` `y` is a thenable for a thenable `y` is a thenable that fulfills but then throws for a synchronously-fulfilled custom thenable `then` calls `resolvePromise` asynchronously via return from a rejected promise:
     Error: timeout of 200ms exceeded. Ensure the done() callback is being called in this test.
  

  398) 2.3.3: Otherwise, if `x` is an object or function, 2.3.3.3: If `then` is a function, call it with `x` as `this`, first argument `resolvePromise`, and second argument `rejectPromise` 2.3.3.3.1: If/when `resolvePromise` is called with value `y`, run `[[Resolve]](promise, y)` `y` is a thenable for a thenable `y` is a thenable that fulfills but then throws for an asynchronously-fulfilled custom thenable `then` calls `resolvePromise` synchronously via return from a fulfilled promise:
     Error: timeout of 200ms exceeded. Ensure the done() callback is being called in this test.
  

  399) 2.3.3: Otherwise, if `x` is an object or function, 2.3.3.3: If `then` is a function, call it with `x` as `this`, first argument `resolvePromise`, and second argument `rejectPromise` 2.3.3.3.1: If/when `resolvePromise` is called with value `y`, run `[[Resolve]](promise, y)` `y` is a thenable for a thenable `y` is a thenable that fulfills but then throws for an asynchronously-fulfilled custom thenable `then` calls `resolvePromise` synchronously via return from a rejected promise:
     Error: timeout of 200ms exceeded. Ensure the done() callback is being called in this test.
  

  400) 2.3.3: Otherwise, if `x` is an object or function, 2.3.3.3: If `then` is a function, call it with `x` as `this`, first argument `resolvePromise`, and second argument `rejectPromise` 2.3.3.3.1: If/when `resolvePromise` is called with value `y`, run `[[Resolve]](promise, y)` `y` is a thenable for a thenable `y` is a thenable that fulfills but then throws for an asynchronously-fulfilled custom thenable `then` calls `resolvePromise` asynchronously via return from a fulfilled promise:
     Error: timeout of 200ms exceeded. Ensure the done() callback is being called in this test.
  

  401) 2.3.3: Otherwise, if `x` is an object or function, 2.3.3.3: If `then` is a function, call it with `x` as `this`, first argument `resolvePromise`, and second argument `rejectPromise` 2.3.3.3.1: If/when `resolvePromise` is called with value `y`, run `[[Resolve]](promise, y)` `y` is a thenable for a thenable `y` is a thenable that fulfills but then throws for an asynchronously-fulfilled custom thenable `then` calls `resolvePromise` asynchronously via return from a rejected promise:
     Error: timeout of 200ms exceeded. Ensure the done() callback is being called in this test.
  

  402) 2.3.3: Otherwise, if `x` is an object or function, 2.3.3.3: If `then` is a function, call it with `x` as `this`, first argument `resolvePromise`, and second argument `rejectPromise` 2.3.3.3.1: If/when `resolvePromise` is called with value `y`, run `[[Resolve]](promise, y)` `y` is a thenable for a thenable `y` is a thenable that fulfills but then throws for a synchronously-fulfilled one-time thenable `then` calls `resolvePromise` synchronously via return from a fulfilled promise:
     Error: timeout of 200ms exceeded. Ensure the done() callback is being called in this test.
  

  403) 2.3.3: Otherwise, if `x` is an object or function, 2.3.3.3: If `then` is a function, call it with `x` as `this`, first argument `resolvePromise`, and second argument `rejectPromise` 2.3.3.3.1: If/when `resolvePromise` is called with value `y`, run `[[Resolve]](promise, y)` `y` is a thenable for a thenable `y` is a thenable that fulfills but then throws for a synchronously-fulfilled one-time thenable `then` calls `resolvePromise` synchronously via return from a rejected promise:
     Error: timeout of 200ms exceeded. Ensure the done() callback is being called in this test.
  

  404) 2.3.3: Otherwise, if `x` is an object or function, 2.3.3.3: If `then` is a function, call it with `x` as `this`, first argument `resolvePromise`, and second argument `rejectPromise` 2.3.3.3.1: If/when `resolvePromise` is called with value `y`, run `[[Resolve]](promise, y)` `y` is a thenable for a thenable `y` is a thenable that fulfills but then throws for a synchronously-fulfilled one-time thenable `then` calls `resolvePromise` asynchronously via return from a fulfilled promise:
     Error: timeout of 200ms exceeded. Ensure the done() callback is being called in this test.
  

  405) 2.3.3: Otherwise, if `x` is an object or function, 2.3.3.3: If `then` is a function, call it with `x` as `this`, first argument `resolvePromise`, and second argument `rejectPromise` 2.3.3.3.1: If/when `resolvePromise` is called with value `y`, run `[[Resolve]](promise, y)` `y` is a thenable for a thenable `y` is a thenable that fulfills but then throws for a synchronously-fulfilled one-time thenable `then` calls `resolvePromise` asynchronously via return from a rejected promise:
     Error: timeout of 200ms exceeded. Ensure the done() callback is being called in this test.
  

  406) 2.3.3: Otherwise, if `x` is an object or function, 2.3.3.3: If `then` is a function, call it with `x` as `this`, first argument `resolvePromise`, and second argument `rejectPromise` 2.3.3.3.1: If/when `resolvePromise` is called with value `y`, run `[[Resolve]](promise, y)` `y` is a thenable for a thenable `y` is a thenable that fulfills but then throws for a thenable that tries to fulfill twice `then` calls `resolvePromise` synchronously via return from a fulfilled promise:
     Error: timeout of 200ms exceeded. Ensure the done() callback is being called in this test.
  

  407) 2.3.3: Otherwise, if `x` is an object or function, 2.3.3.3: If `then` is a function, call it with `x` as `this`, first argument `resolvePromise`, and second argument `rejectPromise` 2.3.3.3.1: If/when `resolvePromise` is called with value `y`, run `[[Resolve]](promise, y)` `y` is a thenable for a thenable `y` is a thenable that fulfills but then throws for a thenable that tries to fulfill twice `then` calls `resolvePromise` synchronously via return from a rejected promise:
     Error: timeout of 200ms exceeded. Ensure the done() callback is being called in this test.
  

  408) 2.3.3: Otherwise, if `x` is an object or function, 2.3.3.3: If `then` is a function, call it with `x` as `this`, first argument `resolvePromise`, and second argument `rejectPromise` 2.3.3.3.1: If/when `resolvePromise` is called with value `y`, run `[[Resolve]](promise, y)` `y` is a thenable for a thenable `y` is a thenable that fulfills but then throws for a thenable that tries to fulfill twice `then` calls `resolvePromise` asynchronously via return from a fulfilled promise:
     Error: timeout of 200ms exceeded. Ensure the done() callback is being called in this test.
  

  409) 2.3.3: Otherwise, if `x` is an object or function, 2.3.3.3: If `then` is a function, call it with `x` as `this`, first argument `resolvePromise`, and second argument `rejectPromise` 2.3.3.3.1: If/when `resolvePromise` is called with value `y`, run `[[Resolve]](promise, y)` `y` is a thenable for a thenable `y` is a thenable that fulfills but then throws for a thenable that tries to fulfill twice `then` calls `resolvePromise` asynchronously via return from a rejected promise:
     Error: timeout of 200ms exceeded. Ensure the done() callback is being called in this test.
  

  410) 2.3.3: Otherwise, if `x` is an object or function, 2.3.3.3: If `then` is a function, call it with `x` as `this`, first argument `resolvePromise`, and second argument `rejectPromise` 2.3.3.3.1: If/when `resolvePromise` is called with value `y`, run `[[Resolve]](promise, y)` `y` is a thenable for a thenable `y` is a thenable that fulfills but then throws for a thenable that fulfills but then throws `then` calls `resolvePromise` synchronously via return from a fulfilled promise:
     Error: timeout of 200ms exceeded. Ensure the done() callback is being called in this test.
  

  411) 2.3.3: Otherwise, if `x` is an object or function, 2.3.3.3: If `then` is a function, call it with `x` as `this`, first argument `resolvePromise`, and second argument `rejectPromise` 2.3.3.3.1: If/when `resolvePromise` is called with value `y`, run `[[Resolve]](promise, y)` `y` is a thenable for a thenable `y` is a thenable that fulfills but then throws for a thenable that fulfills but then throws `then` calls `resolvePromise` synchronously via return from a rejected promise:
     Error: timeout of 200ms exceeded. Ensure the done() callback is being called in this test.
  

  412) 2.3.3: Otherwise, if `x` is an object or function, 2.3.3.3: If `then` is a function, call it with `x` as `this`, first argument `resolvePromise`, and second argument `rejectPromise` 2.3.3.3.1: If/when `resolvePromise` is called with value `y`, run `[[Resolve]](promise, y)` `y` is a thenable for a thenable `y` is a thenable that fulfills but then throws for a thenable that fulfills but then throws `then` calls `resolvePromise` asynchronously via return from a fulfilled promise:
     Error: timeout of 200ms exceeded. Ensure the done() callback is being called in this test.
  

  413) 2.3.3: Otherwise, if `x` is an object or function, 2.3.3.3: If `then` is a function, call it with `x` as `this`, first argument `resolvePromise`, and second argument `rejectPromise` 2.3.3.3.1: If/when `resolvePromise` is called with value `y`, run `[[Resolve]](promise, y)` `y` is a thenable for a thenable `y` is a thenable that fulfills but then throws for a thenable that fulfills but then throws `then` calls `resolvePromise` asynchronously via return from a rejected promise:
     Error: timeout of 200ms exceeded. Ensure the done() callback is being called in this test.
  

  414) 2.3.3: Otherwise, if `x` is an object or function, 2.3.3.3: If `then` is a function, call it with `x` as `this`, first argument `resolvePromise`, and second argument `rejectPromise` 2.3.3.3.1: If/when `resolvePromise` is called with value `y`, run `[[Resolve]](promise, y)` `y` is a thenable for a thenable `y` is a thenable that fulfills but then throws for an already-fulfilled promise `then` calls `resolvePromise` synchronously via return from a fulfilled promise:
     Error: timeout of 200ms exceeded. Ensure the done() callback is being called in this test.
  

  415) 2.3.3: Otherwise, if `x` is an object or function, 2.3.3.3: If `then` is a function, call it with `x` as `this`, first argument `resolvePromise`, and second argument `rejectPromise` 2.3.3.3.1: If/when `resolvePromise` is called with value `y`, run `[[Resolve]](promise, y)` `y` is a thenable for a thenable `y` is a thenable that fulfills but then throws for an already-fulfilled promise `then` calls `resolvePromise` synchronously via return from a rejected promise:
     Error: timeout of 200ms exceeded. Ensure the done() callback is being called in this test.
  

  416) 2.3.3: Otherwise, if `x` is an object or function, 2.3.3.3: If `then` is a function, call it with `x` as `this`, first argument `resolvePromise`, and second argument `rejectPromise` 2.3.3.3.1: If/when `resolvePromise` is called with value `y`, run `[[Resolve]](promise, y)` `y` is a thenable for a thenable `y` is a thenable that fulfills but then throws for an already-fulfilled promise `then` calls `resolvePromise` asynchronously via return from a fulfilled promise:
     Error: timeout of 200ms exceeded. Ensure the done() callback is being called in this test.
  

  417) 2.3.3: Otherwise, if `x` is an object or function, 2.3.3.3: If `then` is a function, call it with `x` as `this`, first argument `resolvePromise`, and second argument `rejectPromise` 2.3.3.3.1: If/when `resolvePromise` is called with value `y`, run `[[Resolve]](promise, y)` `y` is a thenable for a thenable `y` is a thenable that fulfills but then throws for an already-fulfilled promise `then` calls `resolvePromise` asynchronously via return from a rejected promise:
     Error: timeout of 200ms exceeded. Ensure the done() callback is being called in this test.
  

  418) 2.3.3: Otherwise, if `x` is an object or function, 2.3.3.3: If `then` is a function, call it with `x` as `this`, first argument `resolvePromise`, and second argument `rejectPromise` 2.3.3.3.1: If/when `resolvePromise` is called with value `y`, run `[[Resolve]](promise, y)` `y` is a thenable for a thenable `y` is a thenable that fulfills but then throws for an eventually-fulfilled promise `then` calls `resolvePromise` synchronously via return from a fulfilled promise:
     Error: timeout of 200ms exceeded. Ensure the done() callback is being called in this test.
  

  419) 2.3.3: Otherwise, if `x` is an object or function, 2.3.3.3: If `then` is a function, call it with `x` as `this`, first argument `resolvePromise`, and second argument `rejectPromise` 2.3.3.3.1: If/when `resolvePromise` is called with value `y`, run `[[Resolve]](promise, y)` `y` is a thenable for a thenable `y` is a thenable that fulfills but then throws for an eventually-fulfilled promise `then` calls `resolvePromise` synchronously via return from a rejected promise:
     Error: timeout of 200ms exceeded. Ensure the done() callback is being called in this test.
  

  420) 2.3.3: Otherwise, if `x` is an object or function, 2.3.3.3: If `then` is a function, call it with `x` as `this`, first argument `resolvePromise`, and second argument `rejectPromise` 2.3.3.3.1: If/when `resolvePromise` is called with value `y`, run `[[Resolve]](promise, y)` `y` is a thenable for a thenable `y` is a thenable that fulfills but then throws for an eventually-fulfilled promise `then` calls `resolvePromise` asynchronously via return from a fulfilled promise:
     Error: timeout of 200ms exceeded. Ensure the done() callback is being called in this test.
  

  421) 2.3.3: Otherwise, if `x` is an object or function, 2.3.3.3: If `then` is a function, call it with `x` as `this`, first argument `resolvePromise`, and second argument `rejectPromise` 2.3.3.3.1: If/when `resolvePromise` is called with value `y`, run `[[Resolve]](promise, y)` `y` is a thenable for a thenable `y` is a thenable that fulfills but then throws for an eventually-fulfilled promise `then` calls `resolvePromise` asynchronously via return from a rejected promise:
     Error: timeout of 200ms exceeded. Ensure the done() callback is being called in this test.
  

  422) 2.3.3: Otherwise, if `x` is an object or function, 2.3.3.3: If `then` is a function, call it with `x` as `this`, first argument `resolvePromise`, and second argument `rejectPromise` 2.3.3.3.1: If/when `resolvePromise` is called with value `y`, run `[[Resolve]](promise, y)` `y` is a thenable for a thenable `y` is a thenable that fulfills but then throws for a synchronously-rejected custom thenable `then` calls `resolvePromise` synchronously via return from a fulfilled promise:
     Error: timeout of 200ms exceeded. Ensure the done() callback is being called in this test.
  

  423) 2.3.3: Otherwise, if `x` is an object or function, 2.3.3.3: If `then` is a function, call it with `x` as `this`, first argument `resolvePromise`, and second argument `rejectPromise` 2.3.3.3.1: If/when `resolvePromise` is called with value `y`, run `[[Resolve]](promise, y)` `y` is a thenable for a thenable `y` is a thenable that fulfills but then throws for a synchronously-rejected custom thenable `then` calls `resolvePromise` synchronously via return from a rejected promise:
     Error: timeout of 200ms exceeded. Ensure the done() callback is being called in this test.
  

  424) 2.3.3: Otherwise, if `x` is an object or function, 2.3.3.3: If `then` is a function, call it with `x` as `this`, first argument `resolvePromise`, and second argument `rejectPromise` 2.3.3.3.1: If/when `resolvePromise` is called with value `y`, run `[[Resolve]](promise, y)` `y` is a thenable for a thenable `y` is a thenable that fulfills but then throws for a synchronously-rejected custom thenable `then` calls `resolvePromise` asynchronously via return from a fulfilled promise:
     Error: timeout of 200ms exceeded. Ensure the done() callback is being called in this test.
  

  425) 2.3.3: Otherwise, if `x` is an object or function, 2.3.3.3: If `then` is a function, call it with `x` as `this`, first argument `resolvePromise`, and second argument `rejectPromise` 2.3.3.3.1: If/when `resolvePromise` is called with value `y`, run `[[Resolve]](promise, y)` `y` is a thenable for a thenable `y` is a thenable that fulfills but then throws for a synchronously-rejected custom thenable `then` calls `resolvePromise` asynchronously via return from a rejected promise:
     Error: timeout of 200ms exceeded. Ensure the done() callback is being called in this test.
  

  426) 2.3.3: Otherwise, if `x` is an object or function, 2.3.3.3: If `then` is a function, call it with `x` as `this`, first argument `resolvePromise`, and second argument `rejectPromise` 2.3.3.3.1: If/when `resolvePromise` is called with value `y`, run `[[Resolve]](promise, y)` `y` is a thenable for a thenable `y` is a thenable that fulfills but then throws for an asynchronously-rejected custom thenable `then` calls `resolvePromise` synchronously via return from a fulfilled promise:
     Error: timeout of 200ms exceeded. Ensure the done() callback is being called in this test.
  

  427) 2.3.3: Otherwise, if `x` is an object or function, 2.3.3.3: If `then` is a function, call it with `x` as `this`, first argument `resolvePromise`, and second argument `rejectPromise` 2.3.3.3.1: If/when `resolvePromise` is called with value `y`, run `[[Resolve]](promise, y)` `y` is a thenable for a thenable `y` is a thenable that fulfills but then throws for an asynchronously-rejected custom thenable `then` calls `resolvePromise` synchronously via return from a rejected promise:
     Error: timeout of 200ms exceeded. Ensure the done() callback is being called in this test.
  

  428) 2.3.3: Otherwise, if `x` is an object or function, 2.3.3.3: If `then` is a function, call it with `x` as `this`, first argument `resolvePromise`, and second argument `rejectPromise` 2.3.3.3.1: If/when `resolvePromise` is called with value `y`, run `[[Resolve]](promise, y)` `y` is a thenable for a thenable `y` is a thenable that fulfills but then throws for an asynchronously-rejected custom thenable `then` calls `resolvePromise` asynchronously via return from a fulfilled promise:
     Error: timeout of 200ms exceeded. Ensure the done() callback is being called in this test.
  

  429) 2.3.3: Otherwise, if `x` is an object or function, 2.3.3.3: If `then` is a function, call it with `x` as `this`, first argument `resolvePromise`, and second argument `rejectPromise` 2.3.3.3.1: If/when `resolvePromise` is called with value `y`, run `[[Resolve]](promise, y)` `y` is a thenable for a thenable `y` is a thenable that fulfills but then throws for an asynchronously-rejected custom thenable `then` calls `resolvePromise` asynchronously via return from a rejected promise:
     Error: timeout of 200ms exceeded. Ensure the done() callback is being called in this test.
  

  430) 2.3.3: Otherwise, if `x` is an object or function, 2.3.3.3: If `then` is a function, call it with `x` as `this`, first argument `resolvePromise`, and second argument `rejectPromise` 2.3.3.3.1: If/when `resolvePromise` is called with value `y`, run `[[Resolve]](promise, y)` `y` is a thenable for a thenable `y` is a thenable that fulfills but then throws for a synchronously-rejected one-time thenable `then` calls `resolvePromise` synchronously via return from a fulfilled promise:
     Error: timeout of 200ms exceeded. Ensure the done() callback is being called in this test.
  

  431) 2.3.3: Otherwise, if `x` is an object or function, 2.3.3.3: If `then` is a function, call it with `x` as `this`, first argument `resolvePromise`, and second argument `rejectPromise` 2.3.3.3.1: If/when `resolvePromise` is called with value `y`, run `[[Resolve]](promise, y)` `y` is a thenable for a thenable `y` is a thenable that fulfills but then throws for a synchronously-rejected one-time thenable `then` calls `resolvePromise` synchronously via return from a rejected promise:
     Error: timeout of 200ms exceeded. Ensure the done() callback is being called in this test.
  

  432) 2.3.3: Otherwise, if `x` is an object or function, 2.3.3.3: If `then` is a function, call it with `x` as `this`, first argument `resolvePromise`, and second argument `rejectPromise` 2.3.3.3.1: If/when `resolvePromise` is called with value `y`, run `[[Resolve]](promise, y)` `y` is a thenable for a thenable `y` is a thenable that fulfills but then throws for a synchronously-rejected one-time thenable `then` calls `resolvePromise` asynchronously via return from a fulfilled promise:
     Error: timeout of 200ms exceeded. Ensure the done() callback is being called in this test.
  

  433) 2.3.3: Otherwise, if `x` is an object or function, 2.3.3.3: If `then` is a function, call it with `x` as `this`, first argument `resolvePromise`, and second argument `rejectPromise` 2.3.3.3.1: If/when `resolvePromise` is called with value `y`, run `[[Resolve]](promise, y)` `y` is a thenable for a thenable `y` is a thenable that fulfills but then throws for a synchronously-rejected one-time thenable `then` calls `resolvePromise` asynchronously via return from a rejected promise:
     Error: timeout of 200ms exceeded. Ensure the done() callback is being called in this test.
  

  434) 2.3.3: Otherwise, if `x` is an object or function, 2.3.3.3: If `then` is a function, call it with `x` as `this`, first argument `resolvePromise`, and second argument `rejectPromise` 2.3.3.3.1: If/when `resolvePromise` is called with value `y`, run `[[Resolve]](promise, y)` `y` is a thenable for a thenable `y` is a thenable that fulfills but then throws for a thenable that immediately throws in `then` `then` calls `resolvePromise` synchronously via return from a fulfilled promise:
     Error: timeout of 200ms exceeded. Ensure the done() callback is being called in this test.
  

  435) 2.3.3: Otherwise, if `x` is an object or function, 2.3.3.3: If `then` is a function, call it with `x` as `this`, first argument `resolvePromise`, and second argument `rejectPromise` 2.3.3.3.1: If/when `resolvePromise` is called with value `y`, run `[[Resolve]](promise, y)` `y` is a thenable for a thenable `y` is a thenable that fulfills but then throws for a thenable that immediately throws in `then` `then` calls `resolvePromise` synchronously via return from a rejected promise:
     Error: timeout of 200ms exceeded. Ensure the done() callback is being called in this test.
  

  436) 2.3.3: Otherwise, if `x` is an object or function, 2.3.3.3: If `then` is a function, call it with `x` as `this`, first argument `resolvePromise`, and second argument `rejectPromise` 2.3.3.3.1: If/when `resolvePromise` is called with value `y`, run `[[Resolve]](promise, y)` `y` is a thenable for a thenable `y` is a thenable that fulfills but then throws for a thenable that immediately throws in `then` `then` calls `resolvePromise` asynchronously via return from a fulfilled promise:
     Error: timeout of 200ms exceeded. Ensure the done() callback is being called in this test.
  

  437) 2.3.3: Otherwise, if `x` is an object or function, 2.3.3.3: If `then` is a function, call it with `x` as `this`, first argument `resolvePromise`, and second argument `rejectPromise` 2.3.3.3.1: If/when `resolvePromise` is called with value `y`, run `[[Resolve]](promise, y)` `y` is a thenable for a thenable `y` is a thenable that fulfills but then throws for a thenable that immediately throws in `then` `then` calls `resolvePromise` asynchronously via return from a rejected promise:
     Error: timeout of 200ms exceeded. Ensure the done() callback is being called in this test.
  

  438) 2.3.3: Otherwise, if `x` is an object or function, 2.3.3.3: If `then` is a function, call it with `x` as `this`, first argument `resolvePromise`, and second argument `rejectPromise` 2.3.3.3.1: If/when `resolvePromise` is called with value `y`, run `[[Resolve]](promise, y)` `y` is a thenable for a thenable `y` is a thenable that fulfills but then throws for an object with a throwing `then` accessor `then` calls `resolvePromise` synchronously via return from a fulfilled promise:
     Error: timeout of 200ms exceeded. Ensure the done() callback is being called in this test.
  

  439) 2.3.3: Otherwise, if `x` is an object or function, 2.3.3.3: If `then` is a function, call it with `x` as `this`, first argument `resolvePromise`, and second argument `rejectPromise` 2.3.3.3.1: If/when `resolvePromise` is called with value `y`, run `[[Resolve]](promise, y)` `y` is a thenable for a thenable `y` is a thenable that fulfills but then throws for an object with a throwing `then` accessor `then` calls `resolvePromise` synchronously via return from a rejected promise:
     Error: timeout of 200ms exceeded. Ensure the done() callback is being called in this test.
  

  440) 2.3.3: Otherwise, if `x` is an object or function, 2.3.3.3: If `then` is a function, call it with `x` as `this`, first argument `resolvePromise`, and second argument `rejectPromise` 2.3.3.3.1: If/when `resolvePromise` is called with value `y`, run `[[Resolve]](promise, y)` `y` is a thenable for a thenable `y` is a thenable that fulfills but then throws for an object with a throwing `then` accessor `then` calls `resolvePromise` asynchronously via return from a fulfilled promise:
     Error: timeout of 200ms exceeded. Ensure the done() callback is being called in this test.
  

  441) 2.3.3: Otherwise, if `x` is an object or function, 2.3.3.3: If `then` is a function, call it with `x` as `this`, first argument `resolvePromise`, and second argument `rejectPromise` 2.3.3.3.1: If/when `resolvePromise` is called with value `y`, run `[[Resolve]](promise, y)` `y` is a thenable for a thenable `y` is a thenable that fulfills but then throws for an object with a throwing `then` accessor `then` calls `resolvePromise` asynchronously via return from a rejected promise:
     Error: timeout of 200ms exceeded. Ensure the done() callback is being called in this test.
  

  442) 2.3.3: Otherwise, if `x` is an object or function, 2.3.3.3: If `then` is a function, call it with `x` as `this`, first argument `resolvePromise`, and second argument `rejectPromise` 2.3.3.3.1: If/when `resolvePromise` is called with value `y`, run `[[Resolve]](promise, y)` `y` is a thenable for a thenable `y` is a thenable that fulfills but then throws for an already-rejected promise `then` calls `resolvePromise` synchronously via return from a fulfilled promise:
     Error: timeout of 200ms exceeded. Ensure the done() callback is being called in this test.
  

  443) 2.3.3: Otherwise, if `x` is an object or function, 2.3.3.3: If `then` is a function, call it with `x` as `this`, first argument `resolvePromise`, and second argument `rejectPromise` 2.3.3.3.1: If/when `resolvePromise` is called with value `y`, run `[[Resolve]](promise, y)` `y` is a thenable for a thenable `y` is a thenable that fulfills but then throws for an already-rejected promise `then` calls `resolvePromise` synchronously via return from a rejected promise:
     Error: timeout of 200ms exceeded. Ensure the done() callback is being called in this test.
  

  444) 2.3.3: Otherwise, if `x` is an object or function, 2.3.3.3: If `then` is a function, call it with `x` as `this`, first argument `resolvePromise`, and second argument `rejectPromise` 2.3.3.3.1: If/when `resolvePromise` is called with value `y`, run `[[Resolve]](promise, y)` `y` is a thenable for a thenable `y` is a thenable that fulfills but then throws for an already-rejected promise `then` calls `resolvePromise` asynchronously via return from a fulfilled promise:
     Error: timeout of 200ms exceeded. Ensure the done() callback is being called in this test.
  

  445) 2.3.3: Otherwise, if `x` is an object or function, 2.3.3.3: If `then` is a function, call it with `x` as `this`, first argument `resolvePromise`, and second argument `rejectPromise` 2.3.3.3.1: If/when `resolvePromise` is called with value `y`, run `[[Resolve]](promise, y)` `y` is a thenable for a thenable `y` is a thenable that fulfills but then throws for an already-rejected promise `then` calls `resolvePromise` asynchronously via return from a rejected promise:
     Error: timeout of 200ms exceeded. Ensure the done() callback is being called in this test.
  

  446) 2.3.3: Otherwise, if `x` is an object or function, 2.3.3.3: If `then` is a function, call it with `x` as `this`, first argument `resolvePromise`, and second argument `rejectPromise` 2.3.3.3.1: If/when `resolvePromise` is called with value `y`, run `[[Resolve]](promise, y)` `y` is a thenable for a thenable `y` is a thenable that fulfills but then throws for an eventually-rejected promise `then` calls `resolvePromise` synchronously via return from a fulfilled promise:
     Error: timeout of 200ms exceeded. Ensure the done() callback is being called in this test.
  

  447) 2.3.3: Otherwise, if `x` is an object or function, 2.3.3.3: If `then` is a function, call it with `x` as `this`, first argument `resolvePromise`, and second argument `rejectPromise` 2.3.3.3.1: If/when `resolvePromise` is called with value `y`, run `[[Resolve]](promise, y)` `y` is a thenable for a thenable `y` is a thenable that fulfills but then throws for an eventually-rejected promise `then` calls `resolvePromise` synchronously via return from a rejected promise:
     Error: timeout of 200ms exceeded. Ensure the done() callback is being called in this test.
  

  448) 2.3.3: Otherwise, if `x` is an object or function, 2.3.3.3: If `then` is a function, call it with `x` as `this`, first argument `resolvePromise`, and second argument `rejectPromise` 2.3.3.3.1: If/when `resolvePromise` is called with value `y`, run `[[Resolve]](promise, y)` `y` is a thenable for a thenable `y` is a thenable that fulfills but then throws for an eventually-rejected promise `then` calls `resolvePromise` asynchronously via return from a fulfilled promise:
     Error: timeout of 200ms exceeded. Ensure the done() callback is being called in this test.
  

  449) 2.3.3: Otherwise, if `x` is an object or function, 2.3.3.3: If `then` is a function, call it with `x` as `this`, first argument `resolvePromise`, and second argument `rejectPromise` 2.3.3.3.1: If/when `resolvePromise` is called with value `y`, run `[[Resolve]](promise, y)` `y` is a thenable for a thenable `y` is a thenable that fulfills but then throws for an eventually-rejected promise `then` calls `resolvePromise` asynchronously via return from a rejected promise:
     Error: timeout of 200ms exceeded. Ensure the done() callback is being called in this test.
  

  450) 2.3.3: Otherwise, if `x` is an object or function, 2.3.3.3: If `then` is a function, call it with `x` as `this`, first argument `resolvePromise`, and second argument `rejectPromise` 2.3.3.3.1: If/when `resolvePromise` is called with value `y`, run `[[Resolve]](promise, y)` `y` is a thenable for a thenable `y` is an already-fulfilled promise for a synchronously-fulfilled custom thenable `then` calls `resolvePromise` synchronously via return from a fulfilled promise:
     Error: timeout of 200ms exceeded. Ensure the done() callback is being called in this test.
  

  451) 2.3.3: Otherwise, if `x` is an object or function, 2.3.3.3: If `then` is a function, call it with `x` as `this`, first argument `resolvePromise`, and second argument `rejectPromise` 2.3.3.3.1: If/when `resolvePromise` is called with value `y`, run `[[Resolve]](promise, y)` `y` is a thenable for a thenable `y` is an already-fulfilled promise for a synchronously-fulfilled custom thenable `then` calls `resolvePromise` synchronously via return from a rejected promise:
     Error: timeout of 200ms exceeded. Ensure the done() callback is being called in this test.
  

  452) 2.3.3: Otherwise, if `x` is an object or function, 2.3.3.3: If `then` is a function, call it with `x` as `this`, first argument `resolvePromise`, and second argument `rejectPromise` 2.3.3.3.1: If/when `resolvePromise` is called with value `y`, run `[[Resolve]](promise, y)` `y` is a thenable for a thenable `y` is an already-fulfilled promise for a synchronously-fulfilled custom thenable `then` calls `resolvePromise` asynchronously via return from a fulfilled promise:
     Error: timeout of 200ms exceeded. Ensure the done() callback is being called in this test.
  

  453) 2.3.3: Otherwise, if `x` is an object or function, 2.3.3.3: If `then` is a function, call it with `x` as `this`, first argument `resolvePromise`, and second argument `rejectPromise` 2.3.3.3.1: If/when `resolvePromise` is called with value `y`, run `[[Resolve]](promise, y)` `y` is a thenable for a thenable `y` is an already-fulfilled promise for a synchronously-fulfilled custom thenable `then` calls `resolvePromise` asynchronously via return from a rejected promise:
     Error: timeout of 200ms exceeded. Ensure the done() callback is being called in this test.
  

  454) 2.3.3: Otherwise, if `x` is an object or function, 2.3.3.3: If `then` is a function, call it with `x` as `this`, first argument `resolvePromise`, and second argument `rejectPromise` 2.3.3.3.1: If/when `resolvePromise` is called with value `y`, run `[[Resolve]](promise, y)` `y` is a thenable for a thenable `y` is an already-fulfilled promise for an asynchronously-fulfilled custom thenable `then` calls `resolvePromise` synchronously via return from a fulfilled promise:
     Error: timeout of 200ms exceeded. Ensure the done() callback is being called in this test.
  

  455) 2.3.3: Otherwise, if `x` is an object or function, 2.3.3.3: If `then` is a function, call it with `x` as `this`, first argument `resolvePromise`, and second argument `rejectPromise` 2.3.3.3.1: If/when `resolvePromise` is called with value `y`, run `[[Resolve]](promise, y)` `y` is a thenable for a thenable `y` is an already-fulfilled promise for an asynchronously-fulfilled custom thenable `then` calls `resolvePromise` synchronously via return from a rejected promise:
     Error: timeout of 200ms exceeded. Ensure the done() callback is being called in this test.
  

  456) 2.3.3: Otherwise, if `x` is an object or function, 2.3.3.3: If `then` is a function, call it with `x` as `this`, first argument `resolvePromise`, and second argument `rejectPromise` 2.3.3.3.1: If/when `resolvePromise` is called with value `y`, run `[[Resolve]](promise, y)` `y` is a thenable for a thenable `y` is an already-fulfilled promise for an asynchronously-fulfilled custom thenable `then` calls `resolvePromise` asynchronously via return from a fulfilled promise:
     Error: timeout of 200ms exceeded. Ensure the done() callback is being called in this test.
  

  457) 2.3.3: Otherwise, if `x` is an object or function, 2.3.3.3: If `then` is a function, call it with `x` as `this`, first argument `resolvePromise`, and second argument `rejectPromise` 2.3.3.3.1: If/when `resolvePromise` is called with value `y`, run `[[Resolve]](promise, y)` `y` is a thenable for a thenable `y` is an already-fulfilled promise for an asynchronously-fulfilled custom thenable `then` calls `resolvePromise` asynchronously via return from a rejected promise:
     Error: timeout of 200ms exceeded. Ensure the done() callback is being called in this test.
  

  458) 2.3.3: Otherwise, if `x` is an object or function, 2.3.3.3: If `then` is a function, call it with `x` as `this`, first argument `resolvePromise`, and second argument `rejectPromise` 2.3.3.3.1: If/when `resolvePromise` is called with value `y`, run `[[Resolve]](promise, y)` `y` is a thenable for a thenable `y` is an already-fulfilled promise for a synchronously-fulfilled one-time thenable `then` calls `resolvePromise` synchronously via return from a fulfilled promise:
     Error: timeout of 200ms exceeded. Ensure the done() callback is being called in this test.
  

  459) 2.3.3: Otherwise, if `x` is an object or function, 2.3.3.3: If `then` is a function, call it with `x` as `this`, first argument `resolvePromise`, and second argument `rejectPromise` 2.3.3.3.1: If/when `resolvePromise` is called with value `y`, run `[[Resolve]](promise, y)` `y` is a thenable for a thenable `y` is an already-fulfilled promise for a synchronously-fulfilled one-time thenable `then` calls `resolvePromise` synchronously via return from a rejected promise:
     Error: timeout of 200ms exceeded. Ensure the done() callback is being called in this test.
  

  460) 2.3.3: Otherwise, if `x` is an object or function, 2.3.3.3: If `then` is a function, call it with `x` as `this`, first argument `resolvePromise`, and second argument `rejectPromise` 2.3.3.3.1: If/when `resolvePromise` is called with value `y`, run `[[Resolve]](promise, y)` `y` is a thenable for a thenable `y` is an already-fulfilled promise for a synchronously-fulfilled one-time thenable `then` calls `resolvePromise` asynchronously via return from a fulfilled promise:
     Error: timeout of 200ms exceeded. Ensure the done() callback is being called in this test.
  

  461) 2.3.3: Otherwise, if `x` is an object or function, 2.3.3.3: If `then` is a function, call it with `x` as `this`, first argument `resolvePromise`, and second argument `rejectPromise` 2.3.3.3.1: If/when `resolvePromise` is called with value `y`, run `[[Resolve]](promise, y)` `y` is a thenable for a thenable `y` is an already-fulfilled promise for a synchronously-fulfilled one-time thenable `then` calls `resolvePromise` asynchronously via return from a rejected promise:
     Error: timeout of 200ms exceeded. Ensure the done() callback is being called in this test.
  

  462) 2.3.3: Otherwise, if `x` is an object or function, 2.3.3.3: If `then` is a function, call it with `x` as `this`, first argument `resolvePromise`, and second argument `rejectPromise` 2.3.3.3.1: If/when `resolvePromise` is called with value `y`, run `[[Resolve]](promise, y)` `y` is a thenable for a thenable `y` is an already-fulfilled promise for a thenable that tries to fulfill twice `then` calls `resolvePromise` synchronously via return from a fulfilled promise:
     Error: timeout of 200ms exceeded. Ensure the done() callback is being called in this test.
  

  463) 2.3.3: Otherwise, if `x` is an object or function, 2.3.3.3: If `then` is a function, call it with `x` as `this`, first argument `resolvePromise`, and second argument `rejectPromise` 2.3.3.3.1: If/when `resolvePromise` is called with value `y`, run `[[Resolve]](promise, y)` `y` is a thenable for a thenable `y` is an already-fulfilled promise for a thenable that tries to fulfill twice `then` calls `resolvePromise` synchronously via return from a rejected promise:
     Error: timeout of 200ms exceeded. Ensure the done() callback is being called in this test.
  

  464) 2.3.3: Otherwise, if `x` is an object or function, 2.3.3.3: If `then` is a function, call it with `x` as `this`, first argument `resolvePromise`, and second argument `rejectPromise` 2.3.3.3.1: If/when `resolvePromise` is called with value `y`, run `[[Resolve]](promise, y)` `y` is a thenable for a thenable `y` is an already-fulfilled promise for a thenable that tries to fulfill twice `then` calls `resolvePromise` asynchronously via return from a fulfilled promise:
     Error: timeout of 200ms exceeded. Ensure the done() callback is being called in this test.
  

  465) 2.3.3: Otherwise, if `x` is an object or function, 2.3.3.3: If `then` is a function, call it with `x` as `this`, first argument `resolvePromise`, and second argument `rejectPromise` 2.3.3.3.1: If/when `resolvePromise` is called with value `y`, run `[[Resolve]](promise, y)` `y` is a thenable for a thenable `y` is an already-fulfilled promise for a thenable that tries to fulfill twice `then` calls `resolvePromise` asynchronously via return from a rejected promise:
     Error: timeout of 200ms exceeded. Ensure the done() callback is being called in this test.
  

  466) 2.3.3: Otherwise, if `x` is an object or function, 2.3.3.3: If `then` is a function, call it with `x` as `this`, first argument `resolvePromise`, and second argument `rejectPromise` 2.3.3.3.1: If/when `resolvePromise` is called with value `y`, run `[[Resolve]](promise, y)` `y` is a thenable for a thenable `y` is an already-fulfilled promise for a thenable that fulfills but then throws `then` calls `resolvePromise` synchronously via return from a fulfilled promise:
     Error: timeout of 200ms exceeded. Ensure the done() callback is being called in this test.
  

  467) 2.3.3: Otherwise, if `x` is an object or function, 2.3.3.3: If `then` is a function, call it with `x` as `this`, first argument `resolvePromise`, and second argument `rejectPromise` 2.3.3.3.1: If/when `resolvePromise` is called with value `y`, run `[[Resolve]](promise, y)` `y` is a thenable for a thenable `y` is an already-fulfilled promise for a thenable that fulfills but then throws `then` calls `resolvePromise` synchronously via return from a rejected promise:
     Error: timeout of 200ms exceeded. Ensure the done() callback is being called in this test.
  

  468) 2.3.3: Otherwise, if `x` is an object or function, 2.3.3.3: If `then` is a function, call it with `x` as `this`, first argument `resolvePromise`, and second argument `rejectPromise` 2.3.3.3.1: If/when `resolvePromise` is called with value `y`, run `[[Resolve]](promise, y)` `y` is a thenable for a thenable `y` is an already-fulfilled promise for a thenable that fulfills but then throws `then` calls `resolvePromise` asynchronously via return from a fulfilled promise:
     Error: timeout of 200ms exceeded. Ensure the done() callback is being called in this test.
  

  469) 2.3.3: Otherwise, if `x` is an object or function, 2.3.3.3: If `then` is a function, call it with `x` as `this`, first argument `resolvePromise`, and second argument `rejectPromise` 2.3.3.3.1: If/when `resolvePromise` is called with value `y`, run `[[Resolve]](promise, y)` `y` is a thenable for a thenable `y` is an already-fulfilled promise for a thenable that fulfills but then throws `then` calls `resolvePromise` asynchronously via return from a rejected promise:
     Error: timeout of 200ms exceeded. Ensure the done() callback is being called in this test.
  

  470) 2.3.3: Otherwise, if `x` is an object or function, 2.3.3.3: If `then` is a function, call it with `x` as `this`, first argument `resolvePromise`, and second argument `rejectPromise` 2.3.3.3.1: If/when `resolvePromise` is called with value `y`, run `[[Resolve]](promise, y)` `y` is a thenable for a thenable `y` is an already-fulfilled promise for an already-fulfilled promise `then` calls `resolvePromise` synchronously via return from a fulfilled promise:
     Error: timeout of 200ms exceeded. Ensure the done() callback is being called in this test.
  

  471) 2.3.3: Otherwise, if `x` is an object or function, 2.3.3.3: If `then` is a function, call it with `x` as `this`, first argument `resolvePromise`, and second argument `rejectPromise` 2.3.3.3.1: If/when `resolvePromise` is called with value `y`, run `[[Resolve]](promise, y)` `y` is a thenable for a thenable `y` is an already-fulfilled promise for an already-fulfilled promise `then` calls `resolvePromise` synchronously via return from a rejected promise:
     Error: timeout of 200ms exceeded. Ensure the done() callback is being called in this test.
  

  472) 2.3.3: Otherwise, if `x` is an object or function, 2.3.3.3: If `then` is a function, call it with `x` as `this`, first argument `resolvePromise`, and second argument `rejectPromise` 2.3.3.3.1: If/when `resolvePromise` is called with value `y`, run `[[Resolve]](promise, y)` `y` is a thenable for a thenable `y` is an already-fulfilled promise for an already-fulfilled promise `then` calls `resolvePromise` asynchronously via return from a fulfilled promise:
     Error: timeout of 200ms exceeded. Ensure the done() callback is being called in this test.
  

  473) 2.3.3: Otherwise, if `x` is an object or function, 2.3.3.3: If `then` is a function, call it with `x` as `this`, first argument `resolvePromise`, and second argument `rejectPromise` 2.3.3.3.1: If/when `resolvePromise` is called with value `y`, run `[[Resolve]](promise, y)` `y` is a thenable for a thenable `y` is an already-fulfilled promise for an already-fulfilled promise `then` calls `resolvePromise` asynchronously via return from a rejected promise:
     Error: timeout of 200ms exceeded. Ensure the done() callback is being called in this test.
  

  474) 2.3.3: Otherwise, if `x` is an object or function, 2.3.3.3: If `then` is a function, call it with `x` as `this`, first argument `resolvePromise`, and second argument `rejectPromise` 2.3.3.3.1: If/when `resolvePromise` is called with value `y`, run `[[Resolve]](promise, y)` `y` is a thenable for a thenable `y` is an already-fulfilled promise for an eventually-fulfilled promise `then` calls `resolvePromise` synchronously via return from a fulfilled promise:
     Error: timeout of 200ms exceeded. Ensure the done() callback is being called in this test.
  

  475) 2.3.3: Otherwise, if `x` is an object or function, 2.3.3.3: If `then` is a function, call it with `x` as `this`, first argument `resolvePromise`, and second argument `rejectPromise` 2.3.3.3.1: If/when `resolvePromise` is called with value `y`, run `[[Resolve]](promise, y)` `y` is a thenable for a thenable `y` is an already-fulfilled promise for an eventually-fulfilled promise `then` calls `resolvePromise` synchronously via return from a rejected promise:
     Error: timeout of 200ms exceeded. Ensure the done() callback is being called in this test.
  

  476) 2.3.3: Otherwise, if `x` is an object or function, 2.3.3.3: If `then` is a function, call it with `x` as `this`, first argument `resolvePromise`, and second argument `rejectPromise` 2.3.3.3.1: If/when `resolvePromise` is called with value `y`, run `[[Resolve]](promise, y)` `y` is a thenable for a thenable `y` is an already-fulfilled promise for an eventually-fulfilled promise `then` calls `resolvePromise` asynchronously via return from a fulfilled promise:
     Error: timeout of 200ms exceeded. Ensure the done() callback is being called in this test.
  

  477) 2.3.3: Otherwise, if `x` is an object or function, 2.3.3.3: If `then` is a function, call it with `x` as `this`, first argument `resolvePromise`, and second argument `rejectPromise` 2.3.3.3.1: If/when `resolvePromise` is called with value `y`, run `[[Resolve]](promise, y)` `y` is a thenable for a thenable `y` is an already-fulfilled promise for an eventually-fulfilled promise `then` calls `resolvePromise` asynchronously via return from a rejected promise:
     Error: timeout of 200ms exceeded. Ensure the done() callback is being called in this test.
  

  478) 2.3.3: Otherwise, if `x` is an object or function, 2.3.3.3: If `then` is a function, call it with `x` as `this`, first argument `resolvePromise`, and second argument `rejectPromise` 2.3.3.3.1: If/when `resolvePromise` is called with value `y`, run `[[Resolve]](promise, y)` `y` is a thenable for a thenable `y` is an already-fulfilled promise for a synchronously-rejected custom thenable `then` calls `resolvePromise` synchronously via return from a fulfilled promise:
     Error: timeout of 200ms exceeded. Ensure the done() callback is being called in this test.
  

  479) 2.3.3: Otherwise, if `x` is an object or function, 2.3.3.3: If `then` is a function, call it with `x` as `this`, first argument `resolvePromise`, and second argument `rejectPromise` 2.3.3.3.1: If/when `resolvePromise` is called with value `y`, run `[[Resolve]](promise, y)` `y` is a thenable for a thenable `y` is an already-fulfilled promise for a synchronously-rejected custom thenable `then` calls `resolvePromise` synchronously via return from a rejected promise:
     Error: timeout of 200ms exceeded. Ensure the done() callback is being called in this test.
  

  480) 2.3.3: Otherwise, if `x` is an object or function, 2.3.3.3: If `then` is a function, call it with `x` as `this`, first argument `resolvePromise`, and second argument `rejectPromise` 2.3.3.3.1: If/when `resolvePromise` is called with value `y`, run `[[Resolve]](promise, y)` `y` is a thenable for a thenable `y` is an already-fulfilled promise for a synchronously-rejected custom thenable `then` calls `resolvePromise` asynchronously via return from a fulfilled promise:
     Error: timeout of 200ms exceeded. Ensure the done() callback is being called in this test.
  

  481) 2.3.3: Otherwise, if `x` is an object or function, 2.3.3.3: If `then` is a function, call it with `x` as `this`, first argument `resolvePromise`, and second argument `rejectPromise` 2.3.3.3.1: If/when `resolvePromise` is called with value `y`, run `[[Resolve]](promise, y)` `y` is a thenable for a thenable `y` is an already-fulfilled promise for a synchronously-rejected custom thenable `then` calls `resolvePromise` asynchronously via return from a rejected promise:
     Error: timeout of 200ms exceeded. Ensure the done() callback is being called in this test.
  

  482) 2.3.3: Otherwise, if `x` is an object or function, 2.3.3.3: If `then` is a function, call it with `x` as `this`, first argument `resolvePromise`, and second argument `rejectPromise` 2.3.3.3.1: If/when `resolvePromise` is called with value `y`, run `[[Resolve]](promise, y)` `y` is a thenable for a thenable `y` is an already-fulfilled promise for an asynchronously-rejected custom thenable `then` calls `resolvePromise` synchronously via return from a fulfilled promise:
     Error: timeout of 200ms exceeded. Ensure the done() callback is being called in this test.
  

  483) 2.3.3: Otherwise, if `x` is an object or function, 2.3.3.3: If `then` is a function, call it with `x` as `this`, first argument `resolvePromise`, and second argument `rejectPromise` 2.3.3.3.1: If/when `resolvePromise` is called with value `y`, run `[[Resolve]](promise, y)` `y` is a thenable for a thenable `y` is an already-fulfilled promise for an asynchronously-rejected custom thenable `then` calls `resolvePromise` synchronously via return from a rejected promise:
     Error: timeout of 200ms exceeded. Ensure the done() callback is being called in this test.
  

  484) 2.3.3: Otherwise, if `x` is an object or function, 2.3.3.3: If `then` is a function, call it with `x` as `this`, first argument `resolvePromise`, and second argument `rejectPromise` 2.3.3.3.1: If/when `resolvePromise` is called with value `y`, run `[[Resolve]](promise, y)` `y` is a thenable for a thenable `y` is an already-fulfilled promise for an asynchronously-rejected custom thenable `then` calls `resolvePromise` asynchronously via return from a fulfilled promise:
     Error: timeout of 200ms exceeded. Ensure the done() callback is being called in this test.
  

  485) 2.3.3: Otherwise, if `x` is an object or function, 2.3.3.3: If `then` is a function, call it with `x` as `this`, first argument `resolvePromise`, and second argument `rejectPromise` 2.3.3.3.1: If/when `resolvePromise` is called with value `y`, run `[[Resolve]](promise, y)` `y` is a thenable for a thenable `y` is an already-fulfilled promise for an asynchronously-rejected custom thenable `then` calls `resolvePromise` asynchronously via return from a rejected promise:
     Error: timeout of 200ms exceeded. Ensure the done() callback is being called in this test.
  

  486) 2.3.3: Otherwise, if `x` is an object or function, 2.3.3.3: If `then` is a function, call it with `x` as `this`, first argument `resolvePromise`, and second argument `rejectPromise` 2.3.3.3.1: If/when `resolvePromise` is called with value `y`, run `[[Resolve]](promise, y)` `y` is a thenable for a thenable `y` is an already-fulfilled promise for a synchronously-rejected one-time thenable `then` calls `resolvePromise` synchronously via return from a fulfilled promise:
     Error: timeout of 200ms exceeded. Ensure the done() callback is being called in this test.
  

  487) 2.3.3: Otherwise, if `x` is an object or function, 2.3.3.3: If `then` is a function, call it with `x` as `this`, first argument `resolvePromise`, and second argument `rejectPromise` 2.3.3.3.1: If/when `resolvePromise` is called with value `y`, run `[[Resolve]](promise, y)` `y` is a thenable for a thenable `y` is an already-fulfilled promise for a synchronously-rejected one-time thenable `then` calls `resolvePromise` synchronously via return from a rejected promise:
     Error: timeout of 200ms exceeded. Ensure the done() callback is being called in this test.
  

  488) 2.3.3: Otherwise, if `x` is an object or function, 2.3.3.3: If `then` is a function, call it with `x` as `this`, first argument `resolvePromise`, and second argument `rejectPromise` 2.3.3.3.1: If/when `resolvePromise` is called with value `y`, run `[[Resolve]](promise, y)` `y` is a thenable for a thenable `y` is an already-fulfilled promise for a synchronously-rejected one-time thenable `then` calls `resolvePromise` asynchronously via return from a fulfilled promise:
     Error: timeout of 200ms exceeded. Ensure the done() callback is being called in this test.
  

  489) 2.3.3: Otherwise, if `x` is an object or function, 2.3.3.3: If `then` is a function, call it with `x` as `this`, first argument `resolvePromise`, and second argument `rejectPromise` 2.3.3.3.1: If/when `resolvePromise` is called with value `y`, run `[[Resolve]](promise, y)` `y` is a thenable for a thenable `y` is an already-fulfilled promise for a synchronously-rejected one-time thenable `then` calls `resolvePromise` asynchronously via return from a rejected promise:
     Error: timeout of 200ms exceeded. Ensure the done() callback is being called in this test.
  

  490) 2.3.3: Otherwise, if `x` is an object or function, 2.3.3.3: If `then` is a function, call it with `x` as `this`, first argument `resolvePromise`, and second argument `rejectPromise` 2.3.3.3.1: If/when `resolvePromise` is called with value `y`, run `[[Resolve]](promise, y)` `y` is a thenable for a thenable `y` is an already-fulfilled promise for a thenable that immediately throws in `then` `then` calls `resolvePromise` synchronously via return from a fulfilled promise:
     Error: timeout of 200ms exceeded. Ensure the done() callback is being called in this test.
  

  491) 2.3.3: Otherwise, if `x` is an object or function, 2.3.3.3: If `then` is a function, call it with `x` as `this`, first argument `resolvePromise`, and second argument `rejectPromise` 2.3.3.3.1: If/when `resolvePromise` is called with value `y`, run `[[Resolve]](promise, y)` `y` is a thenable for a thenable `y` is an already-fulfilled promise for a thenable that immediately throws in `then` `then` calls `resolvePromise` synchronously via return from a rejected promise:
     Error: timeout of 200ms exceeded. Ensure the done() callback is being called in this test.
  

  492) 2.3.3: Otherwise, if `x` is an object or function, 2.3.3.3: If `then` is a function, call it with `x` as `this`, first argument `resolvePromise`, and second argument `rejectPromise` 2.3.3.3.1: If/when `resolvePromise` is called with value `y`, run `[[Resolve]](promise, y)` `y` is a thenable for a thenable `y` is an already-fulfilled promise for a thenable that immediately throws in `then` `then` calls `resolvePromise` asynchronously via return from a fulfilled promise:
     Error: timeout of 200ms exceeded. Ensure the done() callback is being called in this test.
  

  493) 2.3.3: Otherwise, if `x` is an object or function, 2.3.3.3: If `then` is a function, call it with `x` as `this`, first argument `resolvePromise`, and second argument `rejectPromise` 2.3.3.3.1: If/when `resolvePromise` is called with value `y`, run `[[Resolve]](promise, y)` `y` is a thenable for a thenable `y` is an already-fulfilled promise for a thenable that immediately throws in `then` `then` calls `resolvePromise` asynchronously via return from a rejected promise:
     Error: timeout of 200ms exceeded. Ensure the done() callback is being called in this test.
  

  494) 2.3.3: Otherwise, if `x` is an object or function, 2.3.3.3: If `then` is a function, call it with `x` as `this`, first argument `resolvePromise`, and second argument `rejectPromise` 2.3.3.3.1: If/when `resolvePromise` is called with value `y`, run `[[Resolve]](promise, y)` `y` is a thenable for a thenable `y` is an already-fulfilled promise for an object with a throwing `then` accessor `then` calls `resolvePromise` synchronously via return from a fulfilled promise:
     Error: timeout of 200ms exceeded. Ensure the done() callback is being called in this test.
  

  495) 2.3.3: Otherwise, if `x` is an object or function, 2.3.3.3: If `then` is a function, call it with `x` as `this`, first argument `resolvePromise`, and second argument `rejectPromise` 2.3.3.3.1: If/when `resolvePromise` is called with value `y`, run `[[Resolve]](promise, y)` `y` is a thenable for a thenable `y` is an already-fulfilled promise for an object with a throwing `then` accessor `then` calls `resolvePromise` synchronously via return from a rejected promise:
     Error: timeout of 200ms exceeded. Ensure the done() callback is being called in this test.
  

  496) 2.3.3: Otherwise, if `x` is an object or function, 2.3.3.3: If `then` is a function, call it with `x` as `this`, first argument `resolvePromise`, and second argument `rejectPromise` 2.3.3.3.1: If/when `resolvePromise` is called with value `y`, run `[[Resolve]](promise, y)` `y` is a thenable for a thenable `y` is an already-fulfilled promise for an object with a throwing `then` accessor `then` calls `resolvePromise` asynchronously via return from a fulfilled promise:
     Error: timeout of 200ms exceeded. Ensure the done() callback is being called in this test.
  

  497) 2.3.3: Otherwise, if `x` is an object or function, 2.3.3.3: If `then` is a function, call it with `x` as `this`, first argument `resolvePromise`, and second argument `rejectPromise` 2.3.3.3.1: If/when `resolvePromise` is called with value `y`, run `[[Resolve]](promise, y)` `y` is a thenable for a thenable `y` is an already-fulfilled promise for an object with a throwing `then` accessor `then` calls `resolvePromise` asynchronously via return from a rejected promise:
     Error: timeout of 200ms exceeded. Ensure the done() callback is being called in this test.
  

  498) 2.3.3: Otherwise, if `x` is an object or function, 2.3.3.3: If `then` is a function, call it with `x` as `this`, first argument `resolvePromise`, and second argument `rejectPromise` 2.3.3.3.1: If/when `resolvePromise` is called with value `y`, run `[[Resolve]](promise, y)` `y` is a thenable for a thenable `y` is an already-fulfilled promise for an already-rejected promise `then` calls `resolvePromise` synchronously via return from a fulfilled promise:
     Error: timeout of 200ms exceeded. Ensure the done() callback is being called in this test.
  

  499) 2.3.3: Otherwise, if `x` is an object or function, 2.3.3.3: If `then` is a function, call it with `x` as `this`, first argument `resolvePromise`, and second argument `rejectPromise` 2.3.3.3.1: If/when `resolvePromise` is called with value `y`, run `[[Resolve]](promise, y)` `y` is a thenable for a thenable `y` is an already-fulfilled promise for an already-rejected promise `then` calls `resolvePromise` synchronously via return from a rejected promise:
     Error: timeout of 200ms exceeded. Ensure the done() callback is being called in this test.
  

  500) 2.3.3: Otherwise, if `x` is an object or function, 2.3.3.3: If `then` is a function, call it with `x` as `this`, first argument `resolvePromise`, and second argument `rejectPromise` 2.3.3.3.1: If/when `resolvePromise` is called with value `y`, run `[[Resolve]](promise, y)` `y` is a thenable for a thenable `y` is an already-fulfilled promise for an already-rejected promise `then` calls `resolvePromise` asynchronously via return from a fulfilled promise:
     Error: timeout of 200ms exceeded. Ensure the done() callback is being called in this test.
  

  501) 2.3.3: Otherwise, if `x` is an object or function, 2.3.3.3: If `then` is a function, call it with `x` as `this`, first argument `resolvePromise`, and second argument `rejectPromise` 2.3.3.3.1: If/when `resolvePromise` is called with value `y`, run `[[Resolve]](promise, y)` `y` is a thenable for a thenable `y` is an already-fulfilled promise for an already-rejected promise `then` calls `resolvePromise` asynchronously via return from a rejected promise:
     Error: timeout of 200ms exceeded. Ensure the done() callback is being called in this test.
  

  502) 2.3.3: Otherwise, if `x` is an object or function, 2.3.3.3: If `then` is a function, call it with `x` as `this`, first argument `resolvePromise`, and second argument `rejectPromise` 2.3.3.3.1: If/when `resolvePromise` is called with value `y`, run `[[Resolve]](promise, y)` `y` is a thenable for a thenable `y` is an already-fulfilled promise for an eventually-rejected promise `then` calls `resolvePromise` synchronously via return from a fulfilled promise:
     Error: timeout of 200ms exceeded. Ensure the done() callback is being called in this test.
  

  503) 2.3.3: Otherwise, if `x` is an object or function, 2.3.3.3: If `then` is a function, call it with `x` as `this`, first argument `resolvePromise`, and second argument `rejectPromise` 2.3.3.3.1: If/when `resolvePromise` is called with value `y`, run `[[Resolve]](promise, y)` `y` is a thenable for a thenable `y` is an already-fulfilled promise for an eventually-rejected promise `then` calls `resolvePromise` synchronously via return from a rejected promise:
     Error: timeout of 200ms exceeded. Ensure the done() callback is being called in this test.
  

  504) 2.3.3: Otherwise, if `x` is an object or function, 2.3.3.3: If `then` is a function, call it with `x` as `this`, first argument `resolvePromise`, and second argument `rejectPromise` 2.3.3.3.1: If/when `resolvePromise` is called with value `y`, run `[[Resolve]](promise, y)` `y` is a thenable for a thenable `y` is an already-fulfilled promise for an eventually-rejected promise `then` calls `resolvePromise` asynchronously via return from a fulfilled promise:
     Error: timeout of 200ms exceeded. Ensure the done() callback is being called in this test.
  

  505) 2.3.3: Otherwise, if `x` is an object or function, 2.3.3.3: If `then` is a function, call it with `x` as `this`, first argument `resolvePromise`, and second argument `rejectPromise` 2.3.3.3.1: If/when `resolvePromise` is called with value `y`, run `[[Resolve]](promise, y)` `y` is a thenable for a thenable `y` is an already-fulfilled promise for an eventually-rejected promise `then` calls `resolvePromise` asynchronously via return from a rejected promise:
     Error: timeout of 200ms exceeded. Ensure the done() callback is being called in this test.
  

  506) 2.3.3: Otherwise, if `x` is an object or function, 2.3.3.3: If `then` is a function, call it with `x` as `this`, first argument `resolvePromise`, and second argument `rejectPromise` 2.3.3.3.1: If/when `resolvePromise` is called with value `y`, run `[[Resolve]](promise, y)` `y` is a thenable for a thenable `y` is an eventually-fulfilled promise for a synchronously-fulfilled custom thenable `then` calls `resolvePromise` synchronously via return from a fulfilled promise:
     Error: timeout of 200ms exceeded. Ensure the done() callback is being called in this test.
  

  507) 2.3.3: Otherwise, if `x` is an object or function, 2.3.3.3: If `then` is a function, call it with `x` as `this`, first argument `resolvePromise`, and second argument `rejectPromise` 2.3.3.3.1: If/when `resolvePromise` is called with value `y`, run `[[Resolve]](promise, y)` `y` is a thenable for a thenable `y` is an eventually-fulfilled promise for a synchronously-fulfilled custom thenable `then` calls `resolvePromise` synchronously via return from a rejected promise:
     Error: timeout of 200ms exceeded. Ensure the done() callback is being called in this test.
  

  508) 2.3.3: Otherwise, if `x` is an object or function, 2.3.3.3: If `then` is a function, call it with `x` as `this`, first argument `resolvePromise`, and second argument `rejectPromise` 2.3.3.3.1: If/when `resolvePromise` is called with value `y`, run `[[Resolve]](promise, y)` `y` is a thenable for a thenable `y` is an eventually-fulfilled promise for a synchronously-fulfilled custom thenable `then` calls `resolvePromise` asynchronously via return from a fulfilled promise:
     Error: timeout of 200ms exceeded. Ensure the done() callback is being called in this test.
  

  509) 2.3.3: Otherwise, if `x` is an object or function, 2.3.3.3: If `then` is a function, call it with `x` as `this`, first argument `resolvePromise`, and second argument `rejectPromise` 2.3.3.3.1: If/when `resolvePromise` is called with value `y`, run `[[Resolve]](promise, y)` `y` is a thenable for a thenable `y` is an eventually-fulfilled promise for a synchronously-fulfilled custom thenable `then` calls `resolvePromise` asynchronously via return from a rejected promise:
     Error: timeout of 200ms exceeded. Ensure the done() callback is being called in this test.
  

  510) 2.3.3: Otherwise, if `x` is an object or function, 2.3.3.3: If `then` is a function, call it with `x` as `this`, first argument `resolvePromise`, and second argument `rejectPromise` 2.3.3.3.1: If/when `resolvePromise` is called with value `y`, run `[[Resolve]](promise, y)` `y` is a thenable for a thenable `y` is an eventually-fulfilled promise for an asynchronously-fulfilled custom thenable `then` calls `resolvePromise` synchronously via return from a fulfilled promise:
     Error: timeout of 200ms exceeded. Ensure the done() callback is being called in this test.
  

  511) 2.3.3: Otherwise, if `x` is an object or function, 2.3.3.3: If `then` is a function, call it with `x` as `this`, first argument `resolvePromise`, and second argument `rejectPromise` 2.3.3.3.1: If/when `resolvePromise` is called with value `y`, run `[[Resolve]](promise, y)` `y` is a thenable for a thenable `y` is an eventually-fulfilled promise for an asynchronously-fulfilled custom thenable `then` calls `resolvePromise` synchronously via return from a rejected promise:
     Error: timeout of 200ms exceeded. Ensure the done() callback is being called in this test.
  

  512) 2.3.3: Otherwise, if `x` is an object or function, 2.3.3.3: If `then` is a function, call it with `x` as `this`, first argument `resolvePromise`, and second argument `rejectPromise` 2.3.3.3.1: If/when `resolvePromise` is called with value `y`, run `[[Resolve]](promise, y)` `y` is a thenable for a thenable `y` is an eventually-fulfilled promise for an asynchronously-fulfilled custom thenable `then` calls `resolvePromise` asynchronously via return from a fulfilled promise:
     Error: timeout of 200ms exceeded. Ensure the done() callback is being called in this test.
  

  513) 2.3.3: Otherwise, if `x` is an object or function, 2.3.3.3: If `then` is a function, call it with `x` as `this`, first argument `resolvePromise`, and second argument `rejectPromise` 2.3.3.3.1: If/when `resolvePromise` is called with value `y`, run `[[Resolve]](promise, y)` `y` is a thenable for a thenable `y` is an eventually-fulfilled promise for an asynchronously-fulfilled custom thenable `then` calls `resolvePromise` asynchronously via return from a rejected promise:
     Error: timeout of 200ms exceeded. Ensure the done() callback is being called in this test.
  

  514) 2.3.3: Otherwise, if `x` is an object or function, 2.3.3.3: If `then` is a function, call it with `x` as `this`, first argument `resolvePromise`, and second argument `rejectPromise` 2.3.3.3.1: If/when `resolvePromise` is called with value `y`, run `[[Resolve]](promise, y)` `y` is a thenable for a thenable `y` is an eventually-fulfilled promise for a synchronously-fulfilled one-time thenable `then` calls `resolvePromise` synchronously via return from a fulfilled promise:
     Error: timeout of 200ms exceeded. Ensure the done() callback is being called in this test.
  

  515) 2.3.3: Otherwise, if `x` is an object or function, 2.3.3.3: If `then` is a function, call it with `x` as `this`, first argument `resolvePromise`, and second argument `rejectPromise` 2.3.3.3.1: If/when `resolvePromise` is called with value `y`, run `[[Resolve]](promise, y)` `y` is a thenable for a thenable `y` is an eventually-fulfilled promise for a synchronously-fulfilled one-time thenable `then` calls `resolvePromise` synchronously via return from a rejected promise:
     Error: timeout of 200ms exceeded. Ensure the done() callback is being called in this test.
  

  516) 2.3.3: Otherwise, if `x` is an object or function, 2.3.3.3: If `then` is a function, call it with `x` as `this`, first argument `resolvePromise`, and second argument `rejectPromise` 2.3.3.3.1: If/when `resolvePromise` is called with value `y`, run `[[Resolve]](promise, y)` `y` is a thenable for a thenable `y` is an eventually-fulfilled promise for a synchronously-fulfilled one-time thenable `then` calls `resolvePromise` asynchronously via return from a fulfilled promise:
     Error: timeout of 200ms exceeded. Ensure the done() callback is being called in this test.
  

  517) 2.3.3: Otherwise, if `x` is an object or function, 2.3.3.3: If `then` is a function, call it with `x` as `this`, first argument `resolvePromise`, and second argument `rejectPromise` 2.3.3.3.1: If/when `resolvePromise` is called with value `y`, run `[[Resolve]](promise, y)` `y` is a thenable for a thenable `y` is an eventually-fulfilled promise for a synchronously-fulfilled one-time thenable `then` calls `resolvePromise` asynchronously via return from a rejected promise:
     Error: timeout of 200ms exceeded. Ensure the done() callback is being called in this test.
  

  518) 2.3.3: Otherwise, if `x` is an object or function, 2.3.3.3: If `then` is a function, call it with `x` as `this`, first argument `resolvePromise`, and second argument `rejectPromise` 2.3.3.3.1: If/when `resolvePromise` is called with value `y`, run `[[Resolve]](promise, y)` `y` is a thenable for a thenable `y` is an eventually-fulfilled promise for a thenable that tries to fulfill twice `then` calls `resolvePromise` synchronously via return from a fulfilled promise:
     Error: timeout of 200ms exceeded. Ensure the done() callback is being called in this test.
  

  519) 2.3.3: Otherwise, if `x` is an object or function, 2.3.3.3: If `then` is a function, call it with `x` as `this`, first argument `resolvePromise`, and second argument `rejectPromise` 2.3.3.3.1: If/when `resolvePromise` is called with value `y`, run `[[Resolve]](promise, y)` `y` is a thenable for a thenable `y` is an eventually-fulfilled promise for a thenable that tries to fulfill twice `then` calls `resolvePromise` synchronously via return from a rejected promise:
     Error: timeout of 200ms exceeded. Ensure the done() callback is being called in this test.
  

  520) 2.3.3: Otherwise, if `x` is an object or function, 2.3.3.3: If `then` is a function, call it with `x` as `this`, first argument `resolvePromise`, and second argument `rejectPromise` 2.3.3.3.1: If/when `resolvePromise` is called with value `y`, run `[[Resolve]](promise, y)` `y` is a thenable for a thenable `y` is an eventually-fulfilled promise for a thenable that tries to fulfill twice `then` calls `resolvePromise` asynchronously via return from a fulfilled promise:
     Error: timeout of 200ms exceeded. Ensure the done() callback is being called in this test.
  

  521) 2.3.3: Otherwise, if `x` is an object or function, 2.3.3.3: If `then` is a function, call it with `x` as `this`, first argument `resolvePromise`, and second argument `rejectPromise` 2.3.3.3.1: If/when `resolvePromise` is called with value `y`, run `[[Resolve]](promise, y)` `y` is a thenable for a thenable `y` is an eventually-fulfilled promise for a thenable that tries to fulfill twice `then` calls `resolvePromise` asynchronously via return from a rejected promise:
     Error: timeout of 200ms exceeded. Ensure the done() callback is being called in this test.
  

  522) 2.3.3: Otherwise, if `x` is an object or function, 2.3.3.3: If `then` is a function, call it with `x` as `this`, first argument `resolvePromise`, and second argument `rejectPromise` 2.3.3.3.1: If/when `resolvePromise` is called with value `y`, run `[[Resolve]](promise, y)` `y` is a thenable for a thenable `y` is an eventually-fulfilled promise for a thenable that fulfills but then throws `then` calls `resolvePromise` synchronously via return from a fulfilled promise:
     Error: timeout of 200ms exceeded. Ensure the done() callback is being called in this test.
  

  523) 2.3.3: Otherwise, if `x` is an object or function, 2.3.3.3: If `then` is a function, call it with `x` as `this`, first argument `resolvePromise`, and second argument `rejectPromise` 2.3.3.3.1: If/when `resolvePromise` is called with value `y`, run `[[Resolve]](promise, y)` `y` is a thenable for a thenable `y` is an eventually-fulfilled promise for a thenable that fulfills but then throws `then` calls `resolvePromise` synchronously via return from a rejected promise:
     Error: timeout of 200ms exceeded. Ensure the done() callback is being called in this test.
  

  524) 2.3.3: Otherwise, if `x` is an object or function, 2.3.3.3: If `then` is a function, call it with `x` as `this`, first argument `resolvePromise`, and second argument `rejectPromise` 2.3.3.3.1: If/when `resolvePromise` is called with value `y`, run `[[Resolve]](promise, y)` `y` is a thenable for a thenable `y` is an eventually-fulfilled promise for a thenable that fulfills but then throws `then` calls `resolvePromise` asynchronously via return from a fulfilled promise:
     Error: timeout of 200ms exceeded. Ensure the done() callback is being called in this test.
  

  525) 2.3.3: Otherwise, if `x` is an object or function, 2.3.3.3: If `then` is a function, call it with `x` as `this`, first argument `resolvePromise`, and second argument `rejectPromise` 2.3.3.3.1: If/when `resolvePromise` is called with value `y`, run `[[Resolve]](promise, y)` `y` is a thenable for a thenable `y` is an eventually-fulfilled promise for a thenable that fulfills but then throws `then` calls `resolvePromise` asynchronously via return from a rejected promise:
     Error: timeout of 200ms exceeded. Ensure the done() callback is being called in this test.
  

  526) 2.3.3: Otherwise, if `x` is an object or function, 2.3.3.3: If `then` is a function, call it with `x` as `this`, first argument `resolvePromise`, and second argument `rejectPromise` 2.3.3.3.1: If/when `resolvePromise` is called with value `y`, run `[[Resolve]](promise, y)` `y` is a thenable for a thenable `y` is an eventually-fulfilled promise for an already-fulfilled promise `then` calls `resolvePromise` synchronously via return from a fulfilled promise:
     Error: timeout of 200ms exceeded. Ensure the done() callback is being called in this test.
  

  527) 2.3.3: Otherwise, if `x` is an object or function, 2.3.3.3: If `then` is a function, call it with `x` as `this`, first argument `resolvePromise`, and second argument `rejectPromise` 2.3.3.3.1: If/when `resolvePromise` is called with value `y`, run `[[Resolve]](promise, y)` `y` is a thenable for a thenable `y` is an eventually-fulfilled promise for an already-fulfilled promise `then` calls `resolvePromise` synchronously via return from a rejected promise:
     Error: timeout of 200ms exceeded. Ensure the done() callback is being called in this test.
  

  528) 2.3.3: Otherwise, if `x` is an object or function, 2.3.3.3: If `then` is a function, call it with `x` as `this`, first argument `resolvePromise`, and second argument `rejectPromise` 2.3.3.3.1: If/when `resolvePromise` is called with value `y`, run `[[Resolve]](promise, y)` `y` is a thenable for a thenable `y` is an eventually-fulfilled promise for an already-fulfilled promise `then` calls `resolvePromise` asynchronously via return from a fulfilled promise:
     Error: timeout of 200ms exceeded. Ensure the done() callback is being called in this test.
  

  529) 2.3.3: Otherwise, if `x` is an object or function, 2.3.3.3: If `then` is a function, call it with `x` as `this`, first argument `resolvePromise`, and second argument `rejectPromise` 2.3.3.3.1: If/when `resolvePromise` is called with value `y`, run `[[Resolve]](promise, y)` `y` is a thenable for a thenable `y` is an eventually-fulfilled promise for an already-fulfilled promise `then` calls `resolvePromise` asynchronously via return from a rejected promise:
     Error: timeout of 200ms exceeded. Ensure the done() callback is being called in this test.
  

  530) 2.3.3: Otherwise, if `x` is an object or function, 2.3.3.3: If `then` is a function, call it with `x` as `this`, first argument `resolvePromise`, and second argument `rejectPromise` 2.3.3.3.1: If/when `resolvePromise` is called with value `y`, run `[[Resolve]](promise, y)` `y` is a thenable for a thenable `y` is an eventually-fulfilled promise for an eventually-fulfilled promise `then` calls `resolvePromise` synchronously via return from a fulfilled promise:
     Error: timeout of 200ms exceeded. Ensure the done() callback is being called in this test.
  

  531) 2.3.3: Otherwise, if `x` is an object or function, 2.3.3.3: If `then` is a function, call it with `x` as `this`, first argument `resolvePromise`, and second argument `rejectPromise` 2.3.3.3.1: If/when `resolvePromise` is called with value `y`, run `[[Resolve]](promise, y)` `y` is a thenable for a thenable `y` is an eventually-fulfilled promise for an eventually-fulfilled promise `then` calls `resolvePromise` synchronously via return from a rejected promise:
     Error: timeout of 200ms exceeded. Ensure the done() callback is being called in this test.
  

  532) 2.3.3: Otherwise, if `x` is an object or function, 2.3.3.3: If `then` is a function, call it with `x` as `this`, first argument `resolvePromise`, and second argument `rejectPromise` 2.3.3.3.1: If/when `resolvePromise` is called with value `y`, run `[[Resolve]](promise, y)` `y` is a thenable for a thenable `y` is an eventually-fulfilled promise for an eventually-fulfilled promise `then` calls `resolvePromise` asynchronously via return from a fulfilled promise:
     Error: timeout of 200ms exceeded. Ensure the done() callback is being called in this test.
  

  533) 2.3.3: Otherwise, if `x` is an object or function, 2.3.3.3: If `then` is a function, call it with `x` as `this`, first argument `resolvePromise`, and second argument `rejectPromise` 2.3.3.3.1: If/when `resolvePromise` is called with value `y`, run `[[Resolve]](promise, y)` `y` is a thenable for a thenable `y` is an eventually-fulfilled promise for an eventually-fulfilled promise `then` calls `resolvePromise` asynchronously via return from a rejected promise:
     Error: timeout of 200ms exceeded. Ensure the done() callback is being called in this test.
  

  534) 2.3.3: Otherwise, if `x` is an object or function, 2.3.3.3: If `then` is a function, call it with `x` as `this`, first argument `resolvePromise`, and second argument `rejectPromise` 2.3.3.3.1: If/when `resolvePromise` is called with value `y`, run `[[Resolve]](promise, y)` `y` is a thenable for a thenable `y` is an eventually-fulfilled promise for a synchronously-rejected custom thenable `then` calls `resolvePromise` synchronously via return from a fulfilled promise:
     Error: timeout of 200ms exceeded. Ensure the done() callback is being called in this test.
  

  535) 2.3.3: Otherwise, if `x` is an object or function, 2.3.3.3: If `then` is a function, call it with `x` as `this`, first argument `resolvePromise`, and second argument `rejectPromise` 2.3.3.3.1: If/when `resolvePromise` is called with value `y`, run `[[Resolve]](promise, y)` `y` is a thenable for a thenable `y` is an eventually-fulfilled promise for a synchronously-rejected custom thenable `then` calls `resolvePromise` synchronously via return from a rejected promise:
     Error: timeout of 200ms exceeded. Ensure the done() callback is being called in this test.
  

  536) 2.3.3: Otherwise, if `x` is an object or function, 2.3.3.3: If `then` is a function, call it with `x` as `this`, first argument `resolvePromise`, and second argument `rejectPromise` 2.3.3.3.1: If/when `resolvePromise` is called with value `y`, run `[[Resolve]](promise, y)` `y` is a thenable for a thenable `y` is an eventually-fulfilled promise for a synchronously-rejected custom thenable `then` calls `resolvePromise` asynchronously via return from a fulfilled promise:
     Error: timeout of 200ms exceeded. Ensure the done() callback is being called in this test.
  

  537) 2.3.3: Otherwise, if `x` is an object or function, 2.3.3.3: If `then` is a function, call it with `x` as `this`, first argument `resolvePromise`, and second argument `rejectPromise` 2.3.3.3.1: If/when `resolvePromise` is called with value `y`, run `[[Resolve]](promise, y)` `y` is a thenable for a thenable `y` is an eventually-fulfilled promise for a synchronously-rejected custom thenable `then` calls `resolvePromise` asynchronously via return from a rejected promise:
     Error: timeout of 200ms exceeded. Ensure the done() callback is being called in this test.
  

  538) 2.3.3: Otherwise, if `x` is an object or function, 2.3.3.3: If `then` is a function, call it with `x` as `this`, first argument `resolvePromise`, and second argument `rejectPromise` 2.3.3.3.1: If/when `resolvePromise` is called with value `y`, run `[[Resolve]](promise, y)` `y` is a thenable for a thenable `y` is an eventually-fulfilled promise for an asynchronously-rejected custom thenable `then` calls `resolvePromise` synchronously via return from a fulfilled promise:
     Error: timeout of 200ms exceeded. Ensure the done() callback is being called in this test.
  

  539) 2.3.3: Otherwise, if `x` is an object or function, 2.3.3.3: If `then` is a function, call it with `x` as `this`, first argument `resolvePromise`, and second argument `rejectPromise` 2.3.3.3.1: If/when `resolvePromise` is called with value `y`, run `[[Resolve]](promise, y)` `y` is a thenable for a thenable `y` is an eventually-fulfilled promise for an asynchronously-rejected custom thenable `then` calls `resolvePromise` synchronously via return from a rejected promise:
     Error: timeout of 200ms exceeded. Ensure the done() callback is being called in this test.
  

  540) 2.3.3: Otherwise, if `x` is an object or function, 2.3.3.3: If `then` is a function, call it with `x` as `this`, first argument `resolvePromise`, and second argument `rejectPromise` 2.3.3.3.1: If/when `resolvePromise` is called with value `y`, run `[[Resolve]](promise, y)` `y` is a thenable for a thenable `y` is an eventually-fulfilled promise for an asynchronously-rejected custom thenable `then` calls `resolvePromise` asynchronously via return from a fulfilled promise:
     Error: timeout of 200ms exceeded. Ensure the done() callback is being called in this test.
  

  541) 2.3.3: Otherwise, if `x` is an object or function, 2.3.3.3: If `then` is a function, call it with `x` as `this`, first argument `resolvePromise`, and second argument `rejectPromise` 2.3.3.3.1: If/when `resolvePromise` is called with value `y`, run `[[Resolve]](promise, y)` `y` is a thenable for a thenable `y` is an eventually-fulfilled promise for an asynchronously-rejected custom thenable `then` calls `resolvePromise` asynchronously via return from a rejected promise:
     Error: timeout of 200ms exceeded. Ensure the done() callback is being called in this test.
  

  542) 2.3.3: Otherwise, if `x` is an object or function, 2.3.3.3: If `then` is a function, call it with `x` as `this`, first argument `resolvePromise`, and second argument `rejectPromise` 2.3.3.3.1: If/when `resolvePromise` is called with value `y`, run `[[Resolve]](promise, y)` `y` is a thenable for a thenable `y` is an eventually-fulfilled promise for a synchronously-rejected one-time thenable `then` calls `resolvePromise` synchronously via return from a fulfilled promise:
     Error: timeout of 200ms exceeded. Ensure the done() callback is being called in this test.
  

  543) 2.3.3: Otherwise, if `x` is an object or function, 2.3.3.3: If `then` is a function, call it with `x` as `this`, first argument `resolvePromise`, and second argument `rejectPromise` 2.3.3.3.1: If/when `resolvePromise` is called with value `y`, run `[[Resolve]](promise, y)` `y` is a thenable for a thenable `y` is an eventually-fulfilled promise for a synchronously-rejected one-time thenable `then` calls `resolvePromise` synchronously via return from a rejected promise:
     Error: timeout of 200ms exceeded. Ensure the done() callback is being called in this test.
  

  544) 2.3.3: Otherwise, if `x` is an object or function, 2.3.3.3: If `then` is a function, call it with `x` as `this`, first argument `resolvePromise`, and second argument `rejectPromise` 2.3.3.3.1: If/when `resolvePromise` is called with value `y`, run `[[Resolve]](promise, y)` `y` is a thenable for a thenable `y` is an eventually-fulfilled promise for a synchronously-rejected one-time thenable `then` calls `resolvePromise` asynchronously via return from a fulfilled promise:
     Error: timeout of 200ms exceeded. Ensure the done() callback is being called in this test.
  

  545) 2.3.3: Otherwise, if `x` is an object or function, 2.3.3.3: If `then` is a function, call it with `x` as `this`, first argument `resolvePromise`, and second argument `rejectPromise` 2.3.3.3.1: If/when `resolvePromise` is called with value `y`, run `[[Resolve]](promise, y)` `y` is a thenable for a thenable `y` is an eventually-fulfilled promise for a synchronously-rejected one-time thenable `then` calls `resolvePromise` asynchronously via return from a rejected promise:
     Error: timeout of 200ms exceeded. Ensure the done() callback is being called in this test.
  

  546) 2.3.3: Otherwise, if `x` is an object or function, 2.3.3.3: If `then` is a function, call it with `x` as `this`, first argument `resolvePromise`, and second argument `rejectPromise` 2.3.3.3.1: If/when `resolvePromise` is called with value `y`, run `[[Resolve]](promise, y)` `y` is a thenable for a thenable `y` is an eventually-fulfilled promise for a thenable that immediately throws in `then` `then` calls `resolvePromise` synchronously via return from a fulfilled promise:
     Error: timeout of 200ms exceeded. Ensure the done() callback is being called in this test.
  

  547) 2.3.3: Otherwise, if `x` is an object or function, 2.3.3.3: If `then` is a function, call it with `x` as `this`, first argument `resolvePromise`, and second argument `rejectPromise` 2.3.3.3.1: If/when `resolvePromise` is called with value `y`, run `[[Resolve]](promise, y)` `y` is a thenable for a thenable `y` is an eventually-fulfilled promise for a thenable that immediately throws in `then` `then` calls `resolvePromise` synchronously via return from a rejected promise:
     Error: timeout of 200ms exceeded. Ensure the done() callback is being called in this test.
  

  548) 2.3.3: Otherwise, if `x` is an object or function, 2.3.3.3: If `then` is a function, call it with `x` as `this`, first argument `resolvePromise`, and second argument `rejectPromise` 2.3.3.3.1: If/when `resolvePromise` is called with value `y`, run `[[Resolve]](promise, y)` `y` is a thenable for a thenable `y` is an eventually-fulfilled promise for a thenable that immediately throws in `then` `then` calls `resolvePromise` asynchronously via return from a fulfilled promise:
     Error: timeout of 200ms exceeded. Ensure the done() callback is being called in this test.
  

  549) 2.3.3: Otherwise, if `x` is an object or function, 2.3.3.3: If `then` is a function, call it with `x` as `this`, first argument `resolvePromise`, and second argument `rejectPromise` 2.3.3.3.1: If/when `resolvePromise` is called with value `y`, run `[[Resolve]](promise, y)` `y` is a thenable for a thenable `y` is an eventually-fulfilled promise for a thenable that immediately throws in `then` `then` calls `resolvePromise` asynchronously via return from a rejected promise:
     Error: timeout of 200ms exceeded. Ensure the done() callback is being called in this test.
  

  550) 2.3.3: Otherwise, if `x` is an object or function, 2.3.3.3: If `then` is a function, call it with `x` as `this`, first argument `resolvePromise`, and second argument `rejectPromise` 2.3.3.3.1: If/when `resolvePromise` is called with value `y`, run `[[Resolve]](promise, y)` `y` is a thenable for a thenable `y` is an eventually-fulfilled promise for an object with a throwing `then` accessor `then` calls `resolvePromise` synchronously via return from a fulfilled promise:
     Error: timeout of 200ms exceeded. Ensure the done() callback is being called in this test.
  

  551) 2.3.3: Otherwise, if `x` is an object or function, 2.3.3.3: If `then` is a function, call it with `x` as `this`, first argument `resolvePromise`, and second argument `rejectPromise` 2.3.3.3.1: If/when `resolvePromise` is called with value `y`, run `[[Resolve]](promise, y)` `y` is a thenable for a thenable `y` is an eventually-fulfilled promise for an object with a throwing `then` accessor `then` calls `resolvePromise` synchronously via return from a rejected promise:
     Error: timeout of 200ms exceeded. Ensure the done() callback is being called in this test.
  

  552) 2.3.3: Otherwise, if `x` is an object or function, 2.3.3.3: If `then` is a function, call it with `x` as `this`, first argument `resolvePromise`, and second argument `rejectPromise` 2.3.3.3.1: If/when `resolvePromise` is called with value `y`, run `[[Resolve]](promise, y)` `y` is a thenable for a thenable `y` is an eventually-fulfilled promise for an object with a throwing `then` accessor `then` calls `resolvePromise` asynchronously via return from a fulfilled promise:
     Error: timeout of 200ms exceeded. Ensure the done() callback is being called in this test.
  

  553) 2.3.3: Otherwise, if `x` is an object or function, 2.3.3.3: If `then` is a function, call it with `x` as `this`, first argument `resolvePromise`, and second argument `rejectPromise` 2.3.3.3.1: If/when `resolvePromise` is called with value `y`, run `[[Resolve]](promise, y)` `y` is a thenable for a thenable `y` is an eventually-fulfilled promise for an object with a throwing `then` accessor `then` calls `resolvePromise` asynchronously via return from a rejected promise:
     Error: timeout of 200ms exceeded. Ensure the done() callback is being called in this test.
  

  554) 2.3.3: Otherwise, if `x` is an object or function, 2.3.3.3: If `then` is a function, call it with `x` as `this`, first argument `resolvePromise`, and second argument `rejectPromise` 2.3.3.3.1: If/when `resolvePromise` is called with value `y`, run `[[Resolve]](promise, y)` `y` is a thenable for a thenable `y` is an eventually-fulfilled promise for an already-rejected promise `then` calls `resolvePromise` synchronously via return from a fulfilled promise:
     Error: timeout of 200ms exceeded. Ensure the done() callback is being called in this test.
  

  555) 2.3.3: Otherwise, if `x` is an object or function, 2.3.3.3: If `then` is a function, call it with `x` as `this`, first argument `resolvePromise`, and second argument `rejectPromise` 2.3.3.3.1: If/when `resolvePromise` is called with value `y`, run `[[Resolve]](promise, y)` `y` is a thenable for a thenable `y` is an eventually-fulfilled promise for an already-rejected promise `then` calls `resolvePromise` synchronously via return from a rejected promise:
     Error: timeout of 200ms exceeded. Ensure the done() callback is being called in this test.
  

  556) 2.3.3: Otherwise, if `x` is an object or function, 2.3.3.3: If `then` is a function, call it with `x` as `this`, first argument `resolvePromise`, and second argument `rejectPromise` 2.3.3.3.1: If/when `resolvePromise` is called with value `y`, run `[[Resolve]](promise, y)` `y` is a thenable for a thenable `y` is an eventually-fulfilled promise for an already-rejected promise `then` calls `resolvePromise` asynchronously via return from a fulfilled promise:
     Error: timeout of 200ms exceeded. Ensure the done() callback is being called in this test.
  

  557) 2.3.3: Otherwise, if `x` is an object or function, 2.3.3.3: If `then` is a function, call it with `x` as `this`, first argument `resolvePromise`, and second argument `rejectPromise` 2.3.3.3.1: If/when `resolvePromise` is called with value `y`, run `[[Resolve]](promise, y)` `y` is a thenable for a thenable `y` is an eventually-fulfilled promise for an already-rejected promise `then` calls `resolvePromise` asynchronously via return from a rejected promise:
     Error: timeout of 200ms exceeded. Ensure the done() callback is being called in this test.
  

  558) 2.3.3: Otherwise, if `x` is an object or function, 2.3.3.3: If `then` is a function, call it with `x` as `this`, first argument `resolvePromise`, and second argument `rejectPromise` 2.3.3.3.1: If/when `resolvePromise` is called with value `y`, run `[[Resolve]](promise, y)` `y` is a thenable for a thenable `y` is an eventually-fulfilled promise for an eventually-rejected promise `then` calls `resolvePromise` synchronously via return from a fulfilled promise:
     Error: timeout of 200ms exceeded. Ensure the done() callback is being called in this test.
  

  559) 2.3.3: Otherwise, if `x` is an object or function, 2.3.3.3: If `then` is a function, call it with `x` as `this`, first argument `resolvePromise`, and second argument `rejectPromise` 2.3.3.3.1: If/when `resolvePromise` is called with value `y`, run `[[Resolve]](promise, y)` `y` is a thenable for a thenable `y` is an eventually-fulfilled promise for an eventually-rejected promise `then` calls `resolvePromise` synchronously via return from a rejected promise:
     Error: timeout of 200ms exceeded. Ensure the done() callback is being called in this test.
  

  560) 2.3.3: Otherwise, if `x` is an object or function, 2.3.3.3: If `then` is a function, call it with `x` as `this`, first argument `resolvePromise`, and second argument `rejectPromise` 2.3.3.3.1: If/when `resolvePromise` is called with value `y`, run `[[Resolve]](promise, y)` `y` is a thenable for a thenable `y` is an eventually-fulfilled promise for an eventually-rejected promise `then` calls `resolvePromise` asynchronously via return from a fulfilled promise:
     Error: timeout of 200ms exceeded. Ensure the done() callback is being called in this test.
  

  561) 2.3.3: Otherwise, if `x` is an object or function, 2.3.3.3: If `then` is a function, call it with `x` as `this`, first argument `resolvePromise`, and second argument `rejectPromise` 2.3.3.3.1: If/when `resolvePromise` is called with value `y`, run `[[Resolve]](promise, y)` `y` is a thenable for a thenable `y` is an eventually-fulfilled promise for an eventually-rejected promise `then` calls `resolvePromise` asynchronously via return from a rejected promise:
     Error: timeout of 200ms exceeded. Ensure the done() callback is being called in this test.
  

  562) 2.3.3: Otherwise, if `x` is an object or function, 2.3.3.3: If `then` is a function, call it with `x` as `this`, first argument `resolvePromise`, and second argument `rejectPromise` 2.3.3.3.2: If/when `rejectPromise` is called with reason `r`, reject `promise` with `r` `r` is `undefined` `then` calls `rejectPromise` synchronously via return from a fulfilled promise:
     Error: timeout of 200ms exceeded. Ensure the done() callback is being called in this test.
  

  563) 2.3.3: Otherwise, if `x` is an object or function, 2.3.3.3: If `then` is a function, call it with `x` as `this`, first argument `resolvePromise`, and second argument `rejectPromise` 2.3.3.3.2: If/when `rejectPromise` is called with reason `r`, reject `promise` with `r` `r` is `undefined` `then` calls `rejectPromise` synchronously via return from a rejected promise:
     Error: timeout of 200ms exceeded. Ensure the done() callback is being called in this test.
  

  564) 2.3.3: Otherwise, if `x` is an object or function, 2.3.3.3: If `then` is a function, call it with `x` as `this`, first argument `resolvePromise`, and second argument `rejectPromise` 2.3.3.3.2: If/when `rejectPromise` is called with reason `r`, reject `promise` with `r` `r` is `undefined` `then` calls `rejectPromise` asynchronously via return from a fulfilled promise:
     Error: timeout of 200ms exceeded. Ensure the done() callback is being called in this test.
  

  565) 2.3.3: Otherwise, if `x` is an object or function, 2.3.3.3: If `then` is a function, call it with `x` as `this`, first argument `resolvePromise`, and second argument `rejectPromise` 2.3.3.3.2: If/when `rejectPromise` is called with reason `r`, reject `promise` with `r` `r` is `undefined` `then` calls `rejectPromise` asynchronously via return from a rejected promise:
     Error: timeout of 200ms exceeded. Ensure the done() callback is being called in this test.
  

  566) 2.3.3: Otherwise, if `x` is an object or function, 2.3.3.3: If `then` is a function, call it with `x` as `this`, first argument `resolvePromise`, and second argument `rejectPromise` 2.3.3.3.2: If/when `rejectPromise` is called with reason `r`, reject `promise` with `r` `r` is `null` `then` calls `rejectPromise` synchronously via return from a fulfilled promise:
     Error: timeout of 200ms exceeded. Ensure the done() callback is being called in this test.
  

  567) 2.3.3: Otherwise, if `x` is an object or function, 2.3.3.3: If `then` is a function, call it with `x` as `this`, first argument `resolvePromise`, and second argument `rejectPromise` 2.3.3.3.2: If/when `rejectPromise` is called with reason `r`, reject `promise` with `r` `r` is `null` `then` calls `rejectPromise` synchronously via return from a rejected promise:
     Error: timeout of 200ms exceeded. Ensure the done() callback is being called in this test.
  

  568) 2.3.3: Otherwise, if `x` is an object or function, 2.3.3.3: If `then` is a function, call it with `x` as `this`, first argument `resolvePromise`, and second argument `rejectPromise` 2.3.3.3.2: If/when `rejectPromise` is called with reason `r`, reject `promise` with `r` `r` is `null` `then` calls `rejectPromise` asynchronously via return from a fulfilled promise:
     Error: timeout of 200ms exceeded. Ensure the done() callback is being called in this test.
  

  569) 2.3.3: Otherwise, if `x` is an object or function, 2.3.3.3: If `then` is a function, call it with `x` as `this`, first argument `resolvePromise`, and second argument `rejectPromise` 2.3.3.3.2: If/when `rejectPromise` is called with reason `r`, reject `promise` with `r` `r` is `null` `then` calls `rejectPromise` asynchronously via return from a rejected promise:
     Error: timeout of 200ms exceeded. Ensure the done() callback is being called in this test.
  

  570) 2.3.3: Otherwise, if `x` is an object or function, 2.3.3.3: If `then` is a function, call it with `x` as `this`, first argument `resolvePromise`, and second argument `rejectPromise` 2.3.3.3.2: If/when `rejectPromise` is called with reason `r`, reject `promise` with `r` `r` is `false` `then` calls `rejectPromise` synchronously via return from a fulfilled promise:
     Error: timeout of 200ms exceeded. Ensure the done() callback is being called in this test.
  

  571) 2.3.3: Otherwise, if `x` is an object or function, 2.3.3.3: If `then` is a function, call it with `x` as `this`, first argument `resolvePromise`, and second argument `rejectPromise` 2.3.3.3.2: If/when `rejectPromise` is called with reason `r`, reject `promise` with `r` `r` is `false` `then` calls `rejectPromise` synchronously via return from a rejected promise:
     Error: timeout of 200ms exceeded. Ensure the done() callback is being called in this test.
  

  572) 2.3.3: Otherwise, if `x` is an object or function, 2.3.3.3: If `then` is a function, call it with `x` as `this`, first argument `resolvePromise`, and second argument `rejectPromise` 2.3.3.3.2: If/when `rejectPromise` is called with reason `r`, reject `promise` with `r` `r` is `false` `then` calls `rejectPromise` asynchronously via return from a fulfilled promise:
     Error: timeout of 200ms exceeded. Ensure the done() callback is being called in this test.
  

  573) 2.3.3: Otherwise, if `x` is an object or function, 2.3.3.3: If `then` is a function, call it with `x` as `this`, first argument `resolvePromise`, and second argument `rejectPromise` 2.3.3.3.2: If/when `rejectPromise` is called with reason `r`, reject `promise` with `r` `r` is `false` `then` calls `rejectPromise` asynchronously via return from a rejected promise:
     Error: timeout of 200ms exceeded. Ensure the done() callback is being called in this test.
  

  574) 2.3.3: Otherwise, if `x` is an object or function, 2.3.3.3: If `then` is a function, call it with `x` as `this`, first argument `resolvePromise`, and second argument `rejectPromise` 2.3.3.3.2: If/when `rejectPromise` is called with reason `r`, reject `promise` with `r` `r` is `0` `then` calls `rejectPromise` synchronously via return from a fulfilled promise:
     Error: timeout of 200ms exceeded. Ensure the done() callback is being called in this test.
  

  575) 2.3.3: Otherwise, if `x` is an object or function, 2.3.3.3: If `then` is a function, call it with `x` as `this`, first argument `resolvePromise`, and second argument `rejectPromise` 2.3.3.3.2: If/when `rejectPromise` is called with reason `r`, reject `promise` with `r` `r` is `0` `then` calls `rejectPromise` synchronously via return from a rejected promise:
     Error: timeout of 200ms exceeded. Ensure the done() callback is being called in this test.
  

  576) 2.3.3: Otherwise, if `x` is an object or function, 2.3.3.3: If `then` is a function, call it with `x` as `this`, first argument `resolvePromise`, and second argument `rejectPromise` 2.3.3.3.2: If/when `rejectPromise` is called with reason `r`, reject `promise` with `r` `r` is `0` `then` calls `rejectPromise` asynchronously via return from a fulfilled promise:
     Error: timeout of 200ms exceeded. Ensure the done() callback is being called in this test.
  

  577) 2.3.3: Otherwise, if `x` is an object or function, 2.3.3.3: If `then` is a function, call it with `x` as `this`, first argument `resolvePromise`, and second argument `rejectPromise` 2.3.3.3.2: If/when `rejectPromise` is called with reason `r`, reject `promise` with `r` `r` is `0` `then` calls `rejectPromise` asynchronously via return from a rejected promise:
     Error: timeout of 200ms exceeded. Ensure the done() callback is being called in this test.
  

  578) 2.3.3: Otherwise, if `x` is an object or function, 2.3.3.3: If `then` is a function, call it with `x` as `this`, first argument `resolvePromise`, and second argument `rejectPromise` 2.3.3.3.2: If/when `rejectPromise` is called with reason `r`, reject `promise` with `r` `r` is an error `then` calls `rejectPromise` synchronously via return from a fulfilled promise:
     Error: timeout of 200ms exceeded. Ensure the done() callback is being called in this test.
  

  579) 2.3.3: Otherwise, if `x` is an object or function, 2.3.3.3: If `then` is a function, call it with `x` as `this`, first argument `resolvePromise`, and second argument `rejectPromise` 2.3.3.3.2: If/when `rejectPromise` is called with reason `r`, reject `promise` with `r` `r` is an error `then` calls `rejectPromise` synchronously via return from a rejected promise:
     Error: timeout of 200ms exceeded. Ensure the done() callback is being called in this test.
  

  580) 2.3.3: Otherwise, if `x` is an object or function, 2.3.3.3: If `then` is a function, call it with `x` as `this`, first argument `resolvePromise`, and second argument `rejectPromise` 2.3.3.3.2: If/when `rejectPromise` is called with reason `r`, reject `promise` with `r` `r` is an error `then` calls `rejectPromise` asynchronously via return from a fulfilled promise:
     Error: timeout of 200ms exceeded. Ensure the done() callback is being called in this test.
  

  581) 2.3.3: Otherwise, if `x` is an object or function, 2.3.3.3: If `then` is a function, call it with `x` as `this`, first argument `resolvePromise`, and second argument `rejectPromise` 2.3.3.3.2: If/when `rejectPromise` is called with reason `r`, reject `promise` with `r` `r` is an error `then` calls `rejectPromise` asynchronously via return from a rejected promise:
     Error: timeout of 200ms exceeded. Ensure the done() callback is being called in this test.
  

  582) 2.3.3: Otherwise, if `x` is an object or function, 2.3.3.3: If `then` is a function, call it with `x` as `this`, first argument `resolvePromise`, and second argument `rejectPromise` 2.3.3.3.2: If/when `rejectPromise` is called with reason `r`, reject `promise` with `r` `r` is an error without a stack `then` calls `rejectPromise` synchronously via return from a fulfilled promise:
     Error: timeout of 200ms exceeded. Ensure the done() callback is being called in this test.
  

  583) 2.3.3: Otherwise, if `x` is an object or function, 2.3.3.3: If `then` is a function, call it with `x` as `this`, first argument `resolvePromise`, and second argument `rejectPromise` 2.3.3.3.2: If/when `rejectPromise` is called with reason `r`, reject `promise` with `r` `r` is an error without a stack `then` calls `rejectPromise` synchronously via return from a rejected promise:
     Error: timeout of 200ms exceeded. Ensure the done() callback is being called in this test.
  

  584) 2.3.3: Otherwise, if `x` is an object or function, 2.3.3.3: If `then` is a function, call it with `x` as `this`, first argument `resolvePromise`, and second argument `rejectPromise` 2.3.3.3.2: If/when `rejectPromise` is called with reason `r`, reject `promise` with `r` `r` is an error without a stack `then` calls `rejectPromise` asynchronously via return from a fulfilled promise:
     Error: timeout of 200ms exceeded. Ensure the done() callback is being called in this test.
  

  585) 2.3.3: Otherwise, if `x` is an object or function, 2.3.3.3: If `then` is a function, call it with `x` as `this`, first argument `resolvePromise`, and second argument `rejectPromise` 2.3.3.3.2: If/when `rejectPromise` is called with reason `r`, reject `promise` with `r` `r` is an error without a stack `then` calls `rejectPromise` asynchronously via return from a rejected promise:
     Error: timeout of 200ms exceeded. Ensure the done() callback is being called in this test.
  

  586) 2.3.3: Otherwise, if `x` is an object or function, 2.3.3.3: If `then` is a function, call it with `x` as `this`, first argument `resolvePromise`, and second argument `rejectPromise` 2.3.3.3.2: If/when `rejectPromise` is called with reason `r`, reject `promise` with `r` `r` is a date `then` calls `rejectPromise` synchronously via return from a fulfilled promise:
     Error: timeout of 200ms exceeded. Ensure the done() callback is being called in this test.
  

  587) 2.3.3: Otherwise, if `x` is an object or function, 2.3.3.3: If `then` is a function, call it with `x` as `this`, first argument `resolvePromise`, and second argument `rejectPromise` 2.3.3.3.2: If/when `rejectPromise` is called with reason `r`, reject `promise` with `r` `r` is a date `then` calls `rejectPromise` synchronously via return from a rejected promise:
     Error: timeout of 200ms exceeded. Ensure the done() callback is being called in this test.
  

  588) 2.3.3: Otherwise, if `x` is an object or function, 2.3.3.3: If `then` is a function, call it with `x` as `this`, first argument `resolvePromise`, and second argument `rejectPromise` 2.3.3.3.2: If/when `rejectPromise` is called with reason `r`, reject `promise` with `r` `r` is a date `then` calls `rejectPromise` asynchronously via return from a fulfilled promise:
     Error: timeout of 200ms exceeded. Ensure the done() callback is being called in this test.
  

  589) 2.3.3: Otherwise, if `x` is an object or function, 2.3.3.3: If `then` is a function, call it with `x` as `this`, first argument `resolvePromise`, and second argument `rejectPromise` 2.3.3.3.2: If/when `rejectPromise` is called with reason `r`, reject `promise` with `r` `r` is a date `then` calls `rejectPromise` asynchronously via return from a rejected promise:
     Error: timeout of 200ms exceeded. Ensure the done() callback is being called in this test.
  

  590) 2.3.3: Otherwise, if `x` is an object or function, 2.3.3.3: If `then` is a function, call it with `x` as `this`, first argument `resolvePromise`, and second argument `rejectPromise` 2.3.3.3.2: If/when `rejectPromise` is called with reason `r`, reject `promise` with `r` `r` is an object `then` calls `rejectPromise` synchronously via return from a fulfilled promise:
     Error: timeout of 200ms exceeded. Ensure the done() callback is being called in this test.
  

  591) 2.3.3: Otherwise, if `x` is an object or function, 2.3.3.3: If `then` is a function, call it with `x` as `this`, first argument `resolvePromise`, and second argument `rejectPromise` 2.3.3.3.2: If/when `rejectPromise` is called with reason `r`, reject `promise` with `r` `r` is an object `then` calls `rejectPromise` synchronously via return from a rejected promise:
     Error: timeout of 200ms exceeded. Ensure the done() callback is being called in this test.
  

  592) 2.3.3: Otherwise, if `x` is an object or function, 2.3.3.3: If `then` is a function, call it with `x` as `this`, first argument `resolvePromise`, and second argument `rejectPromise` 2.3.3.3.2: If/when `rejectPromise` is called with reason `r`, reject `promise` with `r` `r` is an object `then` calls `rejectPromise` asynchronously via return from a fulfilled promise:
     Error: timeout of 200ms exceeded. Ensure the done() callback is being called in this test.
  

  593) 2.3.3: Otherwise, if `x` is an object or function, 2.3.3.3: If `then` is a function, call it with `x` as `this`, first argument `resolvePromise`, and second argument `rejectPromise` 2.3.3.3.2: If/when `rejectPromise` is called with reason `r`, reject `promise` with `r` `r` is an object `then` calls `rejectPromise` asynchronously via return from a rejected promise:
     Error: timeout of 200ms exceeded. Ensure the done() callback is being called in this test.
  

  594) 2.3.3: Otherwise, if `x` is an object or function, 2.3.3.3: If `then` is a function, call it with `x` as `this`, first argument `resolvePromise`, and second argument `rejectPromise` 2.3.3.3.2: If/when `rejectPromise` is called with reason `r`, reject `promise` with `r` `r` is an always-pending thenable `then` calls `rejectPromise` synchronously via return from a fulfilled promise:
     Error: timeout of 200ms exceeded. Ensure the done() callback is being called in this test.
  

  595) 2.3.3: Otherwise, if `x` is an object or function, 2.3.3.3: If `then` is a function, call it with `x` as `this`, first argument `resolvePromise`, and second argument `rejectPromise` 2.3.3.3.2: If/when `rejectPromise` is called with reason `r`, reject `promise` with `r` `r` is an always-pending thenable `then` calls `rejectPromise` synchronously via return from a rejected promise:
     Error: timeout of 200ms exceeded. Ensure the done() callback is being called in this test.
  

  596) 2.3.3: Otherwise, if `x` is an object or function, 2.3.3.3: If `then` is a function, call it with `x` as `this`, first argument `resolvePromise`, and second argument `rejectPromise` 2.3.3.3.2: If/when `rejectPromise` is called with reason `r`, reject `promise` with `r` `r` is an always-pending thenable `then` calls `rejectPromise` asynchronously via return from a fulfilled promise:
     Error: timeout of 200ms exceeded. Ensure the done() callback is being called in this test.
  

  597) 2.3.3: Otherwise, if `x` is an object or function, 2.3.3.3: If `then` is a function, call it with `x` as `this`, first argument `resolvePromise`, and second argument `rejectPromise` 2.3.3.3.2: If/when `rejectPromise` is called with reason `r`, reject `promise` with `r` `r` is an always-pending thenable `then` calls `rejectPromise` asynchronously via return from a rejected promise:
     Error: timeout of 200ms exceeded. Ensure the done() callback is being called in this test.
  

  598) 2.3.3: Otherwise, if `x` is an object or function, 2.3.3.3: If `then` is a function, call it with `x` as `this`, first argument `resolvePromise`, and second argument `rejectPromise` 2.3.3.3.2: If/when `rejectPromise` is called with reason `r`, reject `promise` with `r` `r` is a fulfilled promise `then` calls `rejectPromise` synchronously via return from a fulfilled promise:
     Error: timeout of 200ms exceeded. Ensure the done() callback is being called in this test.
  

  599) 2.3.3: Otherwise, if `x` is an object or function, 2.3.3.3: If `then` is a function, call it with `x` as `this`, first argument `resolvePromise`, and second argument `rejectPromise` 2.3.3.3.2: If/when `rejectPromise` is called with reason `r`, reject `promise` with `r` `r` is a fulfilled promise `then` calls `rejectPromise` synchronously via return from a rejected promise:
     Error: timeout of 200ms exceeded. Ensure the done() callback is being called in this test.
  

  600) 2.3.3: Otherwise, if `x` is an object or function, 2.3.3.3: If `then` is a function, call it with `x` as `this`, first argument `resolvePromise`, and second argument `rejectPromise` 2.3.3.3.2: If/when `rejectPromise` is called with reason `r`, reject `promise` with `r` `r` is a fulfilled promise `then` calls `rejectPromise` asynchronously via return from a fulfilled promise:
     Error: timeout of 200ms exceeded. Ensure the done() callback is being called in this test.
  

  601) 2.3.3: Otherwise, if `x` is an object or function, 2.3.3.3: If `then` is a function, call it with `x` as `this`, first argument `resolvePromise`, and second argument `rejectPromise` 2.3.3.3.2: If/when `rejectPromise` is called with reason `r`, reject `promise` with `r` `r` is a fulfilled promise `then` calls `rejectPromise` asynchronously via return from a rejected promise:
     Error: timeout of 200ms exceeded. Ensure the done() callback is being called in this test.
  

  602) 2.3.3: Otherwise, if `x` is an object or function, 2.3.3.3: If `then` is a function, call it with `x` as `this`, first argument `resolvePromise`, and second argument `rejectPromise` 2.3.3.3.2: If/when `rejectPromise` is called with reason `r`, reject `promise` with `r` `r` is a rejected promise `then` calls `rejectPromise` synchronously via return from a fulfilled promise:
     Error: timeout of 200ms exceeded. Ensure the done() callback is being called in this test.
  

  603) 2.3.3: Otherwise, if `x` is an object or function, 2.3.3.3: If `then` is a function, call it with `x` as `this`, first argument `resolvePromise`, and second argument `rejectPromise` 2.3.3.3.2: If/when `rejectPromise` is called with reason `r`, reject `promise` with `r` `r` is a rejected promise `then` calls `rejectPromise` synchronously via return from a rejected promise:
     Error: timeout of 200ms exceeded. Ensure the done() callback is being called in this test.
  

  604) 2.3.3: Otherwise, if `x` is an object or function, 2.3.3.3: If `then` is a function, call it with `x` as `this`, first argument `resolvePromise`, and second argument `rejectPromise` 2.3.3.3.2: If/when `rejectPromise` is called with reason `r`, reject `promise` with `r` `r` is a rejected promise `then` calls `rejectPromise` asynchronously via return from a fulfilled promise:
     Error: timeout of 200ms exceeded. Ensure the done() callback is being called in this test.
  

  605) 2.3.3: Otherwise, if `x` is an object or function, 2.3.3.3: If `then` is a function, call it with `x` as `this`, first argument `resolvePromise`, and second argument `rejectPromise` 2.3.3.3.2: If/when `rejectPromise` is called with reason `r`, reject `promise` with `r` `r` is a rejected promise `then` calls `rejectPromise` asynchronously via return from a rejected promise:
     Error: timeout of 200ms exceeded. Ensure the done() callback is being called in this test.
  

  606) 2.3.3: Otherwise, if `x` is an object or function, 2.3.3.3: If `then` is a function, call it with `x` as `this`, first argument `resolvePromise`, and second argument `rejectPromise` 2.3.3.3.3: If both `resolvePromise` and `rejectPromise` are called, or multiple calls to the same argument are made, the first call takes precedence, and any further calls are ignored. calling `resolvePromise` then `rejectPromise`, both synchronously via return from a fulfilled promise:
     Error: timeout of 200ms exceeded. Ensure the done() callback is being called in this test.
  

  607) 2.3.3: Otherwise, if `x` is an object or function, 2.3.3.3: If `then` is a function, call it with `x` as `this`, first argument `resolvePromise`, and second argument `rejectPromise` 2.3.3.3.3: If both `resolvePromise` and `rejectPromise` are called, or multiple calls to the same argument are made, the first call takes precedence, and any further calls are ignored. calling `resolvePromise` then `rejectPromise`, both synchronously via return from a rejected promise:
     Error: timeout of 200ms exceeded. Ensure the done() callback is being called in this test.
  

  608) 2.3.3: Otherwise, if `x` is an object or function, 2.3.3.3: If `then` is a function, call it with `x` as `this`, first argument `resolvePromise`, and second argument `rejectPromise` 2.3.3.3.3: If both `resolvePromise` and `rejectPromise` are called, or multiple calls to the same argument are made, the first call takes precedence, and any further calls are ignored. calling `resolvePromise` synchronously then `rejectPromise` asynchronously via return from a fulfilled promise:
     Error: timeout of 200ms exceeded. Ensure the done() callback is being called in this test.
  

  609) 2.3.3: Otherwise, if `x` is an object or function, 2.3.3.3: If `then` is a function, call it with `x` as `this`, first argument `resolvePromise`, and second argument `rejectPromise` 2.3.3.3.3: If both `resolvePromise` and `rejectPromise` are called, or multiple calls to the same argument are made, the first call takes precedence, and any further calls are ignored. calling `resolvePromise` synchronously then `rejectPromise` asynchronously via return from a rejected promise:
     Error: timeout of 200ms exceeded. Ensure the done() callback is being called in this test.
  

  610) 2.3.3: Otherwise, if `x` is an object or function, 2.3.3.3: If `then` is a function, call it with `x` as `this`, first argument `resolvePromise`, and second argument `rejectPromise` 2.3.3.3.3: If both `resolvePromise` and `rejectPromise` are called, or multiple calls to the same argument are made, the first call takes precedence, and any further calls are ignored. calling `resolvePromise` then `rejectPromise`, both asynchronously via return from a fulfilled promise:
     Error: timeout of 200ms exceeded. Ensure the done() callback is being called in this test.
  

  611) 2.3.3: Otherwise, if `x` is an object or function, 2.3.3.3: If `then` is a function, call it with `x` as `this`, first argument `resolvePromise`, and second argument `rejectPromise` 2.3.3.3.3: If both `resolvePromise` and `rejectPromise` are called, or multiple calls to the same argument are made, the first call takes precedence, and any further calls are ignored. calling `resolvePromise` then `rejectPromise`, both asynchronously via return from a rejected promise:
     Error: timeout of 200ms exceeded. Ensure the done() callback is being called in this test.
  

  612) 2.3.3: Otherwise, if `x` is an object or function, 2.3.3.3: If `then` is a function, call it with `x` as `this`, first argument `resolvePromise`, and second argument `rejectPromise` 2.3.3.3.3: If both `resolvePromise` and `rejectPromise` are called, or multiple calls to the same argument are made, the first call takes precedence, and any further calls are ignored. calling `resolvePromise` with an asynchronously-fulfilled promise, then calling `rejectPromise`, both synchronously via return from a fulfilled promise:
     Error: timeout of 200ms exceeded. Ensure the done() callback is being called in this test.
  

  613) 2.3.3: Otherwise, if `x` is an object or function, 2.3.3.3: If `then` is a function, call it with `x` as `this`, first argument `resolvePromise`, and second argument `rejectPromise` 2.3.3.3.3: If both `resolvePromise` and `rejectPromise` are called, or multiple calls to the same argument are made, the first call takes precedence, and any further calls are ignored. calling `resolvePromise` with an asynchronously-fulfilled promise, then calling `rejectPromise`, both synchronously via return from a rejected promise:
     Error: timeout of 200ms exceeded. Ensure the done() callback is being called in this test.
  

  614) 2.3.3: Otherwise, if `x` is an object or function, 2.3.3.3: If `then` is a function, call it with `x` as `this`, first argument `resolvePromise`, and second argument `rejectPromise` 2.3.3.3.3: If both `resolvePromise` and `rejectPromise` are called, or multiple calls to the same argument are made, the first call takes precedence, and any further calls are ignored. calling `resolvePromise` with an asynchronously-rejected promise, then calling `rejectPromise`, both synchronously via return from a fulfilled promise:
     Error: timeout of 200ms exceeded. Ensure the done() callback is being called in this test.
  

  615) 2.3.3: Otherwise, if `x` is an object or function, 2.3.3.3: If `then` is a function, call it with `x` as `this`, first argument `resolvePromise`, and second argument `rejectPromise` 2.3.3.3.3: If both `resolvePromise` and `rejectPromise` are called, or multiple calls to the same argument are made, the first call takes precedence, and any further calls are ignored. calling `resolvePromise` with an asynchronously-rejected promise, then calling `rejectPromise`, both synchronously via return from a rejected promise:
     Error: timeout of 200ms exceeded. Ensure the done() callback is being called in this test.
  

  616) 2.3.3: Otherwise, if `x` is an object or function, 2.3.3.3: If `then` is a function, call it with `x` as `this`, first argument `resolvePromise`, and second argument `rejectPromise` 2.3.3.3.3: If both `resolvePromise` and `rejectPromise` are called, or multiple calls to the same argument are made, the first call takes precedence, and any further calls are ignored. calling `rejectPromise` then `resolvePromise`, both synchronously via return from a fulfilled promise:
     Error: timeout of 200ms exceeded. Ensure the done() callback is being called in this test.
  

  617) 2.3.3: Otherwise, if `x` is an object or function, 2.3.3.3: If `then` is a function, call it with `x` as `this`, first argument `resolvePromise`, and second argument `rejectPromise` 2.3.3.3.3: If both `resolvePromise` and `rejectPromise` are called, or multiple calls to the same argument are made, the first call takes precedence, and any further calls are ignored. calling `rejectPromise` then `resolvePromise`, both synchronously via return from a rejected promise:
     Error: timeout of 200ms exceeded. Ensure the done() callback is being called in this test.
  

  618) 2.3.3: Otherwise, if `x` is an object or function, 2.3.3.3: If `then` is a function, call it with `x` as `this`, first argument `resolvePromise`, and second argument `rejectPromise` 2.3.3.3.3: If both `resolvePromise` and `rejectPromise` are called, or multiple calls to the same argument are made, the first call takes precedence, and any further calls are ignored. calling `rejectPromise` synchronously then `resolvePromise` asynchronously via return from a fulfilled promise:
     Error: timeout of 200ms exceeded. Ensure the done() callback is being called in this test.
  

  619) 2.3.3: Otherwise, if `x` is an object or function, 2.3.3.3: If `then` is a function, call it with `x` as `this`, first argument `resolvePromise`, and second argument `rejectPromise` 2.3.3.3.3: If both `resolvePromise` and `rejectPromise` are called, or multiple calls to the same argument are made, the first call takes precedence, and any further calls are ignored. calling `rejectPromise` synchronously then `resolvePromise` asynchronously via return from a rejected promise:
     Error: timeout of 200ms exceeded. Ensure the done() callback is being called in this test.
  

  620) 2.3.3: Otherwise, if `x` is an object or function, 2.3.3.3: If `then` is a function, call it with `x` as `this`, first argument `resolvePromise`, and second argument `rejectPromise` 2.3.3.3.3: If both `resolvePromise` and `rejectPromise` are called, or multiple calls to the same argument are made, the first call takes precedence, and any further calls are ignored. calling `rejectPromise` then `resolvePromise`, both asynchronously via return from a fulfilled promise:
     Error: timeout of 200ms exceeded. Ensure the done() callback is being called in this test.
  

  621) 2.3.3: Otherwise, if `x` is an object or function, 2.3.3.3: If `then` is a function, call it with `x` as `this`, first argument `resolvePromise`, and second argument `rejectPromise` 2.3.3.3.3: If both `resolvePromise` and `rejectPromise` are called, or multiple calls to the same argument are made, the first call takes precedence, and any further calls are ignored. calling `rejectPromise` then `resolvePromise`, both asynchronously via return from a rejected promise:
     Error: timeout of 200ms exceeded. Ensure the done() callback is being called in this test.
  

  622) 2.3.3: Otherwise, if `x` is an object or function, 2.3.3.3: If `then` is a function, call it with `x` as `this`, first argument `resolvePromise`, and second argument `rejectPromise` 2.3.3.3.3: If both `resolvePromise` and `rejectPromise` are called, or multiple calls to the same argument are made, the first call takes precedence, and any further calls are ignored. calling `resolvePromise` twice synchronously via return from a fulfilled promise:
     Error: timeout of 200ms exceeded. Ensure the done() callback is being called in this test.
  

  623) 2.3.3: Otherwise, if `x` is an object or function, 2.3.3.3: If `then` is a function, call it with `x` as `this`, first argument `resolvePromise`, and second argument `rejectPromise` 2.3.3.3.3: If both `resolvePromise` and `rejectPromise` are called, or multiple calls to the same argument are made, the first call takes precedence, and any further calls are ignored. calling `resolvePromise` twice synchronously via return from a rejected promise:
     Error: timeout of 200ms exceeded. Ensure the done() callback is being called in this test.
  

  624) 2.3.3: Otherwise, if `x` is an object or function, 2.3.3.3: If `then` is a function, call it with `x` as `this`, first argument `resolvePromise`, and second argument `rejectPromise` 2.3.3.3.3: If both `resolvePromise` and `rejectPromise` are called, or multiple calls to the same argument are made, the first call takes precedence, and any further calls are ignored. calling `resolvePromise` twice, first synchronously then asynchronously via return from a fulfilled promise:
     Error: timeout of 200ms exceeded. Ensure the done() callback is being called in this test.
  

  625) 2.3.3: Otherwise, if `x` is an object or function, 2.3.3.3: If `then` is a function, call it with `x` as `this`, first argument `resolvePromise`, and second argument `rejectPromise` 2.3.3.3.3: If both `resolvePromise` and `rejectPromise` are called, or multiple calls to the same argument are made, the first call takes precedence, and any further calls are ignored. calling `resolvePromise` twice, first synchronously then asynchronously via return from a rejected promise:
     Error: timeout of 200ms exceeded. Ensure the done() callback is being called in this test.
  

  626) 2.3.3: Otherwise, if `x` is an object or function, 2.3.3.3: If `then` is a function, call it with `x` as `this`, first argument `resolvePromise`, and second argument `rejectPromise` 2.3.3.3.3: If both `resolvePromise` and `rejectPromise` are called, or multiple calls to the same argument are made, the first call takes precedence, and any further calls are ignored. calling `resolvePromise` twice, both times asynchronously via return from a fulfilled promise:
     Error: timeout of 200ms exceeded. Ensure the done() callback is being called in this test.
  

  627) 2.3.3: Otherwise, if `x` is an object or function, 2.3.3.3: If `then` is a function, call it with `x` as `this`, first argument `resolvePromise`, and second argument `rejectPromise` 2.3.3.3.3: If both `resolvePromise` and `rejectPromise` are called, or multiple calls to the same argument are made, the first call takes precedence, and any further calls are ignored. calling `resolvePromise` twice, both times asynchronously via return from a rejected promise:
     Error: timeout of 200ms exceeded. Ensure the done() callback is being called in this test.
  

  628) 2.3.3: Otherwise, if `x` is an object or function, 2.3.3.3: If `then` is a function, call it with `x` as `this`, first argument `resolvePromise`, and second argument `rejectPromise` 2.3.3.3.3: If both `resolvePromise` and `rejectPromise` are called, or multiple calls to the same argument are made, the first call takes precedence, and any further calls are ignored. calling `resolvePromise` with an asynchronously-fulfilled promise, then calling it again, both times synchronously via return from a fulfilled promise:
     Error: timeout of 200ms exceeded. Ensure the done() callback is being called in this test.
  

  629) 2.3.3: Otherwise, if `x` is an object or function, 2.3.3.3: If `then` is a function, call it with `x` as `this`, first argument `resolvePromise`, and second argument `rejectPromise` 2.3.3.3.3: If both `resolvePromise` and `rejectPromise` are called, or multiple calls to the same argument are made, the first call takes precedence, and any further calls are ignored. calling `resolvePromise` with an asynchronously-fulfilled promise, then calling it again, both times synchronously via return from a rejected promise:
     Error: timeout of 200ms exceeded. Ensure the done() callback is being called in this test.
  

  630) 2.3.3: Otherwise, if `x` is an object or function, 2.3.3.3: If `then` is a function, call it with `x` as `this`, first argument `resolvePromise`, and second argument `rejectPromise` 2.3.3.3.3: If both `resolvePromise` and `rejectPromise` are called, or multiple calls to the same argument are made, the first call takes precedence, and any further calls are ignored. calling `resolvePromise` with an asynchronously-rejected promise, then calling it again, both times synchronously via return from a fulfilled promise:
     Error: timeout of 200ms exceeded. Ensure the done() callback is being called in this test.
  

  631) 2.3.3: Otherwise, if `x` is an object or function, 2.3.3.3: If `then` is a function, call it with `x` as `this`, first argument `resolvePromise`, and second argument `rejectPromise` 2.3.3.3.3: If both `resolvePromise` and `rejectPromise` are called, or multiple calls to the same argument are made, the first call takes precedence, and any further calls are ignored. calling `resolvePromise` with an asynchronously-rejected promise, then calling it again, both times synchronously via return from a rejected promise:
     Error: timeout of 200ms exceeded. Ensure the done() callback is being called in this test.
  

  632) 2.3.3: Otherwise, if `x` is an object or function, 2.3.3.3: If `then` is a function, call it with `x` as `this`, first argument `resolvePromise`, and second argument `rejectPromise` 2.3.3.3.3: If both `resolvePromise` and `rejectPromise` are called, or multiple calls to the same argument are made, the first call takes precedence, and any further calls are ignored. calling `rejectPromise` twice synchronously via return from a fulfilled promise:
     Error: timeout of 200ms exceeded. Ensure the done() callback is being called in this test.
  

  633) 2.3.3: Otherwise, if `x` is an object or function, 2.3.3.3: If `then` is a function, call it with `x` as `this`, first argument `resolvePromise`, and second argument `rejectPromise` 2.3.3.3.3: If both `resolvePromise` and `rejectPromise` are called, or multiple calls to the same argument are made, the first call takes precedence, and any further calls are ignored. calling `rejectPromise` twice synchronously via return from a rejected promise:
     Error: timeout of 200ms exceeded. Ensure the done() callback is being called in this test.
  

  634) 2.3.3: Otherwise, if `x` is an object or function, 2.3.3.3: If `then` is a function, call it with `x` as `this`, first argument `resolvePromise`, and second argument `rejectPromise` 2.3.3.3.3: If both `resolvePromise` and `rejectPromise` are called, or multiple calls to the same argument are made, the first call takes precedence, and any further calls are ignored. calling `rejectPromise` twice, first synchronously then asynchronously via return from a fulfilled promise:
     Error: timeout of 200ms exceeded. Ensure the done() callback is being called in this test.
  

  635) 2.3.3: Otherwise, if `x` is an object or function, 2.3.3.3: If `then` is a function, call it with `x` as `this`, first argument `resolvePromise`, and second argument `rejectPromise` 2.3.3.3.3: If both `resolvePromise` and `rejectPromise` are called, or multiple calls to the same argument are made, the first call takes precedence, and any further calls are ignored. calling `rejectPromise` twice, first synchronously then asynchronously via return from a rejected promise:
     Error: timeout of 200ms exceeded. Ensure the done() callback is being called in this test.
  

  636) 2.3.3: Otherwise, if `x` is an object or function, 2.3.3.3: If `then` is a function, call it with `x` as `this`, first argument `resolvePromise`, and second argument `rejectPromise` 2.3.3.3.3: If both `resolvePromise` and `rejectPromise` are called, or multiple calls to the same argument are made, the first call takes precedence, and any further calls are ignored. calling `rejectPromise` twice, both times asynchronously via return from a fulfilled promise:
     Error: timeout of 200ms exceeded. Ensure the done() callback is being called in this test.
  

  637) 2.3.3: Otherwise, if `x` is an object or function, 2.3.3.3: If `then` is a function, call it with `x` as `this`, first argument `resolvePromise`, and second argument `rejectPromise` 2.3.3.3.3: If both `resolvePromise` and `rejectPromise` are called, or multiple calls to the same argument are made, the first call takes precedence, and any further calls are ignored. calling `rejectPromise` twice, both times asynchronously via return from a rejected promise:
     Error: timeout of 200ms exceeded. Ensure the done() callback is being called in this test.
  

  638) 2.3.3: Otherwise, if `x` is an object or function, 2.3.3.3: If `then` is a function, call it with `x` as `this`, first argument `resolvePromise`, and second argument `rejectPromise` 2.3.3.3.3: If both `resolvePromise` and `rejectPromise` are called, or multiple calls to the same argument are made, the first call takes precedence, and any further calls are ignored. saving and abusing `resolvePromise` and `rejectPromise` via return from a fulfilled promise:
     Uncaught TypeError: savedResolvePromise is not a function
      at Timeout._onTimeout (node_modules/promises-aplus-tests/lib/tests/2.3.3.js:742:25)

  639) 2.3.3: Otherwise, if `x` is an object or function, 2.3.3.3: If `then` is a function, call it with `x` as `this`, first argument `resolvePromise`, and second argument `rejectPromise` 2.3.3.3.4: If calling `then` throws an exception `e`, 2.3.3.3.4.1: If `resolvePromise` or `rejectPromise` have been called, ignore it. `resolvePromise` was called with a non-thenable via return from a fulfilled promise:
     Uncaught TypeError: savedResolvePromise is not a function
      at Timeout._onTimeout (node_modules/promises-aplus-tests/lib/tests/2.3.3.js:742:25)

  640) 2.3.3: Otherwise, if `x` is an object or function, 2.3.3.4: If `then` is not a function, fulfill promise with `x` `then` is `5` via return from a fulfilled promise:
     Error: timeout of 200ms exceeded. Ensure the done() callback is being called in this test.
  

  641) 2.3.3: Otherwise, if `x` is an object or function, 2.3.3.3: If `then` is a function, call it with `x` as `this`, first argument `resolvePromise`, and second argument `rejectPromise` 2.3.3.3.4: If calling `then` throws an exception `e`, 2.3.3.3.4.1: If `resolvePromise` or `rejectPromise` have been called, ignore it. `resolvePromise` was called with an asynchronously-fulfilled promise via return from a fulfilled promise:
     Error: timeout of 200ms exceeded. Ensure the done() callback is being called in this test.
  

  642) 2.3.3: Otherwise, if `x` is an object or function, 2.3.3.4: If `then` is not a function, fulfill promise with `x` `then` is `5` via return from a rejected promise:
     Error: timeout of 200ms exceeded. Ensure the done() callback is being called in this test.
  

  643) 2.3.3: Otherwise, if `x` is an object or function, 2.3.3.3: If `then` is a function, call it with `x` as `this`, first argument `resolvePromise`, and second argument `rejectPromise` 2.3.3.3.4: If calling `then` throws an exception `e`, 2.3.3.3.4.1: If `resolvePromise` or `rejectPromise` have been called, ignore it. `resolvePromise` was called with an asynchronously-fulfilled promise via return from a rejected promise:
     Error: timeout of 200ms exceeded. Ensure the done() callback is being called in this test.
  

  644) 2.3.3: Otherwise, if `x` is an object or function, 2.3.3.4: If `then` is not a function, fulfill promise with `x` `then` is an object via return from a fulfilled promise:
     Error: timeout of 200ms exceeded. Ensure the done() callback is being called in this test.
  

  645) 2.3.3: Otherwise, if `x` is an object or function, 2.3.3.3: If `then` is a function, call it with `x` as `this`, first argument `resolvePromise`, and second argument `rejectPromise` 2.3.3.3.4: If calling `then` throws an exception `e`, 2.3.3.3.4.1: If `resolvePromise` or `rejectPromise` have been called, ignore it. `resolvePromise` was called with an asynchronously-rejected promise via return from a fulfilled promise:
     Error: timeout of 200ms exceeded. Ensure the done() callback is being called in this test.
  

  646) 2.3.3: Otherwise, if `x` is an object or function, 2.3.3.4: If `then` is not a function, fulfill promise with `x` `then` is an object via return from a rejected promise:
     Error: timeout of 200ms exceeded. Ensure the done() callback is being called in this test.
  

  647) 2.3.3: Otherwise, if `x` is an object or function, 2.3.3.3: If `then` is a function, call it with `x` as `this`, first argument `resolvePromise`, and second argument `rejectPromise` 2.3.3.3.4: If calling `then` throws an exception `e`, 2.3.3.3.4.1: If `resolvePromise` or `rejectPromise` have been called, ignore it. `resolvePromise` was called with an asynchronously-rejected promise via return from a rejected promise:
     Error: timeout of 200ms exceeded. Ensure the done() callback is being called in this test.
  

  648) 2.3.3: Otherwise, if `x` is an object or function, 2.3.3.4: If `then` is not a function, fulfill promise with `x` `then` is an array containing a function via return from a fulfilled promise:
     Error: timeout of 200ms exceeded. Ensure the done() callback is being called in this test.
  

  649) 2.3.3: Otherwise, if `x` is an object or function, 2.3.3.3: If `then` is a function, call it with `x` as `this`, first argument `resolvePromise`, and second argument `rejectPromise` 2.3.3.3.4: If calling `then` throws an exception `e`, 2.3.3.3.4.1: If `resolvePromise` or `rejectPromise` have been called, ignore it. `rejectPromise` was called via return from a fulfilled promise:
     Error: timeout of 200ms exceeded. Ensure the done() callback is being called in this test.
  

  650) 2.3.3: Otherwise, if `x` is an object or function, 2.3.3.4: If `then` is not a function, fulfill promise with `x` `then` is an array containing a function via return from a rejected promise:
     Error: timeout of 200ms exceeded. Ensure the done() callback is being called in this test.
  

  651) 2.3.3: Otherwise, if `x` is an object or function, 2.3.3.3: If `then` is a function, call it with `x` as `this`, first argument `resolvePromise`, and second argument `rejectPromise` 2.3.3.3.4: If calling `then` throws an exception `e`, 2.3.3.3.4.1: If `resolvePromise` or `rejectPromise` have been called, ignore it. `rejectPromise` was called via return from a rejected promise:
     Error: timeout of 200ms exceeded. Ensure the done() callback is being called in this test.
  

  652) 2.3.3: Otherwise, if `x` is an object or function, 2.3.3.4: If `then` is not a function, fulfill promise with `x` `then` is a regular expression via return from a fulfilled promise:
     Error: timeout of 200ms exceeded. Ensure the done() callback is being called in this test.
  

  653) 2.3.3: Otherwise, if `x` is an object or function, 2.3.3.3: If `then` is a function, call it with `x` as `this`, first argument `resolvePromise`, and second argument `rejectPromise` 2.3.3.3.4: If calling `then` throws an exception `e`, 2.3.3.3.4.1: If `resolvePromise` or `rejectPromise` have been called, ignore it. `resolvePromise` then `rejectPromise` were called via return from a fulfilled promise:
     Error: timeout of 200ms exceeded. Ensure the done() callback is being called in this test.
  

  654) 2.3.3: Otherwise, if `x` is an object or function, 2.3.3.4: If `then` is not a function, fulfill promise with `x` `then` is a regular expression via return from a rejected promise:
     Error: timeout of 200ms exceeded. Ensure the done() callback is being called in this test.
  

  655) 2.3.3: Otherwise, if `x` is an object or function, 2.3.3.3: If `then` is a function, call it with `x` as `this`, first argument `resolvePromise`, and second argument `rejectPromise` 2.3.3.3.4: If calling `then` throws an exception `e`, 2.3.3.3.4.1: If `resolvePromise` or `rejectPromise` have been called, ignore it. `resolvePromise` then `rejectPromise` were called via return from a rejected promise:
     Error: timeout of 200ms exceeded. Ensure the done() callback is being called in this test.
  

  656) 2.3.3: Otherwise, if `x` is an object or function, 2.3.3.4: If `then` is not a function, fulfill promise with `x` `then` is an object inheriting from `Function.prototype` via return from a fulfilled promise:
     Error: timeout of 200ms exceeded. Ensure the done() callback is being called in this test.
  

  657) 2.3.3: Otherwise, if `x` is an object or function, 2.3.3.3: If `then` is a function, call it with `x` as `this`, first argument `resolvePromise`, and second argument `rejectPromise` 2.3.3.3.4: If calling `then` throws an exception `e`, 2.3.3.3.4.1: If `resolvePromise` or `rejectPromise` have been called, ignore it. `rejectPromise` then `resolvePromise` were called via return from a fulfilled promise:
     Error: timeout of 200ms exceeded. Ensure the done() callback is being called in this test.
  

  658) 2.3.3: Otherwise, if `x` is an object or function, 2.3.3.4: If `then` is not a function, fulfill promise with `x` `then` is an object inheriting from `Function.prototype` via return from a rejected promise:
     Error: timeout of 200ms exceeded. Ensure the done() callback is being called in this test.
  

  659) 2.3.3: Otherwise, if `x` is an object or function, 2.3.3.3: If `then` is a function, call it with `x` as `this`, first argument `resolvePromise`, and second argument `rejectPromise` 2.3.3.3.4: If calling `then` throws an exception `e`, 2.3.3.3.4.1: If `resolvePromise` or `rejectPromise` have been called, ignore it. `rejectPromise` then `resolvePromise` were called via return from a rejected promise:
     Error: timeout of 200ms exceeded. Ensure the done() callback is being called in this test.
  

  660) 2.3.4: If `x` is not an object or function, fulfill `promise` with `x` The value is `null` already-fulfilled:
     Error: timeout of 200ms exceeded. Ensure the done() callback is being called in this test.
  

  661) 2.3.3: Otherwise, if `x` is an object or function, 2.3.3.3: If `then` is a function, call it with `x` as `this`, first argument `resolvePromise`, and second argument `rejectPromise` 2.3.3.3.4: If calling `then` throws an exception `e`, 2.3.3.3.4.2: Otherwise, reject `promise` with `e` as the reason. straightforward case via return from a fulfilled promise:
     Error: timeout of 200ms exceeded. Ensure the done() callback is being called in this test.
  

  662) 2.3.4: If `x` is not an object or function, fulfill `promise` with `x` The value is `null` immediately-fulfilled:
     Error: timeout of 200ms exceeded. Ensure the done() callback is being called in this test.
  

  663) 2.3.3: Otherwise, if `x` is an object or function, 2.3.3.3: If `then` is a function, call it with `x` as `this`, first argument `resolvePromise`, and second argument `rejectPromise` 2.3.3.3.4: If calling `then` throws an exception `e`, 2.3.3.3.4.2: Otherwise, reject `promise` with `e` as the reason. straightforward case via return from a rejected promise:
     Error: timeout of 200ms exceeded. Ensure the done() callback is being called in this test.
  

  664) 2.3.4: If `x` is not an object or function, fulfill `promise` with `x` The value is `null` eventually-fulfilled:
     Error: timeout of 200ms exceeded. Ensure the done() callback is being called in this test.
  

  665) 2.3.3: Otherwise, if `x` is an object or function, 2.3.3.3: If `then` is a function, call it with `x` as `this`, first argument `resolvePromise`, and second argument `rejectPromise` 2.3.3.3.4: If calling `then` throws an exception `e`, 2.3.3.3.4.2: Otherwise, reject `promise` with `e` as the reason. `resolvePromise` is called asynchronously before the `throw` via return from a fulfilled promise:
     Error: timeout of 200ms exceeded. Ensure the done() callback is being called in this test.
  

  666) 2.3.4: If `x` is not an object or function, fulfill `promise` with `x` The value is `null` already-rejected:
     Error: timeout of 200ms exceeded. Ensure the done() callback is being called in this test.
  

  667) 2.3.3: Otherwise, if `x` is an object or function, 2.3.3.3: If `then` is a function, call it with `x` as `this`, first argument `resolvePromise`, and second argument `rejectPromise` 2.3.3.3.4: If calling `then` throws an exception `e`, 2.3.3.3.4.2: Otherwise, reject `promise` with `e` as the reason. `resolvePromise` is called asynchronously before the `throw` via return from a rejected promise:
     Error: timeout of 200ms exceeded. Ensure the done() callback is being called in this test.
  

  668) 2.3.4: If `x` is not an object or function, fulfill `promise` with `x` The value is `null` immediately-rejected:
     Error: timeout of 200ms exceeded. Ensure the done() callback is being called in this test.
  

  669) 2.3.3: Otherwise, if `x` is an object or function, 2.3.3.3: If `then` is a function, call it with `x` as `this`, first argument `resolvePromise`, and second argument `rejectPromise` 2.3.3.3.4: If calling `then` throws an exception `e`, 2.3.3.3.4.2: Otherwise, reject `promise` with `e` as the reason. `rejectPromise` is called asynchronously before the `throw` via return from a fulfilled promise:
     Error: timeout of 200ms exceeded. Ensure the done() callback is being called in this test.
  

  670) 2.3.4: If `x` is not an object or function, fulfill `promise` with `x` The value is `null` eventually-rejected:
     Error: timeout of 200ms exceeded. Ensure the done() callback is being called in this test.
  

  671) 2.3.3: Otherwise, if `x` is an object or function, 2.3.3.3: If `then` is a function, call it with `x` as `this`, first argument `resolvePromise`, and second argument `rejectPromise` 2.3.3.3.4: If calling `then` throws an exception `e`, 2.3.3.3.4.2: Otherwise, reject `promise` with `e` as the reason. `rejectPromise` is called asynchronously before the `throw` via return from a rejected promise:
     Error: timeout of 200ms exceeded. Ensure the done() callback is being called in this test.
  

  672) 2.3.4: If `x` is not an object or function, fulfill `promise` with `x` The value is `false` already-fulfilled:
     Error: timeout of 200ms exceeded. Ensure the done() callback is being called in this test.
  



